Archive member included to satisfy reference by file (symbol)

/usr/lib/gcc/arm-none-eabi/11.2.0/../../../../arm-none-eabi/lib/thumb/v7e-m+fp/hard/libc.a(lib_a-atexit.o)
                              /usr/lib/gcc/arm-none-eabi/11.2.0/../../../../arm-none-eabi/lib/thumb/v7e-m+fp/hard/crt0.o (atexit)
/usr/lib/gcc/arm-none-eabi/11.2.0/../../../../arm-none-eabi/lib/thumb/v7e-m+fp/hard/libc.a(lib_a-exit.o)
                              /usr/lib/gcc/arm-none-eabi/11.2.0/../../../../arm-none-eabi/lib/thumb/v7e-m+fp/hard/crt0.o (exit)
/usr/lib/gcc/arm-none-eabi/11.2.0/../../../../arm-none-eabi/lib/thumb/v7e-m+fp/hard/libc.a(lib_a-fini.o)
                              /usr/lib/gcc/arm-none-eabi/11.2.0/../../../../arm-none-eabi/lib/thumb/v7e-m+fp/hard/crt0.o (__libc_fini_array)
/usr/lib/gcc/arm-none-eabi/11.2.0/../../../../arm-none-eabi/lib/thumb/v7e-m+fp/hard/libc.a(lib_a-impure.o)
                              /usr/lib/gcc/arm-none-eabi/11.2.0/../../../../arm-none-eabi/lib/thumb/v7e-m+fp/hard/libc.a(lib_a-exit.o) (_global_impure_ptr)
/usr/lib/gcc/arm-none-eabi/11.2.0/../../../../arm-none-eabi/lib/thumb/v7e-m+fp/hard/libc.a(lib_a-init.o)
                              /usr/lib/gcc/arm-none-eabi/11.2.0/../../../../arm-none-eabi/lib/thumb/v7e-m+fp/hard/crt0.o (__libc_init_array)
/usr/lib/gcc/arm-none-eabi/11.2.0/../../../../arm-none-eabi/lib/thumb/v7e-m+fp/hard/libc.a(lib_a-memset.o)
                              /usr/lib/gcc/arm-none-eabi/11.2.0/../../../../arm-none-eabi/lib/thumb/v7e-m+fp/hard/crt0.o (memset)
/usr/lib/gcc/arm-none-eabi/11.2.0/../../../../arm-none-eabi/lib/thumb/v7e-m+fp/hard/libc.a(lib_a-__atexit.o)
                              /usr/lib/gcc/arm-none-eabi/11.2.0/../../../../arm-none-eabi/lib/thumb/v7e-m+fp/hard/libc.a(lib_a-atexit.o) (__register_exitproc)
/usr/lib/gcc/arm-none-eabi/11.2.0/../../../../arm-none-eabi/lib/thumb/v7e-m+fp/hard/libc.a(lib_a-__call_atexit.o)
                              /usr/lib/gcc/arm-none-eabi/11.2.0/../../../../arm-none-eabi/lib/thumb/v7e-m+fp/hard/libc.a(lib_a-exit.o) (__call_exitprocs)
/usr/lib/gcc/arm-none-eabi/11.2.0/../../../../arm-none-eabi/lib/thumb/v7e-m+fp/hard/libc.a(lib_a-lock.o)
                              /usr/lib/gcc/arm-none-eabi/11.2.0/../../../../arm-none-eabi/lib/thumb/v7e-m+fp/hard/libc.a(lib_a-__atexit.o) (__retarget_lock_acquire_recursive)
/usr/lib/gcc/arm-none-eabi/11.2.0/../../../../arm-none-eabi/lib/thumb/v7e-m+fp/hard/libnosys.a(_exit.o)
                              /usr/lib/gcc/arm-none-eabi/11.2.0/../../../../arm-none-eabi/lib/thumb/v7e-m+fp/hard/libc.a(lib_a-exit.o) (_exit)
/usr/lib/gcc/arm-none-eabi/11.2.0/thumb/v7e-m+fp/hard/libgcc.a(_aeabi_ldivmod.o)
                              /home/ismoil/projects/MCU/st7789/st7789_cmsis_black_pill/build/build-st7789_cmsis_black_pill-STM32F401-Release/Release_STM32F40_555e120e1bd64c65/firmware.9bcf18e4/08e960b27d56c69f/main.c.o (__aeabi_ldivmod)
/usr/lib/gcc/arm-none-eabi/11.2.0/thumb/v7e-m+fp/hard/libgcc.a(_udivmoddi4.o)
                              /usr/lib/gcc/arm-none-eabi/11.2.0/thumb/v7e-m+fp/hard/libgcc.a(_aeabi_ldivmod.o) (__udivmoddi4)
/usr/lib/gcc/arm-none-eabi/11.2.0/thumb/v7e-m+fp/hard/libgcc.a(_dvmd_tls.o)
                              /usr/lib/gcc/arm-none-eabi/11.2.0/thumb/v7e-m+fp/hard/libgcc.a(_aeabi_ldivmod.o) (__aeabi_ldiv0)
/usr/lib/gcc/arm-none-eabi/11.2.0/../../../../arm-none-eabi/lib/thumb/v7e-m+fp/hard/libc_nano.a(lib_a-itoa.o)
                              /home/ismoil/projects/MCU/st7789/st7789_cmsis_black_pill/build/build-st7789_cmsis_black_pill-STM32F401-Release/Release_STM32F40_555e120e1bd64c65/firmware.9bcf18e4/08e960b27d56c69f/main.c.o (itoa)
/usr/lib/gcc/arm-none-eabi/11.2.0/../../../../arm-none-eabi/lib/thumb/v7e-m+fp/hard/libc_nano.a(lib_a-utoa.o)
                              /usr/lib/gcc/arm-none-eabi/11.2.0/../../../../arm-none-eabi/lib/thumb/v7e-m+fp/hard/libc_nano.a(lib_a-itoa.o) (__utoa)

Discarded input sections

 .text          0x0000000000000000        0x0 /usr/lib/gcc/arm-none-eabi/11.2.0/thumb/v7e-m+fp/hard/crti.o
 .data          0x0000000000000000        0x0 /usr/lib/gcc/arm-none-eabi/11.2.0/thumb/v7e-m+fp/hard/crti.o
 .bss           0x0000000000000000        0x0 /usr/lib/gcc/arm-none-eabi/11.2.0/thumb/v7e-m+fp/hard/crti.o
 .text          0x0000000000000000        0x0 /usr/lib/gcc/arm-none-eabi/11.2.0/thumb/v7e-m+fp/hard/crtbegin.o
 .data          0x0000000000000000        0x0 /usr/lib/gcc/arm-none-eabi/11.2.0/thumb/v7e-m+fp/hard/crtbegin.o
 .bss           0x0000000000000000        0x0 /usr/lib/gcc/arm-none-eabi/11.2.0/thumb/v7e-m+fp/hard/crtbegin.o
 .rodata.all_implied_fbits
                0x0000000000000000       0x24 /usr/lib/gcc/arm-none-eabi/11.2.0/thumb/v7e-m+fp/hard/crtbegin.o
 .data.__dso_handle
                0x0000000000000000        0x4 /usr/lib/gcc/arm-none-eabi/11.2.0/thumb/v7e-m+fp/hard/crtbegin.o
 .text          0x0000000000000000       0x70 /usr/lib/gcc/arm-none-eabi/11.2.0/../../../../arm-none-eabi/lib/thumb/v7e-m+fp/hard/crt0.o
[...]
Memory Configuration

Name             Origin             Length             Attributes
RAM              0x0000000020000000 0x0000000000010000 xrw
FLASH            0x0000000008000000 0x0000000000040000 xr
*default*        0x0000000000000000 0xffffffffffffffff

Linker script and memory map

LOAD /usr/lib/gcc/arm-none-eabi/11.2.0/thumb/v7e-m+fp/hard/crti.o
LOAD /usr/lib/gcc/arm-none-eabi/11.2.0/thumb/v7e-m+fp/hard/crtbegin.o
LOAD /usr/lib/gcc/arm-none-eabi/11.2.0/../../../../arm-none-eabi/lib/thumb/v7e-m+fp/hard/crt0.o
                0x0000000020010000                _estack = 0x20010000
                0x0000000000000200                _Min_Heap_Size = 0x200
                0x0000000000000400                _Min_Stack_Size = 0x400

.isr_vector     0x0000000008000000      0x194
                0x0000000008000000                . = ALIGN (0x4)
 *(.isr_vector)
 .isr_vector    0x0000000008000000      0x194 /home/ismoil/projects/MCU/st7789/st7789_cmsis_black_pill/build/build-st7789_cmsis_black_pill-STM32F401-Release/Release_STM32F40_555e120e1bd64c65/firmware.9bcf18e4/3a52ce780950d4d9/startup_stm32f401xc.s.o
                0x0000000008000000                g_pfnVectors
                0x0000000008000194                . = ALIGN (0x4)

.text           0x0000000008000194     0x116c
                0x0000000008000194                . = ALIGN (0x4)
 *(.text)
 .text          0x0000000008000194       0xa0 /usr/lib/gcc/arm-none-eabi/11.2.0/thumb/v7e-m+fp/hard/libgcc.a(_aeabi_ldivmod.o)
                0x0000000008000194                __aeabi_ldivmod
 .text          0x0000000008000234        0x4 /usr/lib/gcc/arm-none-eabi/11.2.0/thumb/v7e-m+fp/hard/libgcc.a(_dvmd_tls.o)
                0x0000000008000234                __aeabi_ldiv0
                0x0000000008000234                __aeabi_idiv0
 *(.text*)
 .text.__do_global_dtors_aux
                0x0000000008000238       0x24 /usr/lib/gcc/arm-none-eabi/11.2.0/thumb/v7e-m+fp/hard/crtbegin.o
 .text.frame_dummy
                0x000000000800025c       0x1c /usr/lib/gcc/arm-none-eabi/11.2.0/thumb/v7e-m+fp/hard/crtbegin.o
 .text.atexit   0x0000000008000278        0xc /usr/lib/gcc/arm-none-eabi/11.2.0/../../../../arm-none-eabi/lib/thumb/v7e-m+fp/hard/libc.a(lib_a-atexit.o)
                0x0000000008000278                atexit
 .text.__libc_fini_array
                0x0000000008000284       0x2c /usr/lib/gcc/arm-none-eabi/11.2.0/../../../../arm-none-eabi/lib/thumb/v7e-m+fp/hard/libc.a(lib_a-fini.o)
                0x0000000008000284                __libc_fini_array
 .text.__libc_init_array
                0x00000000080002b0       0x48 /usr/lib/gcc/arm-none-eabi/11.2.0/../../../../arm-none-eabi/lib/thumb/v7e-m+fp/hard/libc.a(lib_a-init.o)
                0x00000000080002b0                __libc_init_array
 .text.__register_exitproc
                0x00000000080002f8       0x84 /usr/lib/gcc/arm-none-eabi/11.2.0/../../../../arm-none-eabi/lib/thumb/v7e-m+fp/hard/libc.a(lib_a-__atexit.o)
                0x00000000080002f8                __register_exitproc
 .text.startup.register_fini
                0x000000000800037c       0x14 /usr/lib/gcc/arm-none-eabi/11.2.0/../../../../arm-none-eabi/lib/thumb/v7e-m+fp/hard/libc.a(lib_a-__call_atexit.o)
 .text.__retarget_lock_acquire_recursive
                0x0000000008000390        0x4 /usr/lib/gcc/arm-none-eabi/11.2.0/../../../../arm-none-eabi/lib/thumb/v7e-m+fp/hard/libc.a(lib_a-lock.o)
                0x0000000008000390                __retarget_lock_acquire_recursive
 .text.__retarget_lock_release_recursive
                0x0000000008000394        0x4 /usr/lib/gcc/arm-none-eabi/11.2.0/../../../../arm-none-eabi/lib/thumb/v7e-m+fp/hard/libc.a(lib_a-lock.o)
                0x0000000008000394                __retarget_lock_release_recursive
 .text.setupTimer
                0x0000000008000398       0x24 /home/ismoil/projects/MCU/st7789/st7789_cmsis_black_pill/build/build-st7789_cmsis_black_pill-STM32F401-Release/Release_STM32F40_555e120e1bd64c65/firmware.9bcf18e4/08e960b27d56c69f/main.c.o
                0x0000000008000398                setupTimer
 .text.st7789_GPIOInit
                0x00000000080003bc       0x88 /home/ismoil/projects/MCU/st7789/st7789_cmsis_black_pill/build/build-st7789_cmsis_black_pill-STM32F401-Release/Release_STM32F40_555e120e1bd64c65/firmware.9bcf18e4/08e960b27d56c69f/main.c.o
                0x00000000080003bc                st7789_GPIOInit
 .text.demoCycleColors
                0x0000000008000444       0xa2 /home/ismoil/projects/MCU/st7789/st7789_cmsis_black_pill/build/build-st7789_cmsis_black_pill-STM32F401-Release/Release_STM32F40_555e120e1bd64c65/firmware.9bcf18e4/08e960b27d56c69f/main.c.o
                0x0000000008000444                demoCycleColors
 .text.demoCheckboardDisplay
                0x00000000080004e6       0xc8 /home/ismoil/projects/MCU/st7789/st7789_cmsis_black_pill/build/build-st7789_cmsis_black_pill-STM32F401-Release/Release_STM32F40_555e120e1bd64c65/firmware.9bcf18e4/08e960b27d56c69f/main.c.o
                0x00000000080004e6                demoCheckboardDisplay
 .text.demoCheckboard
                0x00000000080005ae       0xd4 /home/ismoil/projects/MCU/st7789/st7789_cmsis_black_pill/build/build-st7789_cmsis_black_pill-STM32F401-Release/Release_STM32F40_555e120e1bd64c65/firmware.9bcf18e4/08e960b27d56c69f/main.c.o
                0x00000000080005ae                demoCheckboard
 .text.demoMandelbrotCalculateFast
                0x0000000008000682       0x42 /home/ismoil/projects/MCU/st7789/st7789_cmsis_black_pill/build/build-st7789_cmsis_black_pill-STM32F401-Release/Release_STM32F40_555e120e1bd64c65/firmware.9bcf18e4/08e960b27d56c69f/main.c.o
                0x0000000008000682                demoMandelbrotCalculateFast
 .text.demoMandelbrotDisplayFast
                0x00000000080006c4       0xe2 /home/ismoil/projects/MCU/st7789/st7789_cmsis_black_pill/build/build-st7789_cmsis_black_pill-STM32F401-Release/Release_STM32F40_555e120e1bd64c65/firmware.9bcf18e4/08e960b27d56c69f/main.c.o
                0x00000000080006c4                demoMandelbrotDisplayFast
 *fill*         0x00000000080007a6        0x2 
 .text.demoMandelbrotCalculate
                0x00000000080007a8       0xa4 /home/ismoil/projects/MCU/st7789/st7789_cmsis_black_pill/build/build-st7789_cmsis_black_pill-STM32F401-Release/Release_STM32F40_555e120e1bd64c65/firmware.9bcf18e4/08e960b27d56c69f/main.c.o
                0x00000000080007a8                demoMandelbrotCalculate
 .text.demoMandelbrotDisplay
                0x000000000800084c      0x130 /home/ismoil/projects/MCU/st7789/st7789_cmsis_black_pill/build/build-st7789_cmsis_black_pill-STM32F401-Release/Release_STM32F40_555e120e1bd64c65/firmware.9bcf18e4/08e960b27d56c69f/main.c.o
                0x000000000800084c                demoMandelbrotDisplay
 .text.demoMandelbrot
                0x000000000800097c      0x124 /home/ismoil/projects/MCU/st7789/st7789_cmsis_black_pill/build/build-st7789_cmsis_black_pill-STM32F401-Release/Release_STM32F40_555e120e1bd64c65/firmware.9bcf18e4/08e960b27d56c69f/main.c.o
                0x000000000800097c                demoMandelbrot
 .text.delay_ms
                0x0000000008000aa0       0x14 /home/ismoil/projects/MCU/st7789/st7789_cmsis_black_pill/build/build-st7789_cmsis_black_pill-STM32F401-Release/Release_STM32F40_555e120e1bd64c65/firmware.9bcf18e4/08e960b27d56c69f/main.c.o
                0x0000000008000aa0                delay_ms
 .text.GPIO_Init
                0x0000000008000ab4       0x34 /home/ismoil/projects/MCU/st7789/st7789_cmsis_black_pill/build/build-st7789_cmsis_black_pill-STM32F401-Release/Release_STM32F40_555e120e1bd64c65/firmware.9bcf18e4/08e960b27d56c69f/main.c.o
                0x0000000008000ab4                GPIO_Init
 .text.SetSysClkTo84
                0x0000000008000ae8       0xb0 /home/ismoil/projects/MCU/st7789/st7789_cmsis_black_pill/build/build-st7789_cmsis_black_pill-STM32F401-Release/Release_STM32F40_555e120e1bd64c65/firmware.9bcf18e4/08e960b27d56c69f/main.c.o
                0x0000000008000ae8                SetSysClkTo84
 .text.startup.main
                0x0000000008000b98       0x84 /home/ismoil/projects/MCU/st7789/st7789_cmsis_black_pill/build/build-st7789_cmsis_black_pill-STM32F401-Release/Release_STM32F40_555e120e1bd64c65/firmware.9bcf18e4/08e960b27d56c69f/main.c.o
                0x0000000008000b98                main
 .text.SysTick_Handler
                0x0000000008000c1c       0x10 /home/ismoil/projects/MCU/st7789/st7789_cmsis_black_pill/build/build-st7789_cmsis_black_pill-STM32F401-Release/Release_STM32F40_555e120e1bd64c65/firmware.9bcf18e4/08e960b27d56c69f/main.c.o
                0x0000000008000c1c                SysTick_Handler
 .text.st7789_WaitNanosecs
                0x0000000008000c2c       0x12 /home/ismoil/projects/MCU/st7789/st7789_cmsis_black_pill/build/build-st7789_cmsis_black_pill-STM32F401-Release/Release_STM32F40_555e120e1bd64c65/firmware.9bcf18e4/08e960b27d56c69f/st7789.c.o
                0x0000000008000c2c                st7789_WaitNanosecs
 *fill*         0x0000000008000c3e        0x2 
 .text.st7789_Reset
                0x0000000008000c40       0x2c /home/ismoil/projects/MCU/st7789/st7789_cmsis_black_pill/build/build-st7789_cmsis_black_pill-STM32F401-Release/Release_STM32F40_555e120e1bd64c65/firmware.9bcf18e4/08e960b27d56c69f/st7789.c.o
                0x0000000008000c40                st7789_Reset
 .text.st7789_StartCommand
                0x0000000008000c6c       0x10 /home/ismoil/projects/MCU/st7789/st7789_cmsis_black_pill/build/build-st7789_cmsis_black_pill-STM32F401-Release/Release_STM32F40_555e120e1bd64c65/firmware.9bcf18e4/08e960b27d56c69f/st7789.c.o
                0x0000000008000c6c                st7789_StartCommand
 .text.st7789_StartData
                0x0000000008000c7c       0x10 /home/ismoil/projects/MCU/st7789/st7789_cmsis_black_pill/build/build-st7789_cmsis_black_pill-STM32F401-Release/Release_STM32F40_555e120e1bd64c65/firmware.9bcf18e4/08e960b27d56c69f/st7789.c.o
                0x0000000008000c7c                st7789_StartData
 .text.st7789_WriteSpi
                0x0000000008000c8c       0x10 /home/ismoil/projects/MCU/st7789/st7789_cmsis_black_pill/build/build-st7789_cmsis_black_pill-STM32F401-Release/Release_STM32F40_555e120e1bd64c65/firmware.9bcf18e4/08e960b27d56c69f/st7789.c.o
                0x0000000008000c8c                st7789_WriteSpi
 .text.st7789_WriteDMA
                0x0000000008000c9c       0x50 /home/ismoil/projects/MCU/st7789/st7789_cmsis_black_pill/build/build-st7789_cmsis_black_pill-STM32F401-Release/Release_STM32F40_555e120e1bd64c65/firmware.9bcf18e4/08e960b27d56c69f/st7789.c.o
                0x0000000008000c9c                st7789_WriteDMA
 .text.st7789_WaitForDMA
                0x0000000008000cec       0x10 /home/ismoil/projects/MCU/st7789/st7789_cmsis_black_pill/build/build-st7789_cmsis_black_pill-STM32F401-Release/Release_STM32F40_555e120e1bd64c65/firmware.9bcf18e4/08e960b27d56c69f/st7789.c.o
                0x0000000008000cec                st7789_WaitForDMA
 .text.st7789_RunCommand
                0x0000000008000cfc       0x3c /home/ismoil/projects/MCU/st7789/st7789_cmsis_black_pill/build/build-st7789_cmsis_black_pill-STM32F401-Release/Release_STM32F40_555e120e1bd64c65/firmware.9bcf18e4/08e960b27d56c69f/st7789.c.o
                0x0000000008000cfc                st7789_RunCommand
 .text.st7789_RunCommands
                0x0000000008000d38       0x16 /home/ismoil/projects/MCU/st7789/st7789_cmsis_black_pill/build/build-st7789_cmsis_black_pill-STM32F401-Release/Release_STM32F40_555e120e1bd64c65/firmware.9bcf18e4/08e960b27d56c69f/st7789.c.o
                0x0000000008000d38                st7789_RunCommands
 .text.st7789_StartMemoryWrite
                0x0000000008000d4e       0x14 /home/ismoil/projects/MCU/st7789/st7789_cmsis_black_pill/build/build-st7789_cmsis_black_pill-STM32F401-Release/Release_STM32F40_555e120e1bd64c65/firmware.9bcf18e4/08e960b27d56c69f/st7789.c.o
                0x0000000008000d4e                st7789_StartMemoryWrite
 .text.st7789_SetWindow
                0x0000000008000d62       0x68 /home/ismoil/projects/MCU/st7789/st7789_cmsis_black_pill/build/build-st7789_cmsis_black_pill-STM32F401-Release/Release_STM32F40_555e120e1bd64c65/firmware.9bcf18e4/08e960b27d56c69f/st7789.c.o
                0x0000000008000d62                st7789_SetWindow
 .text.st7789_FillArea
                0x0000000008000dca       0x52 /home/ismoil/projects/MCU/st7789/st7789_cmsis_black_pill/build/build-st7789_cmsis_black_pill-STM32F401-Release/Release_STM32F40_555e120e1bd64c65/firmware.9bcf18e4/08e960b27d56c69f/st7789.c.o
                0x0000000008000dca                st7789_FillArea
 .text.st7789_Clear
                0x0000000008000e1c       0x14 /home/ismoil/projects/MCU/st7789/st7789_cmsis_black_pill/build/build-st7789_cmsis_black_pill-STM32F401-Release/Release_STM32F40_555e120e1bd64c65/firmware.9bcf18e4/08e960b27d56c69f/st7789.c.o
                0x0000000008000e1c                st7789_Clear
 .text.st7789_Init_1_3_LCD
                0x0000000008000e30      0x15c /home/ismoil/projects/MCU/st7789/st7789_cmsis_black_pill/build/build-st7789_cmsis_black_pill-STM32F401-Release/Release_STM32F40_555e120e1bd64c65/firmware.9bcf18e4/08e960b27d56c69f/st7789.c.o
                0x0000000008000e30                st7789_Init_1_3_LCD
 .text.st7789_RGBToColor
                0x0000000008000f8c       0x10 /home/ismoil/projects/MCU/st7789/st7789_cmsis_black_pill/build/build-st7789_cmsis_black_pill-STM32F401-Release/Release_STM32F40_555e120e1bd64c65/firmware.9bcf18e4/08e960b27d56c69f/st7789.c.o
                0x0000000008000f8c                st7789_RGBToColor
 .text.SystemInit
                0x0000000008000f9c       0x14 /home/ismoil/projects/MCU/st7789/st7789_cmsis_black_pill/build/build-st7789_cmsis_black_pill-STM32F401-Release/Release_STM32F40_555e120e1bd64c65/firmware.9bcf18e4/08e960b27d56c69f/system_stm32f4xx.c.o
                0x0000000008000f9c                SystemInit
 .text.SystemCoreClockUpdate
                0x0000000008000fb0       0x6c /home/ismoil/projects/MCU/st7789/st7789_cmsis_black_pill/build/build-st7789_cmsis_black_pill-STM32F401-Release/Release_STM32F40_555e120e1bd64c65/firmware.9bcf18e4/08e960b27d56c69f/system_stm32f4xx.c.o
                0x0000000008000fb0                SystemCoreClockUpdate
 .text.Reset_Handler
                0x000000000800101c       0x50 /home/ismoil/projects/MCU/st7789/st7789_cmsis_black_pill/build/build-st7789_cmsis_black_pill-STM32F401-Release/Release_STM32F40_555e120e1bd64c65/firmware.9bcf18e4/3a52ce780950d4d9/startup_stm32f401xc.s.o
                0x000000000800101c                Reset_Handler
 .text.Default_Handler
                0x000000000800106c        0x2 /home/ismoil/projects/MCU/st7789/st7789_cmsis_black_pill/build/build-st7789_cmsis_black_pill-STM32F401-Release/Release_STM32F40_555e120e1bd64c65/firmware.9bcf18e4/3a52ce780950d4d9/startup_stm32f401xc.s.o
                0x000000000800106c                RTC_Alarm_IRQHandler
                0x000000000800106c                EXTI2_IRQHandler
                0x000000000800106c                DebugMon_Handler
                0x000000000800106c                SPI4_IRQHandler
                0x000000000800106c                TIM1_CC_IRQHandler
                0x000000000800106c                DMA2_Stream5_IRQHandler
                0x000000000800106c                HardFault_Handler
                0x000000000800106c                DMA1_Stream5_IRQHandler
                0x000000000800106c                PVD_IRQHandler
                0x000000000800106c                SDIO_IRQHandler
                0x000000000800106c                TAMP_STAMP_IRQHandler
                0x000000000800106c                PendSV_Handler
                0x000000000800106c                NMI_Handler
                0x000000000800106c                EXTI3_IRQHandler
                0x000000000800106c                TIM1_UP_TIM10_IRQHandler
                0x000000000800106c                I2C3_ER_IRQHandler
                0x000000000800106c                EXTI0_IRQHandler
                0x000000000800106c                I2C2_EV_IRQHandler
                0x000000000800106c                DMA1_Stream2_IRQHandler
                0x000000000800106c                FPU_IRQHandler
                0x000000000800106c                UsageFault_Handler
                0x000000000800106c                DMA2_Stream2_IRQHandler
                0x000000000800106c                SPI1_IRQHandler
                0x000000000800106c                TIM1_BRK_TIM9_IRQHandler
                0x000000000800106c                DMA2_Stream3_IRQHandler
                0x000000000800106c                USART6_IRQHandler
                0x000000000800106c                DMA2_Stream0_IRQHandler
                0x000000000800106c                TIM4_IRQHandler
                0x000000000800106c                I2C1_EV_IRQHandler
                0x000000000800106c                DMA1_Stream6_IRQHandler
                0x000000000800106c                DMA1_Stream1_IRQHandler
                0x000000000800106c                TIM3_IRQHandler
                0x000000000800106c                RCC_IRQHandler
                0x000000000800106c                Default_Handler
                0x000000000800106c                EXTI15_10_IRQHandler
                0x000000000800106c                ADC_IRQHandler
                0x000000000800106c                DMA1_Stream7_IRQHandler
                0x000000000800106c                TIM5_IRQHandler
                0x000000000800106c                DMA2_Stream7_IRQHandler
                0x000000000800106c                I2C3_EV_IRQHandler
                0x000000000800106c                EXTI9_5_IRQHandler
                0x000000000800106c                RTC_WKUP_IRQHandler
                0x000000000800106c                SPI2_IRQHandler
                0x000000000800106c                MemManage_Handler
                0x000000000800106c                DMA1_Stream0_IRQHandler
                0x000000000800106c                SVC_Handler
                0x000000000800106c                EXTI4_IRQHandler
                0x000000000800106c                WWDG_IRQHandler
                0x000000000800106c                TIM2_IRQHandler
                0x000000000800106c                OTG_FS_WKUP_IRQHandler
                0x000000000800106c                TIM1_TRG_COM_TIM11_IRQHandler
                0x000000000800106c                EXTI1_IRQHandler
                0x000000000800106c                USART2_IRQHandler
                0x000000000800106c                I2C2_ER_IRQHandler
                0x000000000800106c                DMA2_Stream1_IRQHandler
                0x000000000800106c                FLASH_IRQHandler
                0x000000000800106c                DMA2_Stream4_IRQHandler
                0x000000000800106c                BusFault_Handler
                0x000000000800106c                USART1_IRQHandler
                0x000000000800106c                OTG_FS_IRQHandler
                0x000000000800106c                SPI3_IRQHandler
                0x000000000800106c                DMA1_Stream4_IRQHandler
                0x000000000800106c                I2C1_ER_IRQHandler
                0x000000000800106c                DMA2_Stream6_IRQHandler
                0x000000000800106c                DMA1_Stream3_IRQHandler
 .text.__udivmoddi4
                0x000000000800106e      0x27a /usr/lib/gcc/arm-none-eabi/11.2.0/thumb/v7e-m+fp/hard/libgcc.a(_udivmoddi4.o)
                0x000000000800106e                __udivmoddi4
 *(.glue_7)
 .glue_7        0x00000000080012e8        0x0 linker stubs
 *(.glue_7t)
 .glue_7t       0x00000000080012e8        0x0 linker stubs
 *(.eh_frame)
 .eh_frame      0x00000000080012e8        0x0 /usr/lib/gcc/arm-none-eabi/11.2.0/thumb/v7e-m+fp/hard/crtbegin.o
 *(.init)
 .init          0x00000000080012e8        0x4 /usr/lib/gcc/arm-none-eabi/11.2.0/thumb/v7e-m+fp/hard/crti.o
                0x00000000080012e8                _init
 .init          0x00000000080012ec        0x8 /usr/lib/gcc/arm-none-eabi/11.2.0/thumb/v7e-m+fp/hard/crtn.o
 *(.fini)
 .fini          0x00000000080012f4        0x4 /usr/lib/gcc/arm-none-eabi/11.2.0/thumb/v7e-m+fp/hard/crti.o
                0x00000000080012f4                _fini
 .fini          0x00000000080012f8        0x8 /usr/lib/gcc/arm-none-eabi/11.2.0/thumb/v7e-m+fp/hard/crtn.o
                0x0000000008001300                . = ALIGN (0x4)
                0x0000000008001300                _etext = .

.vfp11_veneer   0x0000000008001300        0x0
 .vfp11_veneer  0x0000000008001300        0x0 linker stubs

.v4_bx          0x0000000008001300        0x0
 .v4_bx         0x0000000008001300        0x0 linker stubs

.iplt           0x0000000008001300        0x0
 .iplt          0x0000000008001300        0x0 /usr/lib/gcc/arm-none-eabi/11.2.0/thumb/v7e-m+fp/hard/crtbegin.o

.rodata         0x0000000008001300       0x54
                0x0000000008001300                . = ALIGN (0x4)
 *(.rodata)
 .rodata        0x0000000008001300       0x2c /home/ismoil/projects/MCU/st7789/st7789_cmsis_black_pill/build/build-st7789_cmsis_black_pill-STM32F401-Release/Release_STM32F40_555e120e1bd64c65/firmware.9bcf18e4/08e960b27d56c69f/st7789.c.o
 *(.rodata*)
 .rodata._global_impure_ptr
                0x000000000800132c        0x4 /usr/lib/gcc/arm-none-eabi/11.2.0/../../../../arm-none-eabi/lib/thumb/v7e-m+fp/hard/libc.a(lib_a-impure.o)
                0x000000000800132c                _global_impure_ptr
 .rodata.st7789_Init_1_3_LCD.str1.1
                0x0000000008001330       0x12 /home/ismoil/projects/MCU/st7789/st7789_cmsis_black_pill/build/build-st7789_cmsis_black_pill-STM32F401-Release/Release_STM32F40_555e120e1bd64c65/firmware.9bcf18e4/08e960b27d56c69f/st7789.c.o
 .rodata.AHBPrescTable
                0x0000000008001342       0x10 /home/ismoil/projects/MCU/st7789/st7789_cmsis_black_pill/build/build-st7789_cmsis_black_pill-STM32F401-Release/Release_STM32F40_555e120e1bd64c65/firmware.9bcf18e4/08e960b27d56c69f/system_stm32f4xx.c.o
                0x0000000008001342                AHBPrescTable
                0x0000000008001354                . = ALIGN (0x4)
 *fill*         0x0000000008001352        0x2 

.ARM.extab
 *(.ARM.extab* .gnu.linkonce.armextab.*)

.ARM            0x0000000008001354        0x8
                0x0000000008001354                __exidx_start = .
 *(.ARM.exidx*)
 .ARM.exidx.text.__udivmoddi4
                0x0000000008001354        0x8 /usr/lib/gcc/arm-none-eabi/11.2.0/thumb/v7e-m+fp/hard/libgcc.a(_udivmoddi4.o)
                0x000000000800135c                __exidx_end = .

.rel.dyn        0x000000000800135c        0x0
 .rel.iplt      0x000000000800135c        0x0 /usr/lib/gcc/arm-none-eabi/11.2.0/thumb/v7e-m+fp/hard/crtbegin.o

.preinit_array  0x000000000800135c        0x0
                0x000000000800135c                PROVIDE (__preinit_array_start = .)
 *(.preinit_array*)
                0x000000000800135c                PROVIDE (__preinit_array_end = .)

.init_array     0x000000000800135c        0x8
                0x000000000800135c                PROVIDE (__init_array_start = .)
 *(SORT_BY_NAME(.init_array.*))
 .init_array.00000
                0x000000000800135c        0x4 /usr/lib/gcc/arm-none-eabi/11.2.0/../../../../arm-none-eabi/lib/thumb/v7e-m+fp/hard/libc.a(lib_a-__call_atexit.o)
 *(.init_array*)
 .init_array    0x0000000008001360        0x4 /usr/lib/gcc/arm-none-eabi/11.2.0/thumb/v7e-m+fp/hard/crtbegin.o
                0x0000000008001364                PROVIDE (__init_array_end = .)

.fini_array     0x0000000008001364        0x4
                0x0000000008001364                PROVIDE (__fini_array_start = .)
 *(SORT_BY_NAME(.fini_array.*))
 *(.fini_array*)
 .fini_array    0x0000000008001364        0x4 /usr/lib/gcc/arm-none-eabi/11.2.0/thumb/v7e-m+fp/hard/crtbegin.o
                0x0000000008001368                PROVIDE (__fini_array_end = .)
                0x0000000008001368                _sidata = LOADADDR (.data)

.data           0x0000000020000000      0x430 load address 0x0000000008001368
                0x0000000020000000                . = ALIGN (0x4)
                0x0000000020000000                _sdata = .
 *(.data)
 *(.data*)
 .data.impure_data
                0x0000000020000000      0x428 /usr/lib/gcc/arm-none-eabi/11.2.0/../../../../arm-none-eabi/lib/thumb/v7e-m+fp/hard/libc.a(lib_a-impure.o)
 .data.__atexit_recursive_mutex
                0x0000000020000428        0x4 /usr/lib/gcc/arm-none-eabi/11.2.0/../../../../arm-none-eabi/lib/thumb/v7e-m+fp/hard/libc.a(lib_a-__call_atexit.o)
                0x0000000020000428                __atexit_recursive_mutex
 .data.SystemCoreClock
                0x000000002000042c        0x4 /home/ismoil/projects/MCU/st7789/st7789_cmsis_black_pill/build/build-st7789_cmsis_black_pill-STM32F401-Release/Release_STM32F40_555e120e1bd64c65/firmware.9bcf18e4/08e960b27d56c69f/system_stm32f4xx.c.o
                0x000000002000042c                SystemCoreClock
                0x0000000020000430                . = ALIGN (0x4)
                0x0000000020000430                _edata = .

.igot.plt       0x0000000020000430        0x0 load address 0x0000000008001798
 .igot.plt      0x0000000020000430        0x0 /usr/lib/gcc/arm-none-eabi/11.2.0/thumb/v7e-m+fp/hard/crtbegin.o
                0x0000000020000430                . = ALIGN (0x4)

.bss            0x0000000020000430       0x24 load address 0x0000000008001798
                0x0000000020000430                _sbss = .
                0x0000000020000430                __bss_start__ = _sbss
 *(.bss)
 *(.bss*)
 .bss.completed.1
                0x0000000020000430        0x1 /usr/lib/gcc/arm-none-eabi/11.2.0/thumb/v7e-m+fp/hard/crtbegin.o
 *fill*         0x0000000020000431        0x3 
 .bss.object.0  0x0000000020000434       0x18 /usr/lib/gcc/arm-none-eabi/11.2.0/thumb/v7e-m+fp/hard/crtbegin.o
 .bss.__lock___atexit_recursive_mutex
                0x000000002000044c        0x1 /usr/lib/gcc/arm-none-eabi/11.2.0/../../../../arm-none-eabi/lib/thumb/v7e-m+fp/hard/libc.a(lib_a-lock.o)
                0x000000002000044c                __lock___atexit_recursive_mutex
 *fill*         0x000000002000044d        0x3 
 .bss.tick      0x0000000020000450        0x4 /home/ismoil/projects/MCU/st7789/st7789_cmsis_black_pill/build/build-st7789_cmsis_black_pill-STM32F401-Release/Release_STM32F40_555e120e1bd64c65/firmware.9bcf18e4/08e960b27d56c69f/main.c.o
                0x0000000020000450                tick
 *(COMMON)
                0x0000000020000454                . = ALIGN (0x4)
                0x0000000020000454                _ebss = .
                0x0000000020000454                __bss_end__ = _ebss

._user_heap_stack
                0x0000000020000454      0x604 load address 0x0000000008001798
                0x0000000020000458                . = ALIGN (0x8)
 *fill*         0x0000000020000454        0x4 
                [!provide]                        PROVIDE (end = .)
                [!provide]                        PROVIDE (_end = .)
                0x0000000020000658                . = (. + _Min_Heap_Size)
 *fill*         0x0000000020000458      0x200 
                0x0000000020000a58                . = (. + _Min_Stack_Size)
 *fill*         0x0000000020000658      0x400 
                0x0000000020000a58                . = ALIGN (0x8)

/DISCARD/
 libc.a(*)
 libm.a(*)
 libgcc.a(*)

.ARM.attributes
                0x0000000000000000       0x30
 *(.ARM.attributes)
 .ARM.attributes
                0x0000000000000000       0x1e /usr/lib/gcc/arm-none-eabi/11.2.0/thumb/v7e-m+fp/hard/crti.o
 .ARM.attributes
                0x000000000000001e       0x34 /usr/lib/gcc/arm-none-eabi/11.2.0/thumb/v7e-m+fp/hard/crtbegin.o
 .ARM.attributes
                0x0000000000000052       0x34 /home/ismoil/projects/MCU/st7789/st7789_cmsis_black_pill/build/build-st7789_cmsis_black_pill-STM32F401-Release/Release_STM32F40_555e120e1bd64c65/firmware.9bcf18e4/08e960b27d56c69f/main.c.o
 .ARM.attributes
                0x0000000000000086       0x34 /home/ismoil/projects/MCU/st7789/st7789_cmsis_black_pill/build/build-st7789_cmsis_black_pill-STM32F401-Release/Release_STM32F40_555e120e1bd64c65/firmware.9bcf18e4/08e960b27d56c69f/st7789.c.o
 .ARM.attributes
                0x00000000000000ba       0x34 /home/ismoil/projects/MCU/st7789/st7789_cmsis_black_pill/build/build-st7789_cmsis_black_pill-STM32F401-Release/Release_STM32F40_555e120e1bd64c65/firmware.9bcf18e4/08e960b27d56c69f/system_stm32f4xx.c.o
 .ARM.attributes
                0x00000000000000ee       0x21 /home/ismoil/projects/MCU/st7789/st7789_cmsis_black_pill/build/build-st7789_cmsis_black_pill-STM32F401-Release/Release_STM32F40_555e120e1bd64c65/firmware.9bcf18e4/3a52ce780950d4d9/startup_stm32f401xc.s.o
 .ARM.attributes
                0x000000000000010f       0x1e /usr/lib/gcc/arm-none-eabi/11.2.0/thumb/v7e-m+fp/hard/libgcc.a(_aeabi_ldivmod.o)
 .ARM.attributes
                0x000000000000012d       0x34 /usr/lib/gcc/arm-none-eabi/11.2.0/thumb/v7e-m+fp/hard/libgcc.a(_udivmoddi4.o)
 .ARM.attributes
                0x0000000000000161       0x1e /usr/lib/gcc/arm-none-eabi/11.2.0/thumb/v7e-m+fp/hard/libgcc.a(_dvmd_tls.o)
 .ARM.attributes
                0x000000000000017f       0x1e /usr/lib/gcc/arm-none-eabi/11.2.0/thumb/v7e-m+fp/hard/crtn.o
LOAD /home/ismoil/projects/MCU/st7789/st7789_cmsis_black_pill/build/build-st7789_cmsis_black_pill-STM32F401-Release/Release_STM32F40_555e120e1bd64c65/firmware.9bcf18e4/08e960b27d56c69f/main.c.o
LOAD /home/ismoil/projects/MCU/st7789/st7789_cmsis_black_pill/build/build-st7789_cmsis_black_pill-STM32F401-Release/Release_STM32F40_555e120e1bd64c65/firmware.9bcf18e4/08e960b27d56c69f/st7789.c.o
LOAD /home/ismoil/projects/MCU/st7789/st7789_cmsis_black_pill/build/build-st7789_cmsis_black_pill-STM32F401-Release/Release_STM32F40_555e120e1bd64c65/firmware.9bcf18e4/08e960b27d56c69f/svc.c.o
LOAD /home/ismoil/projects/MCU/st7789/st7789_cmsis_black_pill/build/build-st7789_cmsis_black_pill-STM32F401-Release/Release_STM32F40_555e120e1bd64c65/firmware.9bcf18e4/08e960b27d56c69f/system_stm32f4xx.c.o
LOAD /home/ismoil/projects/MCU/st7789/st7789_cmsis_black_pill/build/build-st7789_cmsis_black_pill-STM32F401-Release/Release_STM32F40_555e120e1bd64c65/firmware.9bcf18e4/3a52ce780950d4d9/startup_stm32f401xc.s.o
LOAD /usr/lib/gcc/arm-none-eabi/11.2.0/../../../../arm-none-eabi/lib/thumb/v7e-m+fp/hard/libnosys.a
LOAD /usr/lib/gcc/arm-none-eabi/11.2.0/thumb/v7e-m+fp/hard/libgcc.a
LOAD /usr/lib/gcc/arm-none-eabi/11.2.0/../../../../arm-none-eabi/lib/thumb/v7e-m+fp/hard/libc_nano.a
START GROUP
LOAD /usr/lib/gcc/arm-none-eabi/11.2.0/thumb/v7e-m+fp/hard/libgcc.a
LOAD /usr/lib/gcc/arm-none-eabi/11.2.0/../../../../arm-none-eabi/lib/thumb/v7e-m+fp/hard/libc_nano.a
END GROUP
START GROUP
LOAD /usr/lib/gcc/arm-none-eabi/11.2.0/thumb/v7e-m+fp/hard/libgcc.a
LOAD /usr/lib/gcc/arm-none-eabi/11.2.0/../../../../arm-none-eabi/lib/thumb/v7e-m+fp/hard/libc_nano.a
LOAD /usr/lib/gcc/arm-none-eabi/11.2.0/../../../../arm-none-eabi/lib/thumb/v7e-m+fp/hard/libnosys.a
END GROUP
START GROUP
LOAD /usr/lib/gcc/arm-none-eabi/11.2.0/thumb/v7e-m+fp/hard/libgcc.a
LOAD /usr/lib/gcc/arm-none-eabi/11.2.0/../../../../arm-none-eabi/lib/thumb/v7e-m+fp/hard/libc_nano.a
LOAD /usr/lib/gcc/arm-none-eabi/11.2.0/../../../../arm-none-eabi/lib/thumb/v7e-m+fp/hard/libnosys.a
END GROUP
LOAD /usr/lib/gcc/arm-none-eabi/11.2.0/thumb/v7e-m+fp/hard/crtend.o
LOAD /usr/lib/gcc/arm-none-eabi/11.2.0/thumb/v7e-m+fp/hard/crtn.o
OUTPUT(/home/ismoil/projects/MCU/st7789/st7789_cmsis_black_pill/build/build-st7789_cmsis_black_pill-STM32F401-Release/Release_STM32F40_555e120e1bd64c65/firmware.9bcf18e4/firmware.elf elf32-littlearm)
LOAD linker stubs
LOAD /usr/lib/gcc/arm-none-eabi/11.2.0/../../../../arm-none-eabi/lib/thumb/v7e-m+fp/hard/libc.a
LOAD /usr/lib/gcc/arm-none-eabi/11.2.0/../../../../arm-none-eabi/lib/thumb/v7e-m+fp/hard/libm.a
LOAD /usr/lib/gcc/arm-none-eabi/11.2.0/thumb/v7e-m+fp/hard/libgcc.a

.comment        0x0000000000000000       0x1e
 .comment       0x0000000000000000       0x1e /home/ismoil/projects/MCU/st7789/st7789_cmsis_black_pill/build/build-st7789_cmsis_black_pill-STM32F401-Release/Release_STM32F40_555e120e1bd64c65/firmware.9bcf18e4/08e960b27d56c69f/main.c.o
                                         0x1f (size before relaxing)
 .comment       0x000000000000001e       0x1f /home/ismoil/projects/MCU/st7789/st7789_cmsis_black_pill/build/build-st7789_cmsis_black_pill-STM32F401-Release/Release_STM32F40_555e120e1bd64c65/firmware.9bcf18e4/08e960b27d56c69f/st7789.c.o
 .comment       0x000000000000001e       0x1f /home/ismoil/projects/MCU/st7789/st7789_cmsis_black_pill/build/build-st7789_cmsis_black_pill-STM32F401-Release/Release_STM32F40_555e120e1bd64c65/firmware.9bcf18e4/08e960b27d56c69f/system_stm32f4xx.c.o
 .comment       0x000000000000001e       0x1f /usr/lib/gcc/arm-none-eabi/11.2.0/thumb/v7e-m+fp/hard/libgcc.a(_udivmoddi4.o)

.debug_line     0x0000000000000000      0x5d8
 .debug_line    0x0000000000000000       0x6c /usr/lib/gcc/arm-none-eabi/11.2.0/thumb/v7e-m+fp/hard/libgcc.a(_aeabi_ldivmod.o)
 .debug_line    0x000000000000006c      0x522 /usr/lib/gcc/arm-none-eabi/11.2.0/thumb/v7e-m+fp/hard/libgcc.a(_udivmoddi4.o)
 .debug_line    0x000000000000058e       0x4a /usr/lib/gcc/arm-none-eabi/11.2.0/thumb/v7e-m+fp/hard/libgcc.a(_dvmd_tls.o)

.debug_line_str
                0x0000000000000000       0x4e
 .debug_line_str
                0x0000000000000000       0x42 /usr/lib/gcc/arm-none-eabi/11.2.0/thumb/v7e-m+fp/hard/libgcc.a(_aeabi_ldivmod.o)
                                         0x84 (size before relaxing)
 .debug_line_str
                0x0000000000000042        0xc /usr/lib/gcc/arm-none-eabi/11.2.0/thumb/v7e-m+fp/hard/libgcc.a(_dvmd_tls.o)
                                         0x8c (size before relaxing)

.debug_info     0x0000000000000000      0x72d
 .debug_info    0x0000000000000000       0x25 /usr/lib/gcc/arm-none-eabi/11.2.0/thumb/v7e-m+fp/hard/libgcc.a(_aeabi_ldivmod.o)
 .debug_info    0x0000000000000025      0x6e4 /usr/lib/gcc/arm-none-eabi/11.2.0/thumb/v7e-m+fp/hard/libgcc.a(_udivmoddi4.o)
 .debug_info    0x0000000000000709       0x24 /usr/lib/gcc/arm-none-eabi/11.2.0/thumb/v7e-m+fp/hard/libgcc.a(_dvmd_tls.o)

.debug_abbrev   0x0000000000000000      0x1a1
 .debug_abbrev  0x0000000000000000       0x14 /usr/lib/gcc/arm-none-eabi/11.2.0/thumb/v7e-m+fp/hard/libgcc.a(_aeabi_ldivmod.o)
 .debug_abbrev  0x0000000000000014      0x179 /usr/lib/gcc/arm-none-eabi/11.2.0/thumb/v7e-m+fp/hard/libgcc.a(_udivmoddi4.o)
 .debug_abbrev  0x000000000000018d       0x14 /usr/lib/gcc/arm-none-eabi/11.2.0/thumb/v7e-m+fp/hard/libgcc.a(_dvmd_tls.o)

.debug_aranges  0x0000000000000000       0x60
 .debug_aranges
                0x0000000000000000       0x20 /usr/lib/gcc/arm-none-eabi/11.2.0/thumb/v7e-m+fp/hard/libgcc.a(_aeabi_ldivmod.o)
 .debug_aranges
                0x0000000000000020       0x20 /usr/lib/gcc/arm-none-eabi/11.2.0/thumb/v7e-m+fp/hard/libgcc.a(_udivmoddi4.o)
 .debug_aranges
                0x0000000000000040       0x20 /usr/lib/gcc/arm-none-eabi/11.2.0/thumb/v7e-m+fp/hard/libgcc.a(_dvmd_tls.o)

.debug_str      0x0000000000000000      0x639
 .debug_str     0x0000000000000000       0x66 /usr/lib/gcc/arm-none-eabi/11.2.0/thumb/v7e-m+fp/hard/libgcc.a(_aeabi_ldivmod.o)
 .debug_str     0x0000000000000066      0x5c7 /usr/lib/gcc/arm-none-eabi/11.2.0/thumb/v7e-m+fp/hard/libgcc.a(_udivmoddi4.o)
                                        0x66b (size before relaxing)
 .debug_str     0x000000000000062d        0xc /usr/lib/gcc/arm-none-eabi/11.2.0/thumb/v7e-m+fp/hard/libgcc.a(_dvmd_tls.o)
                                         0x6a (size before relaxing)

.debug_frame    0x0000000000000000       0x78
 .debug_frame   0x0000000000000000       0x44 /usr/lib/gcc/arm-none-eabi/11.2.0/thumb/v7e-m+fp/hard/libgcc.a(_aeabi_ldivmod.o)
 .debug_frame   0x0000000000000044       0x34 /usr/lib/gcc/arm-none-eabi/11.2.0/thumb/v7e-m+fp/hard/libgcc.a(_udivmoddi4.o)

.debug_loclists
                0x0000000000000000      0x81d
 .debug_loclists
                0x0000000000000000      0x81d /usr/lib/gcc/arm-none-eabi/11.2.0/thumb/v7e-m+fp/hard/libgcc.a(_udivmoddi4.o)

.debug_rnglists
                0x0000000000000000       0x71
 .debug_rnglists
                0x0000000000000000       0x71 /usr/lib/gcc/arm-none-eabi/11.2.0/thumb/v7e-m+fp/hard/libgcc.a(_udivmoddi4.o)

Cross Reference Table

Symbol                                            File
ADC_IRQHandler                                    /home/ismoil/projects/MCU/st7789/st7789_cmsis_black_pill/build/build-st7789_cmsis_black_pill-STM32F401-Release/Release_STM32F40_555e120e1bd64c65/firmware.9bcf18e4/3a52ce780950d4d9/startup_stm32f401xc.s.o
AHBPrescTable                                     /home/ismoil/projects/MCU/st7789/st7789_cmsis_black_pill/build/build-st7789_cmsis_black_pill-STM32F401-Release/Release_STM32F40_555e120e1bd64c65/firmware.9bcf18e4/08e960b27d56c69f/system_stm32f4xx.c.o
APBPrescTable                                     /home/ismoil/projects/MCU/st7789/st7789_cmsis_black_pill/build/build-st7789_cmsis_black_pill-STM32F401-Release/Release_STM32F40_555e120e1bd64c65/firmware.9bcf18e4/08e960b27d56c69f/system_stm32f4xx.c.o
BusFault_Handler                                  /home/ismoil/projects/MCU/st7789/st7789_cmsis_black_pill/build/build-st7789_cmsis_black_pill-STM32F401-Release/Release_STM32F40_555e120e1bd64c65/firmware.9bcf18e4/3a52ce780950d4d9/startup_stm32f401xc.s.o
DMA1_Stream0_IRQHandler                           /home/ismoil/projects/MCU/st7789/st7789_cmsis_black_pill/build/build-st7789_cmsis_black_pill-STM32F401-Release/Release_STM32F40_555e120e1bd64c65/firmware.9bcf18e4/3a52ce780950d4d9/startup_stm32f401xc.s.o
DMA1_Stream1_IRQHandler                           /home/ismoil/projects/MCU/st7789/st7789_cmsis_black_pill/build/build-st7789_cmsis_black_pill-STM32F401-Release/Release_STM32F40_555e120e1bd64c65/firmware.9bcf18e4/3a52ce780950d4d9/startup_stm32f401xc.s.o
DMA1_Stream2_IRQHandler                           /home/ismoil/projects/MCU/st7789/st7789_cmsis_black_pill/build/build-st7789_cmsis_black_pill-STM32F401-Release/Release_STM32F40_555e120e1bd64c65/firmware.9bcf18e4/3a52ce780950d4d9/startup_stm32f401xc.s.o
DMA1_Stream3_IRQHandler                           /home/ismoil/projects/MCU/st7789/st7789_cmsis_black_pill/build/build-st7789_cmsis_black_pill-STM32F401-Release/Release_STM32F40_555e120e1bd64c65/firmware.9bcf18e4/3a52ce780950d4d9/startup_stm32f401xc.s.o
DMA1_Stream4_IRQHandler                           /home/ismoil/projects/MCU/st7789/st7789_cmsis_black_pill/build/build-st7789_cmsis_black_pill-STM32F401-Release/Release_STM32F40_555e120e1bd64c65/firmware.9bcf18e4/3a52ce780950d4d9/startup_stm32f401xc.s.o
DMA1_Stream5_IRQHandler                           /home/ismoil/projects/MCU/st7789/st7789_cmsis_black_pill/build/build-st7789_cmsis_black_pill-STM32F401-Release/Release_STM32F40_555e120e1bd64c65/firmware.9bcf18e4/3a52ce780950d4d9/startup_stm32f401xc.s.o
DMA1_Stream6_IRQHandler                           /home/ismoil/projects/MCU/st7789/st7789_cmsis_black_pill/build/build-st7789_cmsis_black_pill-STM32F401-Release/Release_STM32F40_555e120e1bd64c65/firmware.9bcf18e4/3a52ce780950d4d9/startup_stm32f401xc.s.o
DMA1_Stream7_IRQHandler                           /home/ismoil/projects/MCU/st7789/st7789_cmsis_black_pill/build/build-st7789_cmsis_black_pill-STM32F401-Release/Release_STM32F40_555e120e1bd64c65/firmware.9bcf18e4/3a52ce780950d4d9/startup_stm32f401xc.s.o
DMA2_Stream0_IRQHandler                           /home/ismoil/projects/MCU/st7789/st7789_cmsis_black_pill/build/build-st7789_cmsis_black_pill-STM32F401-Release/Release_STM32F40_555e120e1bd64c65/firmware.9bcf18e4/3a52ce780950d4d9/startup_stm32f401xc.s.o
DMA2_Stream1_IRQHandler                           /home/ismoil/projects/MCU/st7789/st7789_cmsis_black_pill/build/build-st7789_cmsis_black_pill-STM32F401-Release/Release_STM32F40_555e120e1bd64c65/firmware.9bcf18e4/3a52ce780950d4d9/startup_stm32f401xc.s.o
DMA2_Stream2_IRQHandler                           /home/ismoil/projects/MCU/st7789/st7789_cmsis_black_pill/build/build-st7789_cmsis_black_pill-STM32F401-Release/Release_STM32F40_555e120e1bd64c65/firmware.9bcf18e4/3a52ce780950d4d9/startup_stm32f401xc.s.o
DMA2_Stream3_IRQHandler                           /home/ismoil/projects/MCU/st7789/st7789_cmsis_black_pill/build/build-st7789_cmsis_black_pill-STM32F401-Release/Release_STM32F40_555e120e1bd64c65/firmware.9bcf18e4/3a52ce780950d4d9/startup_stm32f401xc.s.o
DMA2_Stream4_IRQHandler                           /home/ismoil/projects/MCU/st7789/st7789_cmsis_black_pill/build/build-st7789_cmsis_black_pill-STM32F401-Release/Release_STM32F40_555e120e1bd64c65/firmware.9bcf18e4/3a52ce780950d4d9/startup_stm32f401xc.s.o
DMA2_Stream5_IRQHandler                           /home/ismoil/projects/MCU/st7789/st7789_cmsis_black_pill/build/build-st7789_cmsis_black_pill-STM32F401-Release/Release_STM32F40_555e120e1bd64c65/firmware.9bcf18e4/3a52ce780950d4d9/startup_stm32f401xc.s.o
DMA2_Stream6_IRQHandler                           /home/ismoil/projects/MCU/st7789/st7789_cmsis_black_pill/build/build-st7789_cmsis_black_pill-STM32F401-Release/Release_STM32F40_555e120e1bd64c65/firmware.9bcf18e4/3a52ce780950d4d9/startup_stm32f401xc.s.o
DMA2_Stream7_IRQHandler                           /home/ismoil/projects/MCU/st7789/st7789_cmsis_black_pill/build/build-st7789_cmsis_black_pill-STM32F401-Release/Release_STM32F40_555e120e1bd64c65/firmware.9bcf18e4/3a52ce780950d4d9/startup_stm32f401xc.s.o
DebugMon_Handler                                  /home/ismoil/projects/MCU/st7789/st7789_cmsis_black_pill/build/build-st7789_cmsis_black_pill-STM32F401-Release/Release_STM32F40_555e120e1bd64c65/firmware.9bcf18e4/3a52ce780950d4d9/startup_stm32f401xc.s.o
Default_Handler                                   /home/ismoil/projects/MCU/st7789/st7789_cmsis_black_pill/build/build-st7789_cmsis_black_pill-STM32F401-Release/Release_STM32F40_555e120e1bd64c65/firmware.9bcf18e4/3a52ce780950d4d9/startup_stm32f401xc.s.o
EXTI0_IRQHandler                                  /home/ismoil/projects/MCU/st7789/st7789_cmsis_black_pill/build/build-st7789_cmsis_black_pill-STM32F401-Release/Release_STM32F40_555e120e1bd64c65/firmware.9bcf18e4/3a52ce780950d4d9/startup_stm32f401xc.s.o
EXTI15_10_IRQHandler                              /home/ismoil/projects/MCU/st7789/st7789_cmsis_black_pill/build/build-st7789_cmsis_black_pill-STM32F401-Release/Release_STM32F40_555e120e1bd64c65/firmware.9bcf18e4/3a52ce780950d4d9/startup_stm32f401xc.s.o
EXTI1_IRQHandler                                  /home/ismoil/projects/MCU/st7789/st7789_cmsis_black_pill/build/build-st7789_cmsis_black_pill-STM32F401-Release/Release_STM32F40_555e120e1bd64c65/firmware.9bcf18e4/3a52ce780950d4d9/startup_stm32f401xc.s.o
EXTI2_IRQHandler                                  /home/ismoil/projects/MCU/st7789/st7789_cmsis_black_pill/build/build-st7789_cmsis_black_pill-STM32F401-Release/Release_STM32F40_555e120e1bd64c65/firmware.9bcf18e4/3a52ce780950d4d9/startup_stm32f401xc.s.o
EXTI3_IRQHandler                                  /home/ismoil/projects/MCU/st7789/st7789_cmsis_black_pill/build/build-st7789_cmsis_black_pill-STM32F401-Release/Release_STM32F40_555e120e1bd64c65/firmware.9bcf18e4/3a52ce780950d4d9/startup_stm32f401xc.s.o
EXTI4_IRQHandler                                  /home/ismoil/projects/MCU/st7789/st7789_cmsis_black_pill/build/build-st7789_cmsis_black_pill-STM32F401-Release/Release_STM32F40_555e120e1bd64c65/firmware.9bcf18e4/3a52ce780950d4d9/startup_stm32f401xc.s.o
EXTI9_5_IRQHandler                                /home/ismoil/projects/MCU/st7789/st7789_cmsis_black_pill/build/build-st7789_cmsis_black_pill-STM32F401-Release/Release_STM32F40_555e120e1bd64c65/firmware.9bcf18e4/3a52ce780950d4d9/startup_stm32f401xc.s.o
FLASH_IRQHandler                                  /home/ismoil/projects/MCU/st7789/st7789_cmsis_black_pill/build/build-st7789_cmsis_black_pill-STM32F401-Release/Release_STM32F40_555e120e1bd64c65/firmware.9bcf18e4/3a52ce780950d4d9/startup_stm32f401xc.s.o
FPU_IRQHandler                                    /home/ismoil/projects/MCU/st7789/st7789_cmsis_black_pill/build/build-st7789_cmsis_black_pill-STM32F401-Release/Release_STM32F40_555e120e1bd64c65/firmware.9bcf18e4/3a52ce780950d4d9/startup_stm32f401xc.s.o
GPIO_Init                                         /home/ismoil/projects/MCU/st7789/st7789_cmsis_black_pill/build/build-st7789_cmsis_black_pill-STM32F401-Release/Release_STM32F40_555e120e1bd64c65/firmware.9bcf18e4/08e960b27d56c69f/main.c.o
HardFault_Handler                                 /home/ismoil/projects/MCU/st7789/st7789_cmsis_black_pill/build/build-st7789_cmsis_black_pill-STM32F401-Release/Release_STM32F40_555e120e1bd64c65/firmware.9bcf18e4/3a52ce780950d4d9/startup_stm32f401xc.s.o
I2C1_ER_IRQHandler                                /home/ismoil/projects/MCU/st7789/st7789_cmsis_black_pill/build/build-st7789_cmsis_black_pill-STM32F401-Release/Release_STM32F40_555e120e1bd64c65/firmware.9bcf18e4/3a52ce780950d4d9/startup_stm32f401xc.s.o
I2C1_EV_IRQHandler                                /home/ismoil/projects/MCU/st7789/st7789_cmsis_black_pill/build/build-st7789_cmsis_black_pill-STM32F401-Release/Release_STM32F40_555e120e1bd64c65/firmware.9bcf18e4/3a52ce780950d4d9/startup_stm32f401xc.s.o
I2C2_ER_IRQHandler                                /home/ismoil/projects/MCU/st7789/st7789_cmsis_black_pill/build/build-st7789_cmsis_black_pill-STM32F401-Release/Release_STM32F40_555e120e1bd64c65/firmware.9bcf18e4/3a52ce780950d4d9/startup_stm32f401xc.s.o
I2C2_EV_IRQHandler                                /home/ismoil/projects/MCU/st7789/st7789_cmsis_black_pill/build/build-st7789_cmsis_black_pill-STM32F401-Release/Release_STM32F40_555e120e1bd64c65/firmware.9bcf18e4/3a52ce780950d4d9/startup_stm32f401xc.s.o
I2C3_ER_IRQHandler                                /home/ismoil/projects/MCU/st7789/st7789_cmsis_black_pill/build/build-st7789_cmsis_black_pill-STM32F401-Release/Release_STM32F40_555e120e1bd64c65/firmware.9bcf18e4/3a52ce780950d4d9/startup_stm32f401xc.s.o
I2C3_EV_IRQHandler                                /home/ismoil/projects/MCU/st7789/st7789_cmsis_black_pill/build/build-st7789_cmsis_black_pill-STM32F401-Release/Release_STM32F40_555e120e1bd64c65/firmware.9bcf18e4/3a52ce780950d4d9/startup_stm32f401xc.s.o
MemManage_Handler                                 /home/ismoil/projects/MCU/st7789/st7789_cmsis_black_pill/build/build-st7789_cmsis_black_pill-STM32F401-Release/Release_STM32F40_555e120e1bd64c65/firmware.9bcf18e4/3a52ce780950d4d9/startup_stm32f401xc.s.o
NMI_Handler                                       /home/ismoil/projects/MCU/st7789/st7789_cmsis_black_pill/build/build-st7789_cmsis_black_pill-STM32F401-Release/Release_STM32F40_555e120e1bd64c65/firmware.9bcf18e4/3a52ce780950d4d9/startup_stm32f401xc.s.o
OTG_FS_IRQHandler                                 /home/ismoil/projects/MCU/st7789/st7789_cmsis_black_pill/build/build-st7789_cmsis_black_pill-STM32F401-Release/Release_STM32F40_555e120e1bd64c65/firmware.9bcf18e4/3a52ce780950d4d9/startup_stm32f401xc.s.o
OTG_FS_WKUP_IRQHandler                            /home/ismoil/projects/MCU/st7789/st7789_cmsis_black_pill/build/build-st7789_cmsis_black_pill-STM32F401-Release/Release_STM32F40_555e120e1bd64c65/firmware.9bcf18e4/3a52ce780950d4d9/startup_stm32f401xc.s.o
PVD_IRQHandler                                    /home/ismoil/projects/MCU/st7789/st7789_cmsis_black_pill/build/build-st7789_cmsis_black_pill-STM32F401-Release/Release_STM32F40_555e120e1bd64c65/firmware.9bcf18e4/3a52ce780950d4d9/startup_stm32f401xc.s.o
PendSV_Handler                                    /home/ismoil/projects/MCU/st7789/st7789_cmsis_black_pill/build/build-st7789_cmsis_black_pill-STM32F401-Release/Release_STM32F40_555e120e1bd64c65/firmware.9bcf18e4/3a52ce780950d4d9/startup_stm32f401xc.s.o
RCC_IRQHandler                                    /home/ismoil/projects/MCU/st7789/st7789_cmsis_black_pill/build/build-st7789_cmsis_black_pill-STM32F401-Release/Release_STM32F40_555e120e1bd64c65/firmware.9bcf18e4/3a52ce780950d4d9/startup_stm32f401xc.s.o
RTC_Alarm_IRQHandler                              /home/ismoil/projects/MCU/st7789/st7789_cmsis_black_pill/build/build-st7789_cmsis_black_pill-STM32F401-Release/Release_STM32F40_555e120e1bd64c65/firmware.9bcf18e4/3a52ce780950d4d9/startup_stm32f401xc.s.o
RTC_WKUP_IRQHandler                               /home/ismoil/projects/MCU/st7789/st7789_cmsis_black_pill/build/build-st7789_cmsis_black_pill-STM32F401-Release/Release_STM32F40_555e120e1bd64c65/firmware.9bcf18e4/3a52ce780950d4d9/startup_stm32f401xc.s.o
Reset_Handler                                     /home/ismoil/projects/MCU/st7789/st7789_cmsis_black_pill/build/build-st7789_cmsis_black_pill-STM32F401-Release/Release_STM32F40_555e120e1bd64c65/firmware.9bcf18e4/3a52ce780950d4d9/startup_stm32f401xc.s.o
SDIO_IRQHandler                                   /home/ismoil/projects/MCU/st7789/st7789_cmsis_black_pill/build/build-st7789_cmsis_black_pill-STM32F401-Release/Release_STM32F40_555e120e1bd64c65/firmware.9bcf18e4/3a52ce780950d4d9/startup_stm32f401xc.s.o
SPI1_IRQHandler                                   /home/ismoil/projects/MCU/st7789/st7789_cmsis_black_pill/build/build-st7789_cmsis_black_pill-STM32F401-Release/Release_STM32F40_555e120e1bd64c65/firmware.9bcf18e4/3a52ce780950d4d9/startup_stm32f401xc.s.o
SPI2_IRQHandler                                   /home/ismoil/projects/MCU/st7789/st7789_cmsis_black_pill/build/build-st7789_cmsis_black_pill-STM32F401-Release/Release_STM32F40_555e120e1bd64c65/firmware.9bcf18e4/3a52ce780950d4d9/startup_stm32f401xc.s.o
SPI3_IRQHandler                                   /home/ismoil/projects/MCU/st7789/st7789_cmsis_black_pill/build/build-st7789_cmsis_black_pill-STM32F401-Release/Release_STM32F40_555e120e1bd64c65/firmware.9bcf18e4/3a52ce780950d4d9/startup_stm32f401xc.s.o
SPI4_IRQHandler                                   /home/ismoil/projects/MCU/st7789/st7789_cmsis_black_pill/build/build-st7789_cmsis_black_pill-STM32F401-Release/Release_STM32F40_555e120e1bd64c65/firmware.9bcf18e4/3a52ce780950d4d9/startup_stm32f401xc.s.o
SVC_Handler                                       /home/ismoil/projects/MCU/st7789/st7789_cmsis_black_pill/build/build-st7789_cmsis_black_pill-STM32F401-Release/Release_STM32F40_555e120e1bd64c65/firmware.9bcf18e4/3a52ce780950d4d9/startup_stm32f401xc.s.o
SetSysClkTo84                                     /home/ismoil/projects/MCU/st7789/st7789_cmsis_black_pill/build/build-st7789_cmsis_black_pill-STM32F401-Release/Release_STM32F40_555e120e1bd64c65/firmware.9bcf18e4/08e960b27d56c69f/main.c.o
SysTick_Handler                                   /home/ismoil/projects/MCU/st7789/st7789_cmsis_black_pill/build/build-st7789_cmsis_black_pill-STM32F401-Release/Release_STM32F40_555e120e1bd64c65/firmware.9bcf18e4/08e960b27d56c69f/main.c.o
SystemCoreClock                                   /home/ismoil/projects/MCU/st7789/st7789_cmsis_black_pill/build/build-st7789_cmsis_black_pill-STM32F401-Release/Release_STM32F40_555e120e1bd64c65/firmware.9bcf18e4/08e960b27d56c69f/system_stm32f4xx.c.o
                                                  /home/ismoil/projects/MCU/st7789/st7789_cmsis_black_pill/build/build-st7789_cmsis_black_pill-STM32F401-Release/Release_STM32F40_555e120e1bd64c65/firmware.9bcf18e4/08e960b27d56c69f/main.c.o
SystemCoreClockUpdate                             /home/ismoil/projects/MCU/st7789/st7789_cmsis_black_pill/build/build-st7789_cmsis_black_pill-STM32F401-Release/Release_STM32F40_555e120e1bd64c65/firmware.9bcf18e4/08e960b27d56c69f/system_stm32f4xx.c.o
                                                  /home/ismoil/projects/MCU/st7789/st7789_cmsis_black_pill/build/build-st7789_cmsis_black_pill-STM32F401-Release/Release_STM32F40_555e120e1bd64c65/firmware.9bcf18e4/08e960b27d56c69f/main.c.o
SystemInit                                        /home/ismoil/projects/MCU/st7789/st7789_cmsis_black_pill/build/build-st7789_cmsis_black_pill-STM32F401-Release/Release_STM32F40_555e120e1bd64c65/firmware.9bcf18e4/08e960b27d56c69f/system_stm32f4xx.c.o
                                                  /home/ismoil/projects/MCU/st7789/st7789_cmsis_black_pill/build/build-st7789_cmsis_black_pill-STM32F401-Release/Release_STM32F40_555e120e1bd64c65/firmware.9bcf18e4/3a52ce780950d4d9/startup_stm32f401xc.s.o
TAMP_STAMP_IRQHandler                             /home/ismoil/projects/MCU/st7789/st7789_cmsis_black_pill/build/build-st7789_cmsis_black_pill-STM32F401-Release/Release_STM32F40_555e120e1bd64c65/firmware.9bcf18e4/3a52ce780950d4d9/startup_stm32f401xc.s.o
TIM1_BRK_TIM9_IRQHandler                          /home/ismoil/projects/MCU/st7789/st7789_cmsis_black_pill/build/build-st7789_cmsis_black_pill-STM32F401-Release/Release_STM32F40_555e120e1bd64c65/firmware.9bcf18e4/3a52ce780950d4d9/startup_stm32f401xc.s.o
TIM1_CC_IRQHandler                                /home/ismoil/projects/MCU/st7789/st7789_cmsis_black_pill/build/build-st7789_cmsis_black_pill-STM32F401-Release/Release_STM32F40_555e120e1bd64c65/firmware.9bcf18e4/3a52ce780950d4d9/startup_stm32f401xc.s.o
TIM1_TRG_COM_TIM11_IRQHandler                     /home/ismoil/projects/MCU/st7789/st7789_cmsis_black_pill/build/build-st7789_cmsis_black_pill-STM32F401-Release/Release_STM32F40_555e120e1bd64c65/firmware.9bcf18e4/3a52ce780950d4d9/startup_stm32f401xc.s.o
TIM1_UP_TIM10_IRQHandler                          /home/ismoil/projects/MCU/st7789/st7789_cmsis_black_pill/build/build-st7789_cmsis_black_pill-STM32F401-Release/Release_STM32F40_555e120e1bd64c65/firmware.9bcf18e4/3a52ce780950d4d9/startup_stm32f401xc.s.o
TIM2_IRQHandler                                   /home/ismoil/projects/MCU/st7789/st7789_cmsis_black_pill/build/build-st7789_cmsis_black_pill-STM32F401-Release/Release_STM32F40_555e120e1bd64c65/firmware.9bcf18e4/3a52ce780950d4d9/startup_stm32f401xc.s.o
TIM3_IRQHandler                                   /home/ismoil/projects/MCU/st7789/st7789_cmsis_black_pill/build/build-st7789_cmsis_black_pill-STM32F401-Release/Release_STM32F40_555e120e1bd64c65/firmware.9bcf18e4/3a52ce780950d4d9/startup_stm32f401xc.s.o
TIM4_IRQHandler                                   /home/ismoil/projects/MCU/st7789/st7789_cmsis_black_pill/build/build-st7789_cmsis_black_pill-STM32F401-Release/Release_STM32F40_555e120e1bd64c65/firmware.9bcf18e4/3a52ce780950d4d9/startup_stm32f401xc.s.o
TIM5_IRQHandler                                   /home/ismoil/projects/MCU/st7789/st7789_cmsis_black_pill/build/build-st7789_cmsis_black_pill-STM32F401-Release/Release_STM32F40_555e120e1bd64c65/firmware.9bcf18e4/3a52ce780950d4d9/startup_stm32f401xc.s.o
USART1_IRQHandler                                 /home/ismoil/projects/MCU/st7789/st7789_cmsis_black_pill/build/build-st7789_cmsis_black_pill-STM32F401-Release/Release_STM32F40_555e120e1bd64c65/firmware.9bcf18e4/3a52ce780950d4d9/startup_stm32f401xc.s.o
USART2_IRQHandler                                 /home/ismoil/projects/MCU/st7789/st7789_cmsis_black_pill/build/build-st7789_cmsis_black_pill-STM32F401-Release/Release_STM32F40_555e120e1bd64c65/firmware.9bcf18e4/3a52ce780950d4d9/startup_stm32f401xc.s.o
USART6_IRQHandler                                 /home/ismoil/projects/MCU/st7789/st7789_cmsis_black_pill/build/build-st7789_cmsis_black_pill-STM32F401-Release/Release_STM32F40_555e120e1bd64c65/firmware.9bcf18e4/3a52ce780950d4d9/startup_stm32f401xc.s.o
UsageFault_Handler                                /home/ismoil/projects/MCU/st7789/st7789_cmsis_black_pill/build/build-st7789_cmsis_black_pill-STM32F401-Release/Release_STM32F40_555e120e1bd64c65/firmware.9bcf18e4/3a52ce780950d4d9/startup_stm32f401xc.s.o
WWDG_IRQHandler                                   /home/ismoil/projects/MCU/st7789/st7789_cmsis_black_pill/build/build-st7789_cmsis_black_pill-STM32F401-Release/Release_STM32F40_555e120e1bd64c65/firmware.9bcf18e4/3a52ce780950d4d9/startup_stm32f401xc.s.o
__aeabi_idiv0                                     /usr/lib/gcc/arm-none-eabi/11.2.0/thumb/v7e-m+fp/hard/libgcc.a(_dvmd_tls.o)
__aeabi_ldiv0                                     /usr/lib/gcc/arm-none-eabi/11.2.0/thumb/v7e-m+fp/hard/libgcc.a(_dvmd_tls.o)
                                                  /usr/lib/gcc/arm-none-eabi/11.2.0/thumb/v7e-m+fp/hard/libgcc.a(_aeabi_ldivmod.o)
__aeabi_ldivmod                                   /usr/lib/gcc/arm-none-eabi/11.2.0/thumb/v7e-m+fp/hard/libgcc.a(_aeabi_ldivmod.o)
                                                  /home/ismoil/projects/MCU/st7789/st7789_cmsis_black_pill/build/build-st7789_cmsis_black_pill-STM32F401-Release/Release_STM32F40_555e120e1bd64c65/firmware.9bcf18e4/08e960b27d56c69f/main.c.o
__atexit_recursive_mutex                          /usr/lib/gcc/arm-none-eabi/11.2.0/../../../../arm-none-eabi/lib/thumb/v7e-m+fp/hard/libc.a(lib_a-__call_atexit.o)
                                                  /usr/lib/gcc/arm-none-eabi/11.2.0/../../../../arm-none-eabi/lib/thumb/v7e-m+fp/hard/libc.a(lib_a-__atexit.o)
__bss_end__                                       /usr/lib/gcc/arm-none-eabi/11.2.0/../../../../arm-none-eabi/lib/thumb/v7e-m+fp/hard/crt0.o
__bss_start__                                     /usr/lib/gcc/arm-none-eabi/11.2.0/../../../../arm-none-eabi/lib/thumb/v7e-m+fp/hard/crt0.o
__call_exitprocs                                  /usr/lib/gcc/arm-none-eabi/11.2.0/../../../../arm-none-eabi/lib/thumb/v7e-m+fp/hard/libc.a(lib_a-__call_atexit.o)
                                                  /usr/lib/gcc/arm-none-eabi/11.2.0/../../../../arm-none-eabi/lib/thumb/v7e-m+fp/hard/libc.a(lib_a-exit.o)
__deregister_frame_info                           /usr/lib/gcc/arm-none-eabi/11.2.0/thumb/v7e-m+fp/hard/crtbegin.o
__dso_handle                                      /usr/lib/gcc/arm-none-eabi/11.2.0/thumb/v7e-m+fp/hard/crtbegin.o
__fini_array_end                                  /usr/lib/gcc/arm-none-eabi/11.2.0/../../../../arm-none-eabi/lib/thumb/v7e-m+fp/hard/libc.a(lib_a-fini.o)
__fini_array_start                                /usr/lib/gcc/arm-none-eabi/11.2.0/../../../../arm-none-eabi/lib/thumb/v7e-m+fp/hard/libc.a(lib_a-fini.o)
__init_array_end                                  /usr/lib/gcc/arm-none-eabi/11.2.0/../../../../arm-none-eabi/lib/thumb/v7e-m+fp/hard/libc.a(lib_a-init.o)
__init_array_start                                /usr/lib/gcc/arm-none-eabi/11.2.0/../../../../arm-none-eabi/lib/thumb/v7e-m+fp/hard/libc.a(lib_a-init.o)
__itoa                                            /usr/lib/gcc/arm-none-eabi/11.2.0/../../../../arm-none-eabi/lib/thumb/v7e-m+fp/hard/libc_nano.a(lib_a-itoa.o)
__libc_fini                                       /usr/lib/gcc/arm-none-eabi/11.2.0/../../../../arm-none-eabi/lib/thumb/v7e-m+fp/hard/libc.a(lib_a-__call_atexit.o)
__libc_fini_array                                 /usr/lib/gcc/arm-none-eabi/11.2.0/../../../../arm-none-eabi/lib/thumb/v7e-m+fp/hard/libc.a(lib_a-fini.o)
                                                  /usr/lib/gcc/arm-none-eabi/11.2.0/../../../../arm-none-eabi/lib/thumb/v7e-m+fp/hard/libc.a(lib_a-__call_atexit.o)
                                                  /usr/lib/gcc/arm-none-eabi/11.2.0/../../../../arm-none-eabi/lib/thumb/v7e-m+fp/hard/crt0.o
__libc_init_array                                 /usr/lib/gcc/arm-none-eabi/11.2.0/../../../../arm-none-eabi/lib/thumb/v7e-m+fp/hard/libc.a(lib_a-init.o)
                                                  /home/ismoil/projects/MCU/st7789/st7789_cmsis_black_pill/build/build-st7789_cmsis_black_pill-STM32F401-Release/Release_STM32F40_555e120e1bd64c65/firmware.9bcf18e4/3a52ce780950d4d9/startup_stm32f401xc.s.o
                                                  /usr/lib/gcc/arm-none-eabi/11.2.0/../../../../arm-none-eabi/lib/thumb/v7e-m+fp/hard/crt0.o
__lock___arc4random_mutex                         /usr/lib/gcc/arm-none-eabi/11.2.0/../../../../arm-none-eabi/lib/thumb/v7e-m+fp/hard/libc.a(lib_a-lock.o)
__lock___at_quick_exit_mutex                      /usr/lib/gcc/arm-none-eabi/11.2.0/../../../../arm-none-eabi/lib/thumb/v7e-m+fp/hard/libc.a(lib_a-lock.o)
__lock___atexit_recursive_mutex                   /usr/lib/gcc/arm-none-eabi/11.2.0/../../../../arm-none-eabi/lib/thumb/v7e-m+fp/hard/libc.a(lib_a-lock.o)
                                                  /usr/lib/gcc/arm-none-eabi/11.2.0/../../../../arm-none-eabi/lib/thumb/v7e-m+fp/hard/libc.a(lib_a-__call_atexit.o)
__lock___dd_hash_mutex                            /usr/lib/gcc/arm-none-eabi/11.2.0/../../../../arm-none-eabi/lib/thumb/v7e-m+fp/hard/libc.a(lib_a-lock.o)
__lock___env_recursive_mutex                      /usr/lib/gcc/arm-none-eabi/11.2.0/../../../../arm-none-eabi/lib/thumb/v7e-m+fp/hard/libc.a(lib_a-lock.o)
__lock___malloc_recursive_mutex                   /usr/lib/gcc/arm-none-eabi/11.2.0/../../../../arm-none-eabi/lib/thumb/v7e-m+fp/hard/libc.a(lib_a-lock.o)
__lock___sfp_recursive_mutex                      /usr/lib/gcc/arm-none-eabi/11.2.0/../../../../arm-none-eabi/lib/thumb/v7e-m+fp/hard/libc.a(lib_a-lock.o)
__lock___sinit_recursive_mutex                    /usr/lib/gcc/arm-none-eabi/11.2.0/../../../../arm-none-eabi/lib/thumb/v7e-m+fp/hard/libc.a(lib_a-lock.o)
__lock___tz_mutex                                 /usr/lib/gcc/arm-none-eabi/11.2.0/../../../../arm-none-eabi/lib/thumb/v7e-m+fp/hard/libc.a(lib_a-lock.o)
__preinit_array_end                               /usr/lib/gcc/arm-none-eabi/11.2.0/../../../../arm-none-eabi/lib/thumb/v7e-m+fp/hard/libc.a(lib_a-init.o)
__preinit_array_start                             /usr/lib/gcc/arm-none-eabi/11.2.0/../../../../arm-none-eabi/lib/thumb/v7e-m+fp/hard/libc.a(lib_a-init.o)
__register_exitproc                               /usr/lib/gcc/arm-none-eabi/11.2.0/../../../../arm-none-eabi/lib/thumb/v7e-m+fp/hard/libc.a(lib_a-__atexit.o)
                                                  /usr/lib/gcc/arm-none-eabi/11.2.0/../../../../arm-none-eabi/lib/thumb/v7e-m+fp/hard/libc.a(lib_a-atexit.o)
__register_frame_info                             /usr/lib/gcc/arm-none-eabi/11.2.0/thumb/v7e-m+fp/hard/crtbegin.o
__retarget_lock_acquire                           /usr/lib/gcc/arm-none-eabi/11.2.0/../../../../arm-none-eabi/lib/thumb/v7e-m+fp/hard/libc.a(lib_a-lock.o)
__retarget_lock_acquire_recursive                 /usr/lib/gcc/arm-none-eabi/11.2.0/../../../../arm-none-eabi/lib/thumb/v7e-m+fp/hard/libc.a(lib_a-lock.o)
                                                  /usr/lib/gcc/arm-none-eabi/11.2.0/../../../../arm-none-eabi/lib/thumb/v7e-m+fp/hard/libc.a(lib_a-__call_atexit.o)
                                                  /usr/lib/gcc/arm-none-eabi/11.2.0/../../../../arm-none-eabi/lib/thumb/v7e-m+fp/hard/libc.a(lib_a-__atexit.o)
__retarget_lock_close                             /usr/lib/gcc/arm-none-eabi/11.2.0/../../../../arm-none-eabi/lib/thumb/v7e-m+fp/hard/libc.a(lib_a-lock.o)
__retarget_lock_close_recursive                   /usr/lib/gcc/arm-none-eabi/11.2.0/../../../../arm-none-eabi/lib/thumb/v7e-m+fp/hard/libc.a(lib_a-lock.o)
__retarget_lock_init                              /usr/lib/gcc/arm-none-eabi/11.2.0/../../../../arm-none-eabi/lib/thumb/v7e-m+fp/hard/libc.a(lib_a-lock.o)
__retarget_lock_init_recursive                    /usr/lib/gcc/arm-none-eabi/11.2.0/../../../../arm-none-eabi/lib/thumb/v7e-m+fp/hard/libc.a(lib_a-lock.o)
__retarget_lock_release                           /usr/lib/gcc/arm-none-eabi/11.2.0/../../../../arm-none-eabi/lib/thumb/v7e-m+fp/hard/libc.a(lib_a-lock.o)
__retarget_lock_release_recursive                 /usr/lib/gcc/arm-none-eabi/11.2.0/../../../../arm-none-eabi/lib/thumb/v7e-m+fp/hard/libc.a(lib_a-lock.o)
                                                  /usr/lib/gcc/arm-none-eabi/11.2.0/../../../../arm-none-eabi/lib/thumb/v7e-m+fp/hard/libc.a(lib_a-__call_atexit.o)
                                                  /usr/lib/gcc/arm-none-eabi/11.2.0/../../../../arm-none-eabi/lib/thumb/v7e-m+fp/hard/libc.a(lib_a-__atexit.o)
__retarget_lock_try_acquire                       /usr/lib/gcc/arm-none-eabi/11.2.0/../../../../arm-none-eabi/lib/thumb/v7e-m+fp/hard/libc.a(lib_a-lock.o)
__retarget_lock_try_acquire_recursive             /usr/lib/gcc/arm-none-eabi/11.2.0/../../../../arm-none-eabi/lib/thumb/v7e-m+fp/hard/libc.a(lib_a-lock.o)
__stack                                           /usr/lib/gcc/arm-none-eabi/11.2.0/../../../../arm-none-eabi/lib/thumb/v7e-m+fp/hard/crt0.o
__udivmoddi4                                      /usr/lib/gcc/arm-none-eabi/11.2.0/thumb/v7e-m+fp/hard/libgcc.a(_udivmoddi4.o)
                                                  /usr/lib/gcc/arm-none-eabi/11.2.0/thumb/v7e-m+fp/hard/libgcc.a(_aeabi_ldivmod.o)
__utoa                                            /usr/lib/gcc/arm-none-eabi/11.2.0/../../../../arm-none-eabi/lib/thumb/v7e-m+fp/hard/libc_nano.a(lib_a-utoa.o)
                                                  /usr/lib/gcc/arm-none-eabi/11.2.0/../../../../arm-none-eabi/lib/thumb/v7e-m+fp/hard/libc_nano.a(lib_a-itoa.o)
_ebss                                             /home/ismoil/projects/MCU/st7789/st7789_cmsis_black_pill/build/build-st7789_cmsis_black_pill-STM32F401-Release/Release_STM32F40_555e120e1bd64c65/firmware.9bcf18e4/3a52ce780950d4d9/startup_stm32f401xc.s.o
_edata                                            /home/ismoil/projects/MCU/st7789/st7789_cmsis_black_pill/build/build-st7789_cmsis_black_pill-STM32F401-Release/Release_STM32F40_555e120e1bd64c65/firmware.9bcf18e4/3a52ce780950d4d9/startup_stm32f401xc.s.o
_estack                                           /home/ismoil/projects/MCU/st7789/st7789_cmsis_black_pill/build/build-st7789_cmsis_black_pill-STM32F401-Release/Release_STM32F40_555e120e1bd64c65/firmware.9bcf18e4/3a52ce780950d4d9/startup_stm32f401xc.s.o
_exit                                             /usr/lib/gcc/arm-none-eabi/11.2.0/../../../../arm-none-eabi/lib/thumb/v7e-m+fp/hard/libnosys.a(_exit.o)
                                                  /usr/lib/gcc/arm-none-eabi/11.2.0/../../../../arm-none-eabi/lib/thumb/v7e-m+fp/hard/libc.a(lib_a-exit.o)
_fini                                             /usr/lib/gcc/arm-none-eabi/11.2.0/thumb/v7e-m+fp/hard/crti.o
                                                  /usr/lib/gcc/arm-none-eabi/11.2.0/../../../../arm-none-eabi/lib/thumb/v7e-m+fp/hard/libc.a(lib_a-fini.o)
_global_impure_ptr                                /usr/lib/gcc/arm-none-eabi/11.2.0/../../../../arm-none-eabi/lib/thumb/v7e-m+fp/hard/libc.a(lib_a-impure.o)
                                                  /usr/lib/gcc/arm-none-eabi/11.2.0/../../../../arm-none-eabi/lib/thumb/v7e-m+fp/hard/libc.a(lib_a-__call_atexit.o)
                                                  /usr/lib/gcc/arm-none-eabi/11.2.0/../../../../arm-none-eabi/lib/thumb/v7e-m+fp/hard/libc.a(lib_a-__atexit.o)
                                                  /usr/lib/gcc/arm-none-eabi/11.2.0/../../../../arm-none-eabi/lib/thumb/v7e-m+fp/hard/libc.a(lib_a-exit.o)
_impure_ptr                                       /usr/lib/gcc/arm-none-eabi/11.2.0/../../../../arm-none-eabi/lib/thumb/v7e-m+fp/hard/libc.a(lib_a-impure.o)
_init                                             /usr/lib/gcc/arm-none-eabi/11.2.0/thumb/v7e-m+fp/hard/crti.o
                                                  /usr/lib/gcc/arm-none-eabi/11.2.0/../../../../arm-none-eabi/lib/thumb/v7e-m+fp/hard/libc.a(lib_a-init.o)
_mainCRTStartup                                   /usr/lib/gcc/arm-none-eabi/11.2.0/../../../../arm-none-eabi/lib/thumb/v7e-m+fp/hard/crt0.o
_sbss                                             /home/ismoil/projects/MCU/st7789/st7789_cmsis_black_pill/build/build-st7789_cmsis_black_pill-STM32F401-Release/Release_STM32F40_555e120e1bd64c65/firmware.9bcf18e4/3a52ce780950d4d9/startup_stm32f401xc.s.o
_sdata                                            /home/ismoil/projects/MCU/st7789/st7789_cmsis_black_pill/build/build-st7789_cmsis_black_pill-STM32F401-Release/Release_STM32F40_555e120e1bd64c65/firmware.9bcf18e4/3a52ce780950d4d9/startup_stm32f401xc.s.o
_sidata                                           /home/ismoil/projects/MCU/st7789/st7789_cmsis_black_pill/build/build-st7789_cmsis_black_pill-STM32F401-Release/Release_STM32F40_555e120e1bd64c65/firmware.9bcf18e4/3a52ce780950d4d9/startup_stm32f401xc.s.o
_stack_init                                       /usr/lib/gcc/arm-none-eabi/11.2.0/../../../../arm-none-eabi/lib/thumb/v7e-m+fp/hard/crt0.o
_start                                            /usr/lib/gcc/arm-none-eabi/11.2.0/../../../../arm-none-eabi/lib/thumb/v7e-m+fp/hard/crt0.o
atexit                                            /usr/lib/gcc/arm-none-eabi/11.2.0/../../../../arm-none-eabi/lib/thumb/v7e-m+fp/hard/libc.a(lib_a-atexit.o)
                                                  /usr/lib/gcc/arm-none-eabi/11.2.0/../../../../arm-none-eabi/lib/thumb/v7e-m+fp/hard/libc.a(lib_a-__call_atexit.o)
                                                  /usr/lib/gcc/arm-none-eabi/11.2.0/../../../../arm-none-eabi/lib/thumb/v7e-m+fp/hard/crt0.o
delay_ms                                          /home/ismoil/projects/MCU/st7789/st7789_cmsis_black_pill/build/build-st7789_cmsis_black_pill-STM32F401-Release/Release_STM32F40_555e120e1bd64c65/firmware.9bcf18e4/08e960b27d56c69f/main.c.o
demoCheckboard                                    /home/ismoil/projects/MCU/st7789/st7789_cmsis_black_pill/build/build-st7789_cmsis_black_pill-STM32F401-Release/Release_STM32F40_555e120e1bd64c65/firmware.9bcf18e4/08e960b27d56c69f/main.c.o
demoCheckboardDisplay                             /home/ismoil/projects/MCU/st7789/st7789_cmsis_black_pill/build/build-st7789_cmsis_black_pill-STM32F401-Release/Release_STM32F40_555e120e1bd64c65/firmware.9bcf18e4/08e960b27d56c69f/main.c.o
demoCycleColors                                   /home/ismoil/projects/MCU/st7789/st7789_cmsis_black_pill/build/build-st7789_cmsis_black_pill-STM32F401-Release/Release_STM32F40_555e120e1bd64c65/firmware.9bcf18e4/08e960b27d56c69f/main.c.o
demoMandelbrot                                    /home/ismoil/projects/MCU/st7789/st7789_cmsis_black_pill/build/build-st7789_cmsis_black_pill-STM32F401-Release/Release_STM32F40_555e120e1bd64c65/firmware.9bcf18e4/08e960b27d56c69f/main.c.o
demoMandelbrotCalculate                           /home/ismoil/projects/MCU/st7789/st7789_cmsis_black_pill/build/build-st7789_cmsis_black_pill-STM32F401-Release/Release_STM32F40_555e120e1bd64c65/firmware.9bcf18e4/08e960b27d56c69f/main.c.o
demoMandelbrotCalculateFast                       /home/ismoil/projects/MCU/st7789/st7789_cmsis_black_pill/build/build-st7789_cmsis_black_pill-STM32F401-Release/Release_STM32F40_555e120e1bd64c65/firmware.9bcf18e4/08e960b27d56c69f/main.c.o
demoMandelbrotDisplay                             /home/ismoil/projects/MCU/st7789/st7789_cmsis_black_pill/build/build-st7789_cmsis_black_pill-STM32F401-Release/Release_STM32F40_555e120e1bd64c65/firmware.9bcf18e4/08e960b27d56c69f/main.c.o
demoMandelbrotDisplayFast                         /home/ismoil/projects/MCU/st7789/st7789_cmsis_black_pill/build/build-st7789_cmsis_black_pill-STM32F401-Release/Release_STM32F40_555e120e1bd64c65/firmware.9bcf18e4/08e960b27d56c69f/main.c.o
demoPixmap                                        /home/ismoil/projects/MCU/st7789/st7789_cmsis_black_pill/build/build-st7789_cmsis_black_pill-STM32F401-Release/Release_STM32F40_555e120e1bd64c65/firmware.9bcf18e4/08e960b27d56c69f/main.c.o
exit                                              /usr/lib/gcc/arm-none-eabi/11.2.0/../../../../arm-none-eabi/lib/thumb/v7e-m+fp/hard/libc.a(lib_a-exit.o)
                                                  /usr/lib/gcc/arm-none-eabi/11.2.0/../../../../arm-none-eabi/lib/thumb/v7e-m+fp/hard/crt0.o
g_pfnVectors                                      /home/ismoil/projects/MCU/st7789/st7789_cmsis_black_pill/build/build-st7789_cmsis_black_pill-STM32F401-Release/Release_STM32F40_555e120e1bd64c65/firmware.9bcf18e4/3a52ce780950d4d9/startup_stm32f401xc.s.o
hardware_init_hook                                /usr/lib/gcc/arm-none-eabi/11.2.0/../../../../arm-none-eabi/lib/thumb/v7e-m+fp/hard/crt0.o
itoa                                              /usr/lib/gcc/arm-none-eabi/11.2.0/../../../../arm-none-eabi/lib/thumb/v7e-m+fp/hard/libc_nano.a(lib_a-itoa.o)
                                                  /home/ismoil/projects/MCU/st7789/st7789_cmsis_black_pill/build/build-st7789_cmsis_black_pill-STM32F401-Release/Release_STM32F40_555e120e1bd64c65/firmware.9bcf18e4/08e960b27d56c69f/main.c.o
main                                              /home/ismoil/projects/MCU/st7789/st7789_cmsis_black_pill/build/build-st7789_cmsis_black_pill-STM32F401-Release/Release_STM32F40_555e120e1bd64c65/firmware.9bcf18e4/08e960b27d56c69f/main.c.o
                                                  /home/ismoil/projects/MCU/st7789/st7789_cmsis_black_pill/build/build-st7789_cmsis_black_pill-STM32F401-Release/Release_STM32F40_555e120e1bd64c65/firmware.9bcf18e4/3a52ce780950d4d9/startup_stm32f401xc.s.o
                                                  /usr/lib/gcc/arm-none-eabi/11.2.0/../../../../arm-none-eabi/lib/thumb/v7e-m+fp/hard/crt0.o
memset                                            /usr/lib/gcc/arm-none-eabi/11.2.0/../../../../arm-none-eabi/lib/thumb/v7e-m+fp/hard/libc.a(lib_a-memset.o)
                                                  /usr/lib/gcc/arm-none-eabi/11.2.0/../../../../arm-none-eabi/lib/thumb/v7e-m+fp/hard/crt0.o
setupTimer                                        /home/ismoil/projects/MCU/st7789/st7789_cmsis_black_pill/build/build-st7789_cmsis_black_pill-STM32F401-Release/Release_STM32F40_555e120e1bd64c65/firmware.9bcf18e4/08e960b27d56c69f/main.c.o
software_init_hook                                /usr/lib/gcc/arm-none-eabi/11.2.0/../../../../arm-none-eabi/lib/thumb/v7e-m+fp/hard/crt0.o
st7789_Clear                                      /home/ismoil/projects/MCU/st7789/st7789_cmsis_black_pill/build/build-st7789_cmsis_black_pill-STM32F401-Release/Release_STM32F40_555e120e1bd64c65/firmware.9bcf18e4/08e960b27d56c69f/st7789.c.o
                                                  /home/ismoil/projects/MCU/st7789/st7789_cmsis_black_pill/build/build-st7789_cmsis_black_pill-STM32F401-Release/Release_STM32F40_555e120e1bd64c65/firmware.9bcf18e4/08e960b27d56c69f/main.c.o
st7789_FillArea                                   /home/ismoil/projects/MCU/st7789/st7789_cmsis_black_pill/build/build-st7789_cmsis_black_pill-STM32F401-Release/Release_STM32F40_555e120e1bd64c65/firmware.9bcf18e4/08e960b27d56c69f/st7789.c.o
st7789_GPIOInit                                   /home/ismoil/projects/MCU/st7789/st7789_cmsis_black_pill/build/build-st7789_cmsis_black_pill-STM32F401-Release/Release_STM32F40_555e120e1bd64c65/firmware.9bcf18e4/08e960b27d56c69f/main.c.o
st7789_Init_1_3_LCD                               /home/ismoil/projects/MCU/st7789/st7789_cmsis_black_pill/build/build-st7789_cmsis_black_pill-STM32F401-Release/Release_STM32F40_555e120e1bd64c65/firmware.9bcf18e4/08e960b27d56c69f/st7789.c.o
                                                  /home/ismoil/projects/MCU/st7789/st7789_cmsis_black_pill/build/build-st7789_cmsis_black_pill-STM32F401-Release/Release_STM32F40_555e120e1bd64c65/firmware.9bcf18e4/08e960b27d56c69f/main.c.o
st7789_RGBToColor                                 /home/ismoil/projects/MCU/st7789/st7789_cmsis_black_pill/build/build-st7789_cmsis_black_pill-STM32F401-Release/Release_STM32F40_555e120e1bd64c65/firmware.9bcf18e4/08e960b27d56c69f/st7789.c.o
                                                  /home/ismoil/projects/MCU/st7789/st7789_cmsis_black_pill/build/build-st7789_cmsis_black_pill-STM32F401-Release/Release_STM32F40_555e120e1bd64c65/firmware.9bcf18e4/08e960b27d56c69f/main.c.o
st7789_ReadCommand                                /home/ismoil/projects/MCU/st7789/st7789_cmsis_black_pill/build/build-st7789_cmsis_black_pill-STM32F401-Release/Release_STM32F40_555e120e1bd64c65/firmware.9bcf18e4/08e960b27d56c69f/st7789.c.o
st7789_ReadSpi                                    /home/ismoil/projects/MCU/st7789/st7789_cmsis_black_pill/build/build-st7789_cmsis_black_pill-STM32F401-Release/Release_STM32F40_555e120e1bd64c65/firmware.9bcf18e4/08e960b27d56c69f/st7789.c.o
st7789_Reset                                      /home/ismoil/projects/MCU/st7789/st7789_cmsis_black_pill/build/build-st7789_cmsis_black_pill-STM32F401-Release/Release_STM32F40_555e120e1bd64c65/firmware.9bcf18e4/08e960b27d56c69f/st7789.c.o
                                                  /home/ismoil/projects/MCU/st7789/st7789_cmsis_black_pill/build/build-st7789_cmsis_black_pill-STM32F401-Release/Release_STM32F40_555e120e1bd64c65/firmware.9bcf18e4/08e960b27d56c69f/main.c.o
st7789_RunCommand                                 /home/ismoil/projects/MCU/st7789/st7789_cmsis_black_pill/build/build-st7789_cmsis_black_pill-STM32F401-Release/Release_STM32F40_555e120e1bd64c65/firmware.9bcf18e4/08e960b27d56c69f/st7789.c.o
st7789_RunCommands                                /home/ismoil/projects/MCU/st7789/st7789_cmsis_black_pill/build/build-st7789_cmsis_black_pill-STM32F401-Release/Release_STM32F40_555e120e1bd64c65/firmware.9bcf18e4/08e960b27d56c69f/st7789.c.o
st7789_SetWindow                                  /home/ismoil/projects/MCU/st7789/st7789_cmsis_black_pill/build/build-st7789_cmsis_black_pill-STM32F401-Release/Release_STM32F40_555e120e1bd64c65/firmware.9bcf18e4/08e960b27d56c69f/st7789.c.o
st7789_StartCommand                               /home/ismoil/projects/MCU/st7789/st7789_cmsis_black_pill/build/build-st7789_cmsis_black_pill-STM32F401-Release/Release_STM32F40_555e120e1bd64c65/firmware.9bcf18e4/08e960b27d56c69f/st7789.c.o
st7789_StartData                                  /home/ismoil/projects/MCU/st7789/st7789_cmsis_black_pill/build/build-st7789_cmsis_black_pill-STM32F401-Release/Release_STM32F40_555e120e1bd64c65/firmware.9bcf18e4/08e960b27d56c69f/st7789.c.o
st7789_StartMemoryWrite                           /home/ismoil/projects/MCU/st7789/st7789_cmsis_black_pill/build/build-st7789_cmsis_black_pill-STM32F401-Release/Release_STM32F40_555e120e1bd64c65/firmware.9bcf18e4/08e960b27d56c69f/st7789.c.o
                                                  /home/ismoil/projects/MCU/st7789/st7789_cmsis_black_pill/build/build-st7789_cmsis_black_pill-STM32F401-Release/Release_STM32F40_555e120e1bd64c65/firmware.9bcf18e4/08e960b27d56c69f/main.c.o
st7789_WaitForDMA                                 /home/ismoil/projects/MCU/st7789/st7789_cmsis_black_pill/build/build-st7789_cmsis_black_pill-STM32F401-Release/Release_STM32F40_555e120e1bd64c65/firmware.9bcf18e4/08e960b27d56c69f/st7789.c.o
                                                  /home/ismoil/projects/MCU/st7789/st7789_cmsis_black_pill/build/build-st7789_cmsis_black_pill-STM32F401-Release/Release_STM32F40_555e120e1bd64c65/firmware.9bcf18e4/08e960b27d56c69f/main.c.o
st7789_WaitNanosecs                               /home/ismoil/projects/MCU/st7789/st7789_cmsis_black_pill/build/build-st7789_cmsis_black_pill-STM32F401-Release/Release_STM32F40_555e120e1bd64c65/firmware.9bcf18e4/08e960b27d56c69f/st7789.c.o
                                                  /home/ismoil/projects/MCU/st7789/st7789_cmsis_black_pill/build/build-st7789_cmsis_black_pill-STM32F401-Release/Release_STM32F40_555e120e1bd64c65/firmware.9bcf18e4/08e960b27d56c69f/main.c.o
st7789_WriteCommand                               /home/ismoil/projects/MCU/st7789/st7789_cmsis_black_pill/build/build-st7789_cmsis_black_pill-STM32F401-Release/Release_STM32F40_555e120e1bd64c65/firmware.9bcf18e4/08e960b27d56c69f/st7789.c.o
st7789_WriteDMA                                   /home/ismoil/projects/MCU/st7789/st7789_cmsis_black_pill/build/build-st7789_cmsis_black_pill-STM32F401-Release/Release_STM32F40_555e120e1bd64c65/firmware.9bcf18e4/08e960b27d56c69f/st7789.c.o
                                                  /home/ismoil/projects/MCU/st7789/st7789_cmsis_black_pill/build/build-st7789_cmsis_black_pill-STM32F401-Release/Release_STM32F40_555e120e1bd64c65/firmware.9bcf18e4/08e960b27d56c69f/main.c.o
st7789_WriteSpi                                   /home/ismoil/projects/MCU/st7789/st7789_cmsis_black_pill/build/build-st7789_cmsis_black_pill-STM32F401-Release/Release_STM32F40_555e120e1bd64c65/firmware.9bcf18e4/08e960b27d56c69f/st7789.c.o
svcCall                                           /home/ismoil/projects/MCU/st7789/st7789_cmsis_black_pill/build/build-st7789_cmsis_black_pill-STM32F401-Release/Release_STM32F40_555e120e1bd64c65/firmware.9bcf18e4/08e960b27d56c69f/svc.c.o
                                                  /home/ismoil/projects/MCU/st7789/st7789_cmsis_black_pill/build/build-st7789_cmsis_black_pill-STM32F401-Release/Release_STM32F40_555e120e1bd64c65/firmware.9bcf18e4/08e960b27d56c69f/main.c.o
svcLogTime                                        /home/ismoil/projects/MCU/st7789/st7789_cmsis_black_pill/build/build-st7789_cmsis_black_pill-STM32F401-Release/Release_STM32F40_555e120e1bd64c65/firmware.9bcf18e4/08e960b27d56c69f/main.c.o
svcLogTimeReset                                   /home/ismoil/projects/MCU/st7789/st7789_cmsis_black_pill/build/build-st7789_cmsis_black_pill-STM32F401-Release/Release_STM32F40_555e120e1bd64c65/firmware.9bcf18e4/08e960b27d56c69f/main.c.o
svcWrite0                                         /home/ismoil/projects/MCU/st7789/st7789_cmsis_black_pill/build/build-st7789_cmsis_black_pill-STM32F401-Release/Release_STM32F40_555e120e1bd64c65/firmware.9bcf18e4/08e960b27d56c69f/svc.c.o
                                                  /home/ismoil/projects/MCU/st7789/st7789_cmsis_black_pill/build/build-st7789_cmsis_black_pill-STM32F401-Release/Release_STM32F40_555e120e1bd64c65/firmware.9bcf18e4/08e960b27d56c69f/main.c.o
svcWriteNumber                                    /home/ismoil/projects/MCU/st7789/st7789_cmsis_black_pill/build/build-st7789_cmsis_black_pill-STM32F401-Release/Release_STM32F40_555e120e1bd64c65/firmware.9bcf18e4/08e960b27d56c69f/main.c.o
tick                                              /home/ismoil/projects/MCU/st7789/st7789_cmsis_black_pill/build/build-st7789_cmsis_black_pill-STM32F401-Release/Release_STM32F40_555e120e1bd64c65/firmware.9bcf18e4/08e960b27d56c69f/main.c.o
utoa                                              /usr/lib/gcc/arm-none-eabi/11.2.0/../../../../arm-none-eabi/lib/thumb/v7e-m+fp/hard/libc_nano.a(lib_a-utoa.o)
