Archive member included to satisfy reference by file (symbol)

/usr/lib/gcc/arm-none-eabi/11.2.0/../../../../arm-none-eabi/lib/thumb/v7e-m+fp/hard/libc.a(lib_a-atexit.o)
                              /usr/lib/gcc/arm-none-eabi/11.2.0/../../../../arm-none-eabi/lib/thumb/v7e-m+fp/hard/crt0.o (atexit)
/usr/lib/gcc/arm-none-eabi/11.2.0/../../../../arm-none-eabi/lib/thumb/v7e-m+fp/hard/libc.a(lib_a-exit.o)
                              /usr/lib/gcc/arm-none-eabi/11.2.0/../../../../arm-none-eabi/lib/thumb/v7e-m+fp/hard/crt0.o (exit)
/usr/lib/gcc/arm-none-eabi/11.2.0/../../../../arm-none-eabi/lib/thumb/v7e-m+fp/hard/libc.a(lib_a-fini.o)
                              /usr/lib/gcc/arm-none-eabi/11.2.0/../../../../arm-none-eabi/lib/thumb/v7e-m+fp/hard/crt0.o (__libc_fini_array)
/usr/lib/gcc/arm-none-eabi/11.2.0/../../../../arm-none-eabi/lib/thumb/v7e-m+fp/hard/libc.a(lib_a-impure.o)
                              /usr/lib/gcc/arm-none-eabi/11.2.0/../../../../arm-none-eabi/lib/thumb/v7e-m+fp/hard/libc.a(lib_a-exit.o) (_global_impure_ptr)
/usr/lib/gcc/arm-none-eabi/11.2.0/../../../../arm-none-eabi/lib/thumb/v7e-m+fp/hard/libc.a(lib_a-init.o)
                              /usr/lib/gcc/arm-none-eabi/11.2.0/../../../../arm-none-eabi/lib/thumb/v7e-m+fp/hard/crt0.o (__libc_init_array)
/usr/lib/gcc/arm-none-eabi/11.2.0/../../../../arm-none-eabi/lib/thumb/v7e-m+fp/hard/libc.a(lib_a-memset.o)
                              /usr/lib/gcc/arm-none-eabi/11.2.0/../../../../arm-none-eabi/lib/thumb/v7e-m+fp/hard/crt0.o (memset)
/usr/lib/gcc/arm-none-eabi/11.2.0/../../../../arm-none-eabi/lib/thumb/v7e-m+fp/hard/libc.a(lib_a-__atexit.o)
                              /usr/lib/gcc/arm-none-eabi/11.2.0/../../../../arm-none-eabi/lib/thumb/v7e-m+fp/hard/libc.a(lib_a-atexit.o) (__register_exitproc)
/usr/lib/gcc/arm-none-eabi/11.2.0/../../../../arm-none-eabi/lib/thumb/v7e-m+fp/hard/libc.a(lib_a-__call_atexit.o)
                              /usr/lib/gcc/arm-none-eabi/11.2.0/../../../../arm-none-eabi/lib/thumb/v7e-m+fp/hard/libc.a(lib_a-exit.o) (__call_exitprocs)
/usr/lib/gcc/arm-none-eabi/11.2.0/../../../../arm-none-eabi/lib/thumb/v7e-m+fp/hard/libc.a(lib_a-lock.o)
                              /usr/lib/gcc/arm-none-eabi/11.2.0/../../../../arm-none-eabi/lib/thumb/v7e-m+fp/hard/libc.a(lib_a-__atexit.o) (__retarget_lock_acquire_recursive)
/usr/lib/gcc/arm-none-eabi/11.2.0/../../../../arm-none-eabi/lib/thumb/v7e-m+fp/hard/libnosys.a(_exit.o)
                              /usr/lib/gcc/arm-none-eabi/11.2.0/../../../../arm-none-eabi/lib/thumb/v7e-m+fp/hard/libc.a(lib_a-exit.o) (_exit)
/usr/lib/gcc/arm-none-eabi/11.2.0/thumb/v7e-m+fp/hard/libgcc.a(_aeabi_ldivmod.o)
                              /home/ismoil/projects/MCU/st7789/st7789_cmsis_black_pill/build/build-st7789_cmsis_black_pill-STM32F401-Debug/Debug_STM32F40_77c9d40222e7ab2c/firmware.9bcf18e4/08e960b27d56c69f/main.c.o (__aeabi_ldivmod)
/usr/lib/gcc/arm-none-eabi/11.2.0/thumb/v7e-m+fp/hard/libgcc.a(_fixsfdi.o)
                              /home/ismoil/projects/MCU/st7789/st7789_cmsis_black_pill/build/build-st7789_cmsis_black_pill-STM32F401-Debug/Debug_STM32F40_77c9d40222e7ab2c/firmware.9bcf18e4/08e960b27d56c69f/main.c.o (__aeabi_f2lz)
/usr/lib/gcc/arm-none-eabi/11.2.0/thumb/v7e-m+fp/hard/libgcc.a(_fixunssfdi.o)
                              /usr/lib/gcc/arm-none-eabi/11.2.0/thumb/v7e-m+fp/hard/libgcc.a(_fixsfdi.o) (__aeabi_f2ulz)
/usr/lib/gcc/arm-none-eabi/11.2.0/thumb/v7e-m+fp/hard/libgcc.a(_udivmoddi4.o)
                              /usr/lib/gcc/arm-none-eabi/11.2.0/thumb/v7e-m+fp/hard/libgcc.a(_aeabi_ldivmod.o) (__udivmoddi4)
/usr/lib/gcc/arm-none-eabi/11.2.0/thumb/v7e-m+fp/hard/libgcc.a(_arm_muldf3.o)
                              /usr/lib/gcc/arm-none-eabi/11.2.0/thumb/v7e-m+fp/hard/libgcc.a(_fixunssfdi.o) (__aeabi_dmul)
/usr/lib/gcc/arm-none-eabi/11.2.0/thumb/v7e-m+fp/hard/libgcc.a(_dvmd_tls.o)
                              /usr/lib/gcc/arm-none-eabi/11.2.0/thumb/v7e-m+fp/hard/libgcc.a(_aeabi_ldivmod.o) (__aeabi_ldiv0)
/usr/lib/gcc/arm-none-eabi/11.2.0/thumb/v7e-m+fp/hard/libgcc.a(_arm_addsubdf3.o)
                              /usr/lib/gcc/arm-none-eabi/11.2.0/thumb/v7e-m+fp/hard/libgcc.a(_fixunssfdi.o) (__aeabi_dsub)
/usr/lib/gcc/arm-none-eabi/11.2.0/thumb/v7e-m+fp/hard/libgcc.a(_arm_fixunsdfsi.o)
                              /usr/lib/gcc/arm-none-eabi/11.2.0/thumb/v7e-m+fp/hard/libgcc.a(_fixunssfdi.o) (__aeabi_d2uiz)
/usr/lib/gcc/arm-none-eabi/11.2.0/../../../../arm-none-eabi/lib/thumb/v7e-m+fp/hard/libc_nano.a(lib_a-itoa.o)
                              /home/ismoil/projects/MCU/st7789/st7789_cmsis_black_pill/build/build-st7789_cmsis_black_pill-STM32F401-Debug/Debug_STM32F40_77c9d40222e7ab2c/firmware.9bcf18e4/08e960b27d56c69f/main.c.o (itoa)
/usr/lib/gcc/arm-none-eabi/11.2.0/../../../../arm-none-eabi/lib/thumb/v7e-m+fp/hard/libc_nano.a(lib_a-utoa.o)
[...]
Memory Configuration

Name             Origin             Length             Attributes
RAM              0x0000000020000000 0x0000000000010000 xrw
FLASH            0x0000000008000000 0x0000000000040000 xr
*default*        0x0000000000000000 0xffffffffffffffff

Linker script and memory map

LOAD /usr/lib/gcc/arm-none-eabi/11.2.0/thumb/v7e-m+fp/hard/crti.o
LOAD /usr/lib/gcc/arm-none-eabi/11.2.0/thumb/v7e-m+fp/hard/crtbegin.o
LOAD /usr/lib/gcc/arm-none-eabi/11.2.0/../../../../arm-none-eabi/lib/thumb/v7e-m+fp/hard/crt0.o
                0x0000000020010000                _estack = 0x20010000
                0x0000000000000200                _Min_Heap_Size = 0x200
                0x0000000000000400                _Min_Stack_Size = 0x400

.isr_vector     0x0000000008000000      0x194
                0x0000000008000000                . = ALIGN (0x4)
 *(.isr_vector)
 .isr_vector    0x0000000008000000      0x194 /home/ismoil/projects/MCU/st7789/st7789_cmsis_black_pill/build/build-st7789_cmsis_black_pill-STM32F401-Debug/Debug_STM32F40_77c9d40222e7ab2c/firmware.9bcf18e4/3a52ce780950d4d9/startup_stm32f401xc.s.o
                0x0000000008000000                g_pfnVectors
                0x0000000008000194                . = ALIGN (0x4)

.text           0x0000000008000194     0x2544
                0x0000000008000194                . = ALIGN (0x4)
 *(.text)
 .text          0x0000000008000194       0xa0 /usr/lib/gcc/arm-none-eabi/11.2.0/thumb/v7e-m+fp/hard/libgcc.a(_aeabi_ldivmod.o)
                0x0000000008000194                __aeabi_ldivmod
 .text          0x0000000008000234      0x254 /usr/lib/gcc/arm-none-eabi/11.2.0/thumb/v7e-m+fp/hard/libgcc.a(_arm_muldf3.o)
                0x0000000008000234                __aeabi_dmul
                0x0000000008000234                __muldf3
 .text          0x0000000008000488        0x4 /usr/lib/gcc/arm-none-eabi/11.2.0/thumb/v7e-m+fp/hard/libgcc.a(_dvmd_tls.o)
                0x0000000008000488                __aeabi_ldiv0
                0x0000000008000488                __aeabi_idiv0
 .text          0x000000000800048c      0x378 /usr/lib/gcc/arm-none-eabi/11.2.0/thumb/v7e-m+fp/hard/libgcc.a(_arm_addsubdf3.o)
                0x000000000800048c                __aeabi_drsub
                0x0000000008000494                __aeabi_dsub
                0x0000000008000494                __subdf3
                0x0000000008000498                __adddf3
                0x0000000008000498                __aeabi_dadd
                0x0000000008000710                __aeabi_ui2d
                0x0000000008000710                __floatunsidf
                0x0000000008000730                __floatsidf
                0x0000000008000730                __aeabi_i2d
                0x0000000008000754                __extendsfdf2
                0x0000000008000754                __aeabi_f2d
                0x0000000008000798                __aeabi_ul2d
                0x0000000008000798                __floatundidf
                0x00000000080007a8                __floatdidf
                0x00000000080007a8                __aeabi_l2d
 .text          0x0000000008000804       0x40 /usr/lib/gcc/arm-none-eabi/11.2.0/thumb/v7e-m+fp/hard/libgcc.a(_arm_fixunsdfsi.o)
                0x0000000008000804                __fixunsdfsi
                0x0000000008000804                __aeabi_d2uiz
 *(.text*)
 .text.__do_global_dtors_aux
                0x0000000008000844       0x24 /usr/lib/gcc/arm-none-eabi/11.2.0/thumb/v7e-m+fp/hard/crtbegin.o
 .text.frame_dummy
                0x0000000008000868       0x1c /usr/lib/gcc/arm-none-eabi/11.2.0/thumb/v7e-m+fp/hard/crtbegin.o
 .text.atexit   0x0000000008000884        0xc /usr/lib/gcc/arm-none-eabi/11.2.0/../../../../arm-none-eabi/lib/thumb/v7e-m+fp/hard/libc.a(lib_a-atexit.o)
                0x0000000008000884                atexit
 .text.__libc_fini_array
                0x0000000008000890       0x2c /usr/lib/gcc/arm-none-eabi/11.2.0/../../../../arm-none-eabi/lib/thumb/v7e-m+fp/hard/libc.a(lib_a-fini.o)
                0x0000000008000890                __libc_fini_array
 .text.__libc_init_array
                0x00000000080008bc       0x48 /usr/lib/gcc/arm-none-eabi/11.2.0/../../../../arm-none-eabi/lib/thumb/v7e-m+fp/hard/libc.a(lib_a-init.o)
                0x00000000080008bc                __libc_init_array
 .text.__register_exitproc
                0x0000000008000904       0x84 /usr/lib/gcc/arm-none-eabi/11.2.0/../../../../arm-none-eabi/lib/thumb/v7e-m+fp/hard/libc.a(lib_a-__atexit.o)
                0x0000000008000904                __register_exitproc
 .text.startup.register_fini
                0x0000000008000988       0x14 /usr/lib/gcc/arm-none-eabi/11.2.0/../../../../arm-none-eabi/lib/thumb/v7e-m+fp/hard/libc.a(lib_a-__call_atexit.o)
 .text.__retarget_lock_acquire_recursive
                0x000000000800099c        0x4 /usr/lib/gcc/arm-none-eabi/11.2.0/../../../../arm-none-eabi/lib/thumb/v7e-m+fp/hard/libc.a(lib_a-lock.o)
                0x000000000800099c                __retarget_lock_acquire_recursive
 .text.__retarget_lock_release_recursive
                0x00000000080009a0        0x4 /usr/lib/gcc/arm-none-eabi/11.2.0/../../../../arm-none-eabi/lib/thumb/v7e-m+fp/hard/libc.a(lib_a-lock.o)
                0x00000000080009a0                __retarget_lock_release_recursive
 .text.__NVIC_SetPriority
                0x00000000080009a4       0x54 /home/ismoil/projects/MCU/st7789/st7789_cmsis_black_pill/build/build-st7789_cmsis_black_pill-STM32F401-Debug/Debug_STM32F40_77c9d40222e7ab2c/firmware.9bcf18e4/08e960b27d56c69f/main.c.o
 .text.SysTick_Config
                0x00000000080009f8       0x44 /home/ismoil/projects/MCU/st7789/st7789_cmsis_black_pill/build/build-st7789_cmsis_black_pill-STM32F401-Debug/Debug_STM32F40_77c9d40222e7ab2c/firmware.9bcf18e4/08e960b27d56c69f/main.c.o
 .text.setupTimer
                0x0000000008000a3c       0x38 /home/ismoil/projects/MCU/st7789/st7789_cmsis_black_pill/build/build-st7789_cmsis_black_pill-STM32F401-Debug/Debug_STM32F40_77c9d40222e7ab2c/firmware.9bcf18e4/08e960b27d56c69f/main.c.o
                0x0000000008000a3c                setupTimer
 .text.st7789_GPIOInit
                0x0000000008000a74       0xb8 /home/ismoil/projects/MCU/st7789/st7789_cmsis_black_pill/build/build-st7789_cmsis_black_pill-STM32F401-Debug/Debug_STM32F40_77c9d40222e7ab2c/firmware.9bcf18e4/08e960b27d56c69f/main.c.o
                0x0000000008000a74                st7789_GPIOInit
 .text.demoCycleColors
                0x0000000008000b2c      0x11a /home/ismoil/projects/MCU/st7789/st7789_cmsis_black_pill/build/build-st7789_cmsis_black_pill-STM32F401-Debug/Debug_STM32F40_77c9d40222e7ab2c/firmware.9bcf18e4/08e960b27d56c69f/main.c.o
                0x0000000008000b2c                demoCycleColors
 .text.demoCheckboardDisplay
                0x0000000008000c46      0x2b2 /home/ismoil/projects/MCU/st7789/st7789_cmsis_black_pill/build/build-st7789_cmsis_black_pill-STM32F401-Debug/Debug_STM32F40_77c9d40222e7ab2c/firmware.9bcf18e4/08e960b27d56c69f/main.c.o
                0x0000000008000c46                demoCheckboardDisplay
 .text.demoCheckboard
                0x0000000008000ef8      0x16c /home/ismoil/projects/MCU/st7789/st7789_cmsis_black_pill/build/build-st7789_cmsis_black_pill-STM32F401-Debug/Debug_STM32F40_77c9d40222e7ab2c/firmware.9bcf18e4/08e960b27d56c69f/main.c.o
                0x0000000008000ef8                demoCheckboard
 .text.demoMandelbrotCalculateFast
                0x0000000008001064       0x78 /home/ismoil/projects/MCU/st7789/st7789_cmsis_black_pill/build/build-st7789_cmsis_black_pill-STM32F401-Debug/Debug_STM32F40_77c9d40222e7ab2c/firmware.9bcf18e4/08e960b27d56c69f/main.c.o
                0x0000000008001064                demoMandelbrotCalculateFast
 .text.demoMandelbrotDisplayFast
                0x00000000080010dc      0x234 /home/ismoil/projects/MCU/st7789/st7789_cmsis_black_pill/build/build-st7789_cmsis_black_pill-STM32F401-Debug/Debug_STM32F40_77c9d40222e7ab2c/firmware.9bcf18e4/08e960b27d56c69f/main.c.o
                0x00000000080010dc                demoMandelbrotDisplayFast
 .text.demoMandelbrotCalculate
                0x0000000008001310      0x154 /home/ismoil/projects/MCU/st7789/st7789_cmsis_black_pill/build/build-st7789_cmsis_black_pill-STM32F401-Debug/Debug_STM32F40_77c9d40222e7ab2c/firmware.9bcf18e4/08e960b27d56c69f/main.c.o
                0x0000000008001310                demoMandelbrotCalculate
 .text.demoMandelbrotDisplay
                0x0000000008001464      0x282 /home/ismoil/projects/MCU/st7789/st7789_cmsis_black_pill/build/build-st7789_cmsis_black_pill-STM32F401-Debug/Debug_STM32F40_77c9d40222e7ab2c/firmware.9bcf18e4/08e960b27d56c69f/main.c.o
                0x0000000008001464                demoMandelbrotDisplay
 *fill*         0x00000000080016e6        0x2 
 .text.demoMandelbrot
                0x00000000080016e8      0x238 /home/ismoil/projects/MCU/st7789/st7789_cmsis_black_pill/build/build-st7789_cmsis_black_pill-STM32F401-Debug/Debug_STM32F40_77c9d40222e7ab2c/firmware.9bcf18e4/08e960b27d56c69f/main.c.o
                0x00000000080016e8                demoMandelbrot
 .text.demoIcon
                0x0000000008001920       0xe0 /home/ismoil/projects/MCU/st7789/st7789_cmsis_black_pill/build/build-st7789_cmsis_black_pill-STM32F401-Debug/Debug_STM32F40_77c9d40222e7ab2c/firmware.9bcf18e4/08e960b27d56c69f/main.c.o
                0x0000000008001920                demoIcon
 .text.delay_ms
                0x0000000008001a00       0x30 /home/ismoil/projects/MCU/st7789/st7789_cmsis_black_pill/build/build-st7789_cmsis_black_pill-STM32F401-Debug/Debug_STM32F40_77c9d40222e7ab2c/firmware.9bcf18e4/08e960b27d56c69f/main.c.o
                0x0000000008001a00                delay_ms
 .text.GPIO_Init
                0x0000000008001a30       0x4c /home/ismoil/projects/MCU/st7789/st7789_cmsis_black_pill/build/build-st7789_cmsis_black_pill-STM32F401-Debug/Debug_STM32F40_77c9d40222e7ab2c/firmware.9bcf18e4/08e960b27d56c69f/main.c.o
                0x0000000008001a30                GPIO_Init
 .text.SetSysClkTo84
                0x0000000008001a7c      0x108 /home/ismoil/projects/MCU/st7789/st7789_cmsis_black_pill/build/build-st7789_cmsis_black_pill-STM32F401-Debug/Debug_STM32F40_77c9d40222e7ab2c/firmware.9bcf18e4/08e960b27d56c69f/main.c.o
                0x0000000008001a7c                SetSysClkTo84
 .text.main     0x0000000008001b84       0x80 /home/ismoil/projects/MCU/st7789/st7789_cmsis_black_pill/build/build-st7789_cmsis_black_pill-STM32F401-Debug/Debug_STM32F40_77c9d40222e7ab2c/firmware.9bcf18e4/08e960b27d56c69f/main.c.o
                0x0000000008001b84                main
 .text.SysTick_Handler
                0x0000000008001c04       0x1c /home/ismoil/projects/MCU/st7789/st7789_cmsis_black_pill/build/build-st7789_cmsis_black_pill-STM32F401-Debug/Debug_STM32F40_77c9d40222e7ab2c/firmware.9bcf18e4/08e960b27d56c69f/main.c.o
                0x0000000008001c04                SysTick_Handler
 .text.st7789_WaitNanosecs
                0x0000000008001c20       0x38 /home/ismoil/projects/MCU/st7789/st7789_cmsis_black_pill/build/build-st7789_cmsis_black_pill-STM32F401-Debug/Debug_STM32F40_77c9d40222e7ab2c/firmware.9bcf18e4/08e960b27d56c69f/st7789.c.o
                0x0000000008001c20                st7789_WaitNanosecs
 .text.st7789_Reset
                0x0000000008001c58       0x38 /home/ismoil/projects/MCU/st7789/st7789_cmsis_black_pill/build/build-st7789_cmsis_black_pill-STM32F401-Debug/Debug_STM32F40_77c9d40222e7ab2c/firmware.9bcf18e4/08e960b27d56c69f/st7789.c.o
                0x0000000008001c58                st7789_Reset
 .text.st7789_StartCommand
                0x0000000008001c90       0x20 /home/ismoil/projects/MCU/st7789/st7789_cmsis_black_pill/build/build-st7789_cmsis_black_pill-STM32F401-Debug/Debug_STM32F40_77c9d40222e7ab2c/firmware.9bcf18e4/08e960b27d56c69f/st7789.c.o
                0x0000000008001c90                st7789_StartCommand
 .text.st7789_StartData
                0x0000000008001cb0       0x20 /home/ismoil/projects/MCU/st7789/st7789_cmsis_black_pill/build/build-st7789_cmsis_black_pill-STM32F401-Debug/Debug_STM32F40_77c9d40222e7ab2c/firmware.9bcf18e4/08e960b27d56c69f/st7789.c.o
                0x0000000008001cb0                st7789_StartData
 .text.st7789_WriteSpi
                0x0000000008001cd0       0x30 /home/ismoil/projects/MCU/st7789/st7789_cmsis_black_pill/build/build-st7789_cmsis_black_pill-STM32F401-Debug/Debug_STM32F40_77c9d40222e7ab2c/firmware.9bcf18e4/08e960b27d56c69f/st7789.c.o
                0x0000000008001cd0                st7789_WriteSpi
 .text.st7789_WriteDMA
                0x0000000008001d00       0x7c /home/ismoil/projects/MCU/st7789/st7789_cmsis_black_pill/build/build-st7789_cmsis_black_pill-STM32F401-Debug/Debug_STM32F40_77c9d40222e7ab2c/firmware.9bcf18e4/08e960b27d56c69f/st7789.c.o
                0x0000000008001d00                st7789_WriteDMA
 .text.st7789_WaitForDMA
                0x0000000008001d7c       0x20 /home/ismoil/projects/MCU/st7789/st7789_cmsis_black_pill/build/build-st7789_cmsis_black_pill-STM32F401-Debug/Debug_STM32F40_77c9d40222e7ab2c/firmware.9bcf18e4/08e960b27d56c69f/st7789.c.o
                0x0000000008001d7c                st7789_WaitForDMA
 .text.st7789_RunCommand
                0x0000000008001d9c       0x6c /home/ismoil/projects/MCU/st7789/st7789_cmsis_black_pill/build/build-st7789_cmsis_black_pill-STM32F401-Debug/Debug_STM32F40_77c9d40222e7ab2c/firmware.9bcf18e4/08e960b27d56c69f/st7789.c.o
                0x0000000008001d9c                st7789_RunCommand
 .text.st7789_RunCommands
                0x0000000008001e08       0x28 /home/ismoil/projects/MCU/st7789/st7789_cmsis_black_pill/build/build-st7789_cmsis_black_pill-STM32F401-Debug/Debug_STM32F40_77c9d40222e7ab2c/firmware.9bcf18e4/08e960b27d56c69f/st7789.c.o
                0x0000000008001e08                st7789_RunCommands
 .text.st7789_Init_1_3_LCD
                0x0000000008001e30      0x214 /home/ismoil/projects/MCU/st7789/st7789_cmsis_black_pill/build/build-st7789_cmsis_black_pill-STM32F401-Debug/Debug_STM32F40_77c9d40222e7ab2c/firmware.9bcf18e4/08e960b27d56c69f/st7789.c.o
                0x0000000008001e30                st7789_Init_1_3_LCD
 .text.st7789_StartMemoryWrite
                0x0000000008002044       0x16 /home/ismoil/projects/MCU/st7789/st7789_cmsis_black_pill/build/build-st7789_cmsis_black_pill-STM32F401-Debug/Debug_STM32F40_77c9d40222e7ab2c/firmware.9bcf18e4/08e960b27d56c69f/st7789.c.o
                0x0000000008002044                st7789_StartMemoryWrite
 .text.st7789_SetWindow
                0x000000000800205a       0xd2 /home/ismoil/projects/MCU/st7789/st7789_cmsis_black_pill/build/build-st7789_cmsis_black_pill-STM32F401-Debug/Debug_STM32F40_77c9d40222e7ab2c/firmware.9bcf18e4/08e960b27d56c69f/st7789.c.o
                0x000000000800205a                st7789_SetWindow
 .text.st7789_FillArea
                0x000000000800212c       0xcc /home/ismoil/projects/MCU/st7789/st7789_cmsis_black_pill/build/build-st7789_cmsis_black_pill-STM32F401-Debug/Debug_STM32F40_77c9d40222e7ab2c/firmware.9bcf18e4/08e960b27d56c69f/st7789.c.o
                0x000000000800212c                st7789_FillArea
 .text.st7789_Clear
                0x00000000080021f8       0x22 /home/ismoil/projects/MCU/st7789/st7789_cmsis_black_pill/build/build-st7789_cmsis_black_pill-STM32F401-Debug/Debug_STM32F40_77c9d40222e7ab2c/firmware.9bcf18e4/08e960b27d56c69f/st7789.c.o
                0x00000000080021f8                st7789_Clear
 .text.st7789_RGBToColor
                0x000000000800221a       0x44 /home/ismoil/projects/MCU/st7789/st7789_cmsis_black_pill/build/build-st7789_cmsis_black_pill-STM32F401-Debug/Debug_STM32F40_77c9d40222e7ab2c/firmware.9bcf18e4/08e960b27d56c69f/st7789.c.o
                0x000000000800221a                st7789_RGBToColor
 *fill*         0x000000000800225e        0x2 
 .text.SystemInit
                0x0000000008002260       0x24 /home/ismoil/projects/MCU/st7789/st7789_cmsis_black_pill/build/build-st7789_cmsis_black_pill-STM32F401-Debug/Debug_STM32F40_77c9d40222e7ab2c/firmware.9bcf18e4/08e960b27d56c69f/system_stm32f4xx.c.o
                0x0000000008002260                SystemInit
 .text.SystemCoreClockUpdate
                0x0000000008002284      0x100 /home/ismoil/projects/MCU/st7789/st7789_cmsis_black_pill/build/build-st7789_cmsis_black_pill-STM32F401-Debug/Debug_STM32F40_77c9d40222e7ab2c/firmware.9bcf18e4/08e960b27d56c69f/system_stm32f4xx.c.o
                0x0000000008002284                SystemCoreClockUpdate
 .text.Reset_Handler
                0x0000000008002384       0x50 /home/ismoil/projects/MCU/st7789/st7789_cmsis_black_pill/build/build-st7789_cmsis_black_pill-STM32F401-Debug/Debug_STM32F40_77c9d40222e7ab2c/firmware.9bcf18e4/3a52ce780950d4d9/startup_stm32f401xc.s.o
                0x0000000008002384                Reset_Handler
 .text.Default_Handler
                0x00000000080023d4        0x2 /home/ismoil/projects/MCU/st7789/st7789_cmsis_black_pill/build/build-st7789_cmsis_black_pill-STM32F401-Debug/Debug_STM32F40_77c9d40222e7ab2c/firmware.9bcf18e4/3a52ce780950d4d9/startup_stm32f401xc.s.o
                0x00000000080023d4                RTC_Alarm_IRQHandler
                0x00000000080023d4                EXTI2_IRQHandler
                0x00000000080023d4                DebugMon_Handler
                0x00000000080023d4                SPI4_IRQHandler
                0x00000000080023d4                TIM1_CC_IRQHandler
                0x00000000080023d4                DMA2_Stream5_IRQHandler
                0x00000000080023d4                HardFault_Handler
                0x00000000080023d4                DMA1_Stream5_IRQHandler
                0x00000000080023d4                PVD_IRQHandler
                0x00000000080023d4                SDIO_IRQHandler
                0x00000000080023d4                TAMP_STAMP_IRQHandler
                0x00000000080023d4                PendSV_Handler
                0x00000000080023d4                NMI_Handler
                0x00000000080023d4                EXTI3_IRQHandler
                0x00000000080023d4                TIM1_UP_TIM10_IRQHandler
                0x00000000080023d4                I2C3_ER_IRQHandler
                0x00000000080023d4                EXTI0_IRQHandler
                0x00000000080023d4                I2C2_EV_IRQHandler
                0x00000000080023d4                DMA1_Stream2_IRQHandler
                0x00000000080023d4                FPU_IRQHandler
                0x00000000080023d4                UsageFault_Handler
                0x00000000080023d4                DMA2_Stream2_IRQHandler
                0x00000000080023d4                SPI1_IRQHandler
                0x00000000080023d4                TIM1_BRK_TIM9_IRQHandler
                0x00000000080023d4                DMA2_Stream3_IRQHandler
                0x00000000080023d4                USART6_IRQHandler
                0x00000000080023d4                DMA2_Stream0_IRQHandler
                0x00000000080023d4                TIM4_IRQHandler
                0x00000000080023d4                I2C1_EV_IRQHandler
                0x00000000080023d4                DMA1_Stream6_IRQHandler
                0x00000000080023d4                DMA1_Stream1_IRQHandler
                0x00000000080023d4                TIM3_IRQHandler
                0x00000000080023d4                RCC_IRQHandler
                0x00000000080023d4                Default_Handler
                0x00000000080023d4                EXTI15_10_IRQHandler
                0x00000000080023d4                ADC_IRQHandler
                0x00000000080023d4                DMA1_Stream7_IRQHandler
                0x00000000080023d4                TIM5_IRQHandler
                0x00000000080023d4                DMA2_Stream7_IRQHandler
                0x00000000080023d4                I2C3_EV_IRQHandler
                0x00000000080023d4                EXTI9_5_IRQHandler
                0x00000000080023d4                RTC_WKUP_IRQHandler
                0x00000000080023d4                SPI2_IRQHandler
                0x00000000080023d4                MemManage_Handler
                0x00000000080023d4                DMA1_Stream0_IRQHandler
                0x00000000080023d4                SVC_Handler
                0x00000000080023d4                EXTI4_IRQHandler
                0x00000000080023d4                WWDG_IRQHandler
                0x00000000080023d4                TIM2_IRQHandler
                0x00000000080023d4                OTG_FS_WKUP_IRQHandler
                0x00000000080023d4                TIM1_TRG_COM_TIM11_IRQHandler
                0x00000000080023d4                EXTI1_IRQHandler
                0x00000000080023d4                USART2_IRQHandler
                0x00000000080023d4                I2C2_ER_IRQHandler
                0x00000000080023d4                DMA2_Stream1_IRQHandler
                0x00000000080023d4                FLASH_IRQHandler
                0x00000000080023d4                DMA2_Stream4_IRQHandler
                0x00000000080023d4                BusFault_Handler
                0x00000000080023d4                USART1_IRQHandler
                0x00000000080023d4                OTG_FS_IRQHandler
                0x00000000080023d4                SPI3_IRQHandler
                0x00000000080023d4                DMA1_Stream4_IRQHandler
                0x00000000080023d4                I2C1_ER_IRQHandler
                0x00000000080023d4                DMA2_Stream6_IRQHandler
                0x00000000080023d4                DMA1_Stream3_IRQHandler
 .text.__fixsfdi
                0x00000000080023d6       0x2c /usr/lib/gcc/arm-none-eabi/11.2.0/thumb/v7e-m+fp/hard/libgcc.a(_fixsfdi.o)
                0x00000000080023d6                __aeabi_f2lz
                0x00000000080023d6                __fixsfdi
 *fill*         0x0000000008002402        0x2 
 .text.__fixunssfdi
                0x0000000008002404       0x40 /usr/lib/gcc/arm-none-eabi/11.2.0/thumb/v7e-m+fp/hard/libgcc.a(_fixunssfdi.o)
                0x0000000008002404                __aeabi_f2ulz
                0x0000000008002404                __fixunssfdi
 .text.__udivmoddi4
                0x0000000008002444      0x27a /usr/lib/gcc/arm-none-eabi/11.2.0/thumb/v7e-m+fp/hard/libgcc.a(_udivmoddi4.o)
                0x0000000008002444                __udivmoddi4
 *(.glue_7)
 .glue_7        0x00000000080026be        0x0 linker stubs
 *(.glue_7t)
 .glue_7t       0x00000000080026be        0x0 linker stubs
 *(.eh_frame)
 *fill*         0x00000000080026be        0x2 
 .eh_frame      0x00000000080026c0        0x0 /usr/lib/gcc/arm-none-eabi/11.2.0/thumb/v7e-m+fp/hard/crtbegin.o
 *(.init)
 .init          0x00000000080026c0        0x4 /usr/lib/gcc/arm-none-eabi/11.2.0/thumb/v7e-m+fp/hard/crti.o
                0x00000000080026c0                _init
 .init          0x00000000080026c4        0x8 /usr/lib/gcc/arm-none-eabi/11.2.0/thumb/v7e-m+fp/hard/crtn.o
 *(.fini)
 .fini          0x00000000080026cc        0x4 /usr/lib/gcc/arm-none-eabi/11.2.0/thumb/v7e-m+fp/hard/crti.o
                0x00000000080026cc                _fini
 .fini          0x00000000080026d0        0x8 /usr/lib/gcc/arm-none-eabi/11.2.0/thumb/v7e-m+fp/hard/crtn.o
                0x00000000080026d8                . = ALIGN (0x4)
                0x00000000080026d8                _etext = .

.vfp11_veneer   0x00000000080026d8        0x0
 .vfp11_veneer  0x00000000080026d8        0x0 linker stubs

.v4_bx          0x00000000080026d8        0x0
 .v4_bx         0x00000000080026d8        0x0 linker stubs

.iplt           0x00000000080026d8        0x0
 .iplt          0x00000000080026d8        0x0 /usr/lib/gcc/arm-none-eabi/11.2.0/thumb/v7e-m+fp/hard/crtbegin.o

.rodata         0x00000000080026d8       0x64
                0x00000000080026d8                . = ALIGN (0x4)
 *(.rodata)
 .rodata        0x00000000080026d8       0x50 /home/ismoil/projects/MCU/st7789/st7789_cmsis_black_pill/build/build-st7789_cmsis_black_pill-STM32F401-Debug/Debug_STM32F40_77c9d40222e7ab2c/firmware.9bcf18e4/08e960b27d56c69f/st7789.c.o
 *(.rodata*)
 .rodata._global_impure_ptr
                0x0000000008002728        0x4 /usr/lib/gcc/arm-none-eabi/11.2.0/../../../../arm-none-eabi/lib/thumb/v7e-m+fp/hard/libc.a(lib_a-impure.o)
                0x0000000008002728                _global_impure_ptr
 .rodata.AHBPrescTable
                0x000000000800272c       0x10 /home/ismoil/projects/MCU/st7789/st7789_cmsis_black_pill/build/build-st7789_cmsis_black_pill-STM32F401-Debug/Debug_STM32F40_77c9d40222e7ab2c/firmware.9bcf18e4/08e960b27d56c69f/system_stm32f4xx.c.o
                0x000000000800272c                AHBPrescTable
                0x000000000800273c                . = ALIGN (0x4)

.ARM.extab
 *(.ARM.extab* .gnu.linkonce.armextab.*)

.ARM            0x000000000800273c        0x8
                0x000000000800273c                __exidx_start = .
 *(.ARM.exidx*)
 .ARM.exidx.text.__udivmoddi4
                0x000000000800273c        0x8 /usr/lib/gcc/arm-none-eabi/11.2.0/thumb/v7e-m+fp/hard/libgcc.a(_udivmoddi4.o)
                0x0000000008002744                __exidx_end = .

.rel.dyn        0x0000000008002744        0x0
 .rel.iplt      0x0000000008002744        0x0 /usr/lib/gcc/arm-none-eabi/11.2.0/thumb/v7e-m+fp/hard/crtbegin.o

.preinit_array  0x0000000008002744        0x0
                0x0000000008002744                PROVIDE (__preinit_array_start = .)
 *(.preinit_array*)
                0x0000000008002744                PROVIDE (__preinit_array_end = .)

.init_array     0x0000000008002744        0x8
                0x0000000008002744                PROVIDE (__init_array_start = .)
 *(SORT_BY_NAME(.init_array.*))
 .init_array.00000
                0x0000000008002744        0x4 /usr/lib/gcc/arm-none-eabi/11.2.0/../../../../arm-none-eabi/lib/thumb/v7e-m+fp/hard/libc.a(lib_a-__call_atexit.o)
 *(.init_array*)
 .init_array    0x0000000008002748        0x4 /usr/lib/gcc/arm-none-eabi/11.2.0/thumb/v7e-m+fp/hard/crtbegin.o
                0x000000000800274c                PROVIDE (__init_array_end = .)

.fini_array     0x000000000800274c        0x4
                0x000000000800274c                PROVIDE (__fini_array_start = .)
 *(SORT_BY_NAME(.fini_array.*))
 *(.fini_array*)
 .fini_array    0x000000000800274c        0x4 /usr/lib/gcc/arm-none-eabi/11.2.0/thumb/v7e-m+fp/hard/crtbegin.o
                0x0000000008002750                PROVIDE (__fini_array_end = .)
                0x0000000008002750                _sidata = LOADADDR (.data)

.data           0x0000000020000000      0x430 load address 0x0000000008002750
                0x0000000020000000                . = ALIGN (0x4)
                0x0000000020000000                _sdata = .
 *(.data)
 *(.data*)
 .data.impure_data
                0x0000000020000000      0x428 /usr/lib/gcc/arm-none-eabi/11.2.0/../../../../arm-none-eabi/lib/thumb/v7e-m+fp/hard/libc.a(lib_a-impure.o)
 .data.__atexit_recursive_mutex
                0x0000000020000428        0x4 /usr/lib/gcc/arm-none-eabi/11.2.0/../../../../arm-none-eabi/lib/thumb/v7e-m+fp/hard/libc.a(lib_a-__call_atexit.o)
                0x0000000020000428                __atexit_recursive_mutex
 .data.SystemCoreClock
                0x000000002000042c        0x4 /home/ismoil/projects/MCU/st7789/st7789_cmsis_black_pill/build/build-st7789_cmsis_black_pill-STM32F401-Debug/Debug_STM32F40_77c9d40222e7ab2c/firmware.9bcf18e4/08e960b27d56c69f/system_stm32f4xx.c.o
                0x000000002000042c                SystemCoreClock
                0x0000000020000430                . = ALIGN (0x4)
                0x0000000020000430                _edata = .

.igot.plt       0x0000000020000430        0x0 load address 0x0000000008002b80
 .igot.plt      0x0000000020000430        0x0 /usr/lib/gcc/arm-none-eabi/11.2.0/thumb/v7e-m+fp/hard/crtbegin.o
                0x0000000020000430                . = ALIGN (0x4)

.bss            0x0000000020000430       0x24 load address 0x0000000008002b80
                0x0000000020000430                _sbss = .
                0x0000000020000430                __bss_start__ = _sbss
 *(.bss)
 *(.bss*)
 .bss.completed.1
                0x0000000020000430        0x1 /usr/lib/gcc/arm-none-eabi/11.2.0/thumb/v7e-m+fp/hard/crtbegin.o
 *fill*         0x0000000020000431        0x3 
 .bss.object.0  0x0000000020000434       0x18 /usr/lib/gcc/arm-none-eabi/11.2.0/thumb/v7e-m+fp/hard/crtbegin.o
 .bss.__lock___atexit_recursive_mutex
                0x000000002000044c        0x1 /usr/lib/gcc/arm-none-eabi/11.2.0/../../../../arm-none-eabi/lib/thumb/v7e-m+fp/hard/libc.a(lib_a-lock.o)
                0x000000002000044c                __lock___atexit_recursive_mutex
 *fill*         0x000000002000044d        0x3 
 .bss.tick      0x0000000020000450        0x4 /home/ismoil/projects/MCU/st7789/st7789_cmsis_black_pill/build/build-st7789_cmsis_black_pill-STM32F401-Debug/Debug_STM32F40_77c9d40222e7ab2c/firmware.9bcf18e4/08e960b27d56c69f/main.c.o
                0x0000000020000450                tick
 *(COMMON)
                0x0000000020000454                . = ALIGN (0x4)
                0x0000000020000454                _ebss = .
                0x0000000020000454                __bss_end__ = _ebss

._user_heap_stack
                0x0000000020000454      0x604 load address 0x0000000008002b80
                0x0000000020000458                . = ALIGN (0x8)
 *fill*         0x0000000020000454        0x4 
                [!provide]                        PROVIDE (end = .)
                [!provide]                        PROVIDE (_end = .)
                0x0000000020000658                . = (. + _Min_Heap_Size)
 *fill*         0x0000000020000458      0x200 
                0x0000000020000a58                . = (. + _Min_Stack_Size)
 *fill*         0x0000000020000658      0x400 
                0x0000000020000a58                . = ALIGN (0x8)

/DISCARD/
 libc.a(*)
 libm.a(*)
 libgcc.a(*)

.ARM.attributes
                0x0000000000000000       0x30
 *(.ARM.attributes)
 .ARM.attributes
                0x0000000000000000       0x1e /usr/lib/gcc/arm-none-eabi/11.2.0/thumb/v7e-m+fp/hard/crti.o
 .ARM.attributes
                0x000000000000001e       0x34 /usr/lib/gcc/arm-none-eabi/11.2.0/thumb/v7e-m+fp/hard/crtbegin.o
 .ARM.attributes
                0x0000000000000052       0x34 /home/ismoil/projects/MCU/st7789/st7789_cmsis_black_pill/build/build-st7789_cmsis_black_pill-STM32F401-Debug/Debug_STM32F40_77c9d40222e7ab2c/firmware.9bcf18e4/08e960b27d56c69f/main.c.o
 .ARM.attributes
                0x0000000000000086       0x34 /home/ismoil/projects/MCU/st7789/st7789_cmsis_black_pill/build/build-st7789_cmsis_black_pill-STM32F401-Debug/Debug_STM32F40_77c9d40222e7ab2c/firmware.9bcf18e4/08e960b27d56c69f/st7789.c.o
 .ARM.attributes
                0x00000000000000ba       0x34 /home/ismoil/projects/MCU/st7789/st7789_cmsis_black_pill/build/build-st7789_cmsis_black_pill-STM32F401-Debug/Debug_STM32F40_77c9d40222e7ab2c/firmware.9bcf18e4/08e960b27d56c69f/system_stm32f4xx.c.o
 .ARM.attributes
                0x00000000000000ee       0x21 /home/ismoil/projects/MCU/st7789/st7789_cmsis_black_pill/build/build-st7789_cmsis_black_pill-STM32F401-Debug/Debug_STM32F40_77c9d40222e7ab2c/firmware.9bcf18e4/3a52ce780950d4d9/startup_stm32f401xc.s.o
 .ARM.attributes
                0x000000000000010f       0x1e /usr/lib/gcc/arm-none-eabi/11.2.0/thumb/v7e-m+fp/hard/libgcc.a(_aeabi_ldivmod.o)
 .ARM.attributes
                0x000000000000012d       0x34 /usr/lib/gcc/arm-none-eabi/11.2.0/thumb/v7e-m+fp/hard/libgcc.a(_fixsfdi.o)
 .ARM.attributes
                0x0000000000000161       0x34 /usr/lib/gcc/arm-none-eabi/11.2.0/thumb/v7e-m+fp/hard/libgcc.a(_fixunssfdi.o)
 .ARM.attributes
                0x0000000000000195       0x34 /usr/lib/gcc/arm-none-eabi/11.2.0/thumb/v7e-m+fp/hard/libgcc.a(_udivmoddi4.o)
 .ARM.attributes
                0x00000000000001c9       0x1e /usr/lib/gcc/arm-none-eabi/11.2.0/thumb/v7e-m+fp/hard/libgcc.a(_arm_muldf3.o)
 .ARM.attributes
                0x00000000000001e7       0x1e /usr/lib/gcc/arm-none-eabi/11.2.0/thumb/v7e-m+fp/hard/libgcc.a(_dvmd_tls.o)
 .ARM.attributes
                0x0000000000000205       0x1e /usr/lib/gcc/arm-none-eabi/11.2.0/thumb/v7e-m+fp/hard/libgcc.a(_arm_addsubdf3.o)
 .ARM.attributes
                0x0000000000000223       0x1e /usr/lib/gcc/arm-none-eabi/11.2.0/thumb/v7e-m+fp/hard/libgcc.a(_arm_fixunsdfsi.o)
 .ARM.attributes
                0x0000000000000241       0x1e /usr/lib/gcc/arm-none-eabi/11.2.0/thumb/v7e-m+fp/hard/crtn.o
LOAD /home/ismoil/projects/MCU/st7789/st7789_cmsis_black_pill/build/build-st7789_cmsis_black_pill-STM32F401-Debug/Debug_STM32F40_77c9d40222e7ab2c/firmware.9bcf18e4/08e960b27d56c69f/main.c.o
LOAD /home/ismoil/projects/MCU/st7789/st7789_cmsis_black_pill/build/build-st7789_cmsis_black_pill-STM32F401-Debug/Debug_STM32F40_77c9d40222e7ab2c/firmware.9bcf18e4/08e960b27d56c69f/st7789.c.o
LOAD /home/ismoil/projects/MCU/st7789/st7789_cmsis_black_pill/build/build-st7789_cmsis_black_pill-STM32F401-Debug/Debug_STM32F40_77c9d40222e7ab2c/firmware.9bcf18e4/08e960b27d56c69f/svc.c.o
LOAD /home/ismoil/projects/MCU/st7789/st7789_cmsis_black_pill/build/build-st7789_cmsis_black_pill-STM32F401-Debug/Debug_STM32F40_77c9d40222e7ab2c/firmware.9bcf18e4/08e960b27d56c69f/system_stm32f4xx.c.o
LOAD /home/ismoil/projects/MCU/st7789/st7789_cmsis_black_pill/build/build-st7789_cmsis_black_pill-STM32F401-Debug/Debug_STM32F40_77c9d40222e7ab2c/firmware.9bcf18e4/3a52ce780950d4d9/startup_stm32f401xc.s.o
LOAD /usr/lib/gcc/arm-none-eabi/11.2.0/../../../../arm-none-eabi/lib/thumb/v7e-m+fp/hard/libnosys.a
LOAD /usr/lib/gcc/arm-none-eabi/11.2.0/thumb/v7e-m+fp/hard/libgcc.a
LOAD /usr/lib/gcc/arm-none-eabi/11.2.0/../../../../arm-none-eabi/lib/thumb/v7e-m+fp/hard/libc_nano.a
START GROUP
LOAD /usr/lib/gcc/arm-none-eabi/11.2.0/thumb/v7e-m+fp/hard/libgcc.a
LOAD /usr/lib/gcc/arm-none-eabi/11.2.0/../../../../arm-none-eabi/lib/thumb/v7e-m+fp/hard/libc_nano.a
END GROUP
START GROUP
LOAD /usr/lib/gcc/arm-none-eabi/11.2.0/thumb/v7e-m+fp/hard/libgcc.a
LOAD /usr/lib/gcc/arm-none-eabi/11.2.0/../../../../arm-none-eabi/lib/thumb/v7e-m+fp/hard/libc_nano.a
LOAD /usr/lib/gcc/arm-none-eabi/11.2.0/../../../../arm-none-eabi/lib/thumb/v7e-m+fp/hard/libnosys.a
END GROUP
START GROUP
LOAD /usr/lib/gcc/arm-none-eabi/11.2.0/thumb/v7e-m+fp/hard/libgcc.a
LOAD /usr/lib/gcc/arm-none-eabi/11.2.0/../../../../arm-none-eabi/lib/thumb/v7e-m+fp/hard/libc_nano.a
LOAD /usr/lib/gcc/arm-none-eabi/11.2.0/../../../../arm-none-eabi/lib/thumb/v7e-m+fp/hard/libnosys.a
END GROUP
LOAD /usr/lib/gcc/arm-none-eabi/11.2.0/thumb/v7e-m+fp/hard/crtend.o
LOAD /usr/lib/gcc/arm-none-eabi/11.2.0/thumb/v7e-m+fp/hard/crtn.o
OUTPUT(/home/ismoil/projects/MCU/st7789/st7789_cmsis_black_pill/build/build-st7789_cmsis_black_pill-STM32F401-Debug/Debug_STM32F40_77c9d40222e7ab2c/firmware.9bcf18e4/firmware.elf elf32-littlearm)
LOAD linker stubs
LOAD /usr/lib/gcc/arm-none-eabi/11.2.0/../../../../arm-none-eabi/lib/thumb/v7e-m+fp/hard/libc.a
LOAD /usr/lib/gcc/arm-none-eabi/11.2.0/../../../../arm-none-eabi/lib/thumb/v7e-m+fp/hard/libm.a
LOAD /usr/lib/gcc/arm-none-eabi/11.2.0/thumb/v7e-m+fp/hard/libgcc.a

.debug_info     0x0000000000000000     0x3076
 .debug_info    0x0000000000000000     0x158b /home/ismoil/projects/MCU/st7789/st7789_cmsis_black_pill/build/build-st7789_cmsis_black_pill-STM32F401-Debug/Debug_STM32F40_77c9d40222e7ab2c/firmware.9bcf18e4/08e960b27d56c69f/main.c.o
 .debug_info    0x000000000000158b      0x734 /home/ismoil/projects/MCU/st7789/st7789_cmsis_black_pill/build/build-st7789_cmsis_black_pill-STM32F401-Debug/Debug_STM32F40_77c9d40222e7ab2c/firmware.9bcf18e4/08e960b27d56c69f/st7789.c.o
 .debug_info    0x0000000000001cbf      0x533 /home/ismoil/projects/MCU/st7789/st7789_cmsis_black_pill/build/build-st7789_cmsis_black_pill-STM32F401-Debug/Debug_STM32F40_77c9d40222e7ab2c/firmware.9bcf18e4/08e960b27d56c69f/system_stm32f4xx.c.o
 .debug_info    0x00000000000021f2       0x22 /home/ismoil/projects/MCU/st7789/st7789_cmsis_black_pill/build/build-st7789_cmsis_black_pill-STM32F401-Debug/Debug_STM32F40_77c9d40222e7ab2c/firmware.9bcf18e4/3a52ce780950d4d9/startup_stm32f401xc.s.o
 .debug_info    0x0000000000002214       0x25 /usr/lib/gcc/arm-none-eabi/11.2.0/thumb/v7e-m+fp/hard/libgcc.a(_aeabi_ldivmod.o)
 .debug_info    0x0000000000002239      0x328 /usr/lib/gcc/arm-none-eabi/11.2.0/thumb/v7e-m+fp/hard/libgcc.a(_fixsfdi.o)
 .debug_info    0x0000000000002561      0x39f /usr/lib/gcc/arm-none-eabi/11.2.0/thumb/v7e-m+fp/hard/libgcc.a(_fixunssfdi.o)
 .debug_info    0x0000000000002900      0x6e4 /usr/lib/gcc/arm-none-eabi/11.2.0/thumb/v7e-m+fp/hard/libgcc.a(_udivmoddi4.o)
 .debug_info    0x0000000000002fe4       0x25 /usr/lib/gcc/arm-none-eabi/11.2.0/thumb/v7e-m+fp/hard/libgcc.a(_arm_muldf3.o)
 .debug_info    0x0000000000003009       0x24 /usr/lib/gcc/arm-none-eabi/11.2.0/thumb/v7e-m+fp/hard/libgcc.a(_dvmd_tls.o)
 .debug_info    0x000000000000302d       0x25 /usr/lib/gcc/arm-none-eabi/11.2.0/thumb/v7e-m+fp/hard/libgcc.a(_arm_addsubdf3.o)
 .debug_info    0x0000000000003052       0x24 /usr/lib/gcc/arm-none-eabi/11.2.0/thumb/v7e-m+fp/hard/libgcc.a(_arm_fixunsdfsi.o)

.debug_abbrev   0x0000000000000000      0xab1
 .debug_abbrev  0x0000000000000000      0x39f /home/ismoil/projects/MCU/st7789/st7789_cmsis_black_pill/build/build-st7789_cmsis_black_pill-STM32F401-Debug/Debug_STM32F40_77c9d40222e7ab2c/firmware.9bcf18e4/08e960b27d56c69f/main.c.o
 .debug_abbrev  0x000000000000039f      0x1f3 /home/ismoil/projects/MCU/st7789/st7789_cmsis_black_pill/build/build-st7789_cmsis_black_pill-STM32F401-Debug/Debug_STM32F40_77c9d40222e7ab2c/firmware.9bcf18e4/08e960b27d56c69f/st7789.c.o
 .debug_abbrev  0x0000000000000592      0x118 /home/ismoil/projects/MCU/st7789/st7789_cmsis_black_pill/build/build-st7789_cmsis_black_pill-STM32F401-Debug/Debug_STM32F40_77c9d40222e7ab2c/firmware.9bcf18e4/08e960b27d56c69f/system_stm32f4xx.c.o
 .debug_abbrev  0x00000000000006aa       0x12 /home/ismoil/projects/MCU/st7789/st7789_cmsis_black_pill/build/build-st7789_cmsis_black_pill-STM32F401-Debug/Debug_STM32F40_77c9d40222e7ab2c/firmware.9bcf18e4/3a52ce780950d4d9/startup_stm32f401xc.s.o
 .debug_abbrev  0x00000000000006bc       0x14 /usr/lib/gcc/arm-none-eabi/11.2.0/thumb/v7e-m+fp/hard/libgcc.a(_aeabi_ldivmod.o)
 .debug_abbrev  0x00000000000006d0      0x115 /usr/lib/gcc/arm-none-eabi/11.2.0/thumb/v7e-m+fp/hard/libgcc.a(_fixsfdi.o)
 .debug_abbrev  0x00000000000007e5      0x103 /usr/lib/gcc/arm-none-eabi/11.2.0/thumb/v7e-m+fp/hard/libgcc.a(_fixunssfdi.o)
 .debug_abbrev  0x00000000000008e8      0x179 /usr/lib/gcc/arm-none-eabi/11.2.0/thumb/v7e-m+fp/hard/libgcc.a(_udivmoddi4.o)
 .debug_abbrev  0x0000000000000a61       0x14 /usr/lib/gcc/arm-none-eabi/11.2.0/thumb/v7e-m+fp/hard/libgcc.a(_arm_muldf3.o)
 .debug_abbrev  0x0000000000000a75       0x14 /usr/lib/gcc/arm-none-eabi/11.2.0/thumb/v7e-m+fp/hard/libgcc.a(_dvmd_tls.o)
 .debug_abbrev  0x0000000000000a89       0x14 /usr/lib/gcc/arm-none-eabi/11.2.0/thumb/v7e-m+fp/hard/libgcc.a(_arm_addsubdf3.o)
 .debug_abbrev  0x0000000000000a9d       0x14 /usr/lib/gcc/arm-none-eabi/11.2.0/thumb/v7e-m+fp/hard/libgcc.a(_arm_fixunsdfsi.o)

.debug_aranges  0x0000000000000000      0x2c0
 .debug_aranges
                0x0000000000000000       0xc8 /home/ismoil/projects/MCU/st7789/st7789_cmsis_black_pill/build/build-st7789_cmsis_black_pill-STM32F401-Debug/Debug_STM32F40_77c9d40222e7ab2c/firmware.9bcf18e4/08e960b27d56c69f/main.c.o
 .debug_aranges
                0x00000000000000c8       0xa8 /home/ismoil/projects/MCU/st7789/st7789_cmsis_black_pill/build/build-st7789_cmsis_black_pill-STM32F401-Debug/Debug_STM32F40_77c9d40222e7ab2c/firmware.9bcf18e4/08e960b27d56c69f/st7789.c.o
 .debug_aranges
                0x0000000000000170       0x28 /home/ismoil/projects/MCU/st7789/st7789_cmsis_black_pill/build/build-st7789_cmsis_black_pill-STM32F401-Debug/Debug_STM32F40_77c9d40222e7ab2c/firmware.9bcf18e4/08e960b27d56c69f/system_stm32f4xx.c.o
 .debug_aranges
                0x0000000000000198       0x28 /home/ismoil/projects/MCU/st7789/st7789_cmsis_black_pill/build/build-st7789_cmsis_black_pill-STM32F401-Debug/Debug_STM32F40_77c9d40222e7ab2c/firmware.9bcf18e4/3a52ce780950d4d9/startup_stm32f401xc.s.o
 .debug_aranges
                0x00000000000001c0       0x20 /usr/lib/gcc/arm-none-eabi/11.2.0/thumb/v7e-m+fp/hard/libgcc.a(_aeabi_ldivmod.o)
 .debug_aranges
                0x00000000000001e0       0x20 /usr/lib/gcc/arm-none-eabi/11.2.0/thumb/v7e-m+fp/hard/libgcc.a(_fixsfdi.o)
 .debug_aranges
                0x0000000000000200       0x20 /usr/lib/gcc/arm-none-eabi/11.2.0/thumb/v7e-m+fp/hard/libgcc.a(_fixunssfdi.o)
 .debug_aranges
                0x0000000000000220       0x20 /usr/lib/gcc/arm-none-eabi/11.2.0/thumb/v7e-m+fp/hard/libgcc.a(_udivmoddi4.o)
 .debug_aranges
                0x0000000000000240       0x20 /usr/lib/gcc/arm-none-eabi/11.2.0/thumb/v7e-m+fp/hard/libgcc.a(_arm_muldf3.o)
 .debug_aranges
                0x0000000000000260       0x20 /usr/lib/gcc/arm-none-eabi/11.2.0/thumb/v7e-m+fp/hard/libgcc.a(_dvmd_tls.o)
 .debug_aranges
                0x0000000000000280       0x20 /usr/lib/gcc/arm-none-eabi/11.2.0/thumb/v7e-m+fp/hard/libgcc.a(_arm_addsubdf3.o)
 .debug_aranges
                0x00000000000002a0       0x20 /usr/lib/gcc/arm-none-eabi/11.2.0/thumb/v7e-m+fp/hard/libgcc.a(_arm_fixunsdfsi.o)

.debug_rnglists
                0x0000000000000000      0x1cb
 .debug_rnglists
                0x0000000000000000       0x9d /home/ismoil/projects/MCU/st7789/st7789_cmsis_black_pill/build/build-st7789_cmsis_black_pill-STM32F401-Debug/Debug_STM32F40_77c9d40222e7ab2c/firmware.9bcf18e4/08e960b27d56c69f/main.c.o
 .debug_rnglists
                0x000000000000009d       0x7d /home/ismoil/projects/MCU/st7789/st7789_cmsis_black_pill/build/build-st7789_cmsis_black_pill-STM32F401-Debug/Debug_STM32F40_77c9d40222e7ab2c/firmware.9bcf18e4/08e960b27d56c69f/st7789.c.o
 .debug_rnglists
                0x000000000000011a       0x1a /home/ismoil/projects/MCU/st7789/st7789_cmsis_black_pill/build/build-st7789_cmsis_black_pill-STM32F401-Debug/Debug_STM32F40_77c9d40222e7ab2c/firmware.9bcf18e4/08e960b27d56c69f/system_stm32f4xx.c.o
 .debug_rnglists
                0x0000000000000134       0x13 /usr/lib/gcc/arm-none-eabi/11.2.0/thumb/v7e-m+fp/hard/libgcc.a(_fixsfdi.o)
 .debug_rnglists
                0x0000000000000147       0x13 /usr/lib/gcc/arm-none-eabi/11.2.0/thumb/v7e-m+fp/hard/libgcc.a(_fixunssfdi.o)
 .debug_rnglists
                0x000000000000015a       0x71 /usr/lib/gcc/arm-none-eabi/11.2.0/thumb/v7e-m+fp/hard/libgcc.a(_udivmoddi4.o)

.debug_line     0x0000000000000000     0x1fc7
 .debug_line    0x0000000000000000      0xd22 /home/ismoil/projects/MCU/st7789/st7789_cmsis_black_pill/build/build-st7789_cmsis_black_pill-STM32F401-Debug/Debug_STM32F40_77c9d40222e7ab2c/firmware.9bcf18e4/08e960b27d56c69f/main.c.o
 .debug_line    0x0000000000000d22      0x567 /home/ismoil/projects/MCU/st7789/st7789_cmsis_black_pill/build/build-st7789_cmsis_black_pill-STM32F401-Debug/Debug_STM32F40_77c9d40222e7ab2c/firmware.9bcf18e4/08e960b27d56c69f/st7789.c.o
 .debug_line    0x0000000000001289      0x264 /home/ismoil/projects/MCU/st7789/st7789_cmsis_black_pill/build/build-st7789_cmsis_black_pill-STM32F401-Debug/Debug_STM32F40_77c9d40222e7ab2c/firmware.9bcf18e4/08e960b27d56c69f/system_stm32f4xx.c.o
 .debug_line    0x00000000000014ed       0xaf /home/ismoil/projects/MCU/st7789/st7789_cmsis_black_pill/build/build-st7789_cmsis_black_pill-STM32F401-Debug/Debug_STM32F40_77c9d40222e7ab2c/firmware.9bcf18e4/3a52ce780950d4d9/startup_stm32f401xc.s.o
 .debug_line    0x000000000000159c       0x6c /usr/lib/gcc/arm-none-eabi/11.2.0/thumb/v7e-m+fp/hard/libgcc.a(_aeabi_ldivmod.o)
 .debug_line    0x0000000000001608       0xc4 /usr/lib/gcc/arm-none-eabi/11.2.0/thumb/v7e-m+fp/hard/libgcc.a(_fixsfdi.o)
 .debug_line    0x00000000000016cc       0xcd /usr/lib/gcc/arm-none-eabi/11.2.0/thumb/v7e-m+fp/hard/libgcc.a(_fixunssfdi.o)
 .debug_line    0x0000000000001799      0x522 /usr/lib/gcc/arm-none-eabi/11.2.0/thumb/v7e-m+fp/hard/libgcc.a(_udivmoddi4.o)
 .debug_line    0x0000000000001cbb       0xf5 /usr/lib/gcc/arm-none-eabi/11.2.0/thumb/v7e-m+fp/hard/libgcc.a(_arm_muldf3.o)
 .debug_line    0x0000000000001db0       0x4a /usr/lib/gcc/arm-none-eabi/11.2.0/thumb/v7e-m+fp/hard/libgcc.a(_dvmd_tls.o)
 .debug_line    0x0000000000001dfa      0x16f /usr/lib/gcc/arm-none-eabi/11.2.0/thumb/v7e-m+fp/hard/libgcc.a(_arm_addsubdf3.o)
 .debug_line    0x0000000000001f69       0x5e /usr/lib/gcc/arm-none-eabi/11.2.0/thumb/v7e-m+fp/hard/libgcc.a(_arm_fixunsdfsi.o)

.debug_str      0x0000000000000000     0x1592
 .debug_str     0x0000000000000000      0xb9e /home/ismoil/projects/MCU/st7789/st7789_cmsis_black_pill/build/build-st7789_cmsis_black_pill-STM32F401-Debug/Debug_STM32F40_77c9d40222e7ab2c/firmware.9bcf18e4/08e960b27d56c69f/main.c.o
                                        0xc28 (size before relaxing)
 .debug_str     0x0000000000000b9e      0x1e9 /home/ismoil/projects/MCU/st7789/st7789_cmsis_black_pill/build/build-st7789_cmsis_black_pill-STM32F401-Debug/Debug_STM32F40_77c9d40222e7ab2c/firmware.9bcf18e4/08e960b27d56c69f/st7789.c.o
                                        0x4a8 (size before relaxing)
 .debug_str     0x0000000000000d87       0x97 /home/ismoil/projects/MCU/st7789/st7789_cmsis_black_pill/build/build-st7789_cmsis_black_pill-STM32F401-Debug/Debug_STM32F40_77c9d40222e7ab2c/firmware.9bcf18e4/08e960b27d56c69f/system_stm32f4xx.c.o
                                        0x3b0 (size before relaxing)
 .debug_str     0x0000000000000e1e       0x5b /home/ismoil/projects/MCU/st7789/st7789_cmsis_black_pill/build/build-st7789_cmsis_black_pill-STM32F401-Debug/Debug_STM32F40_77c9d40222e7ab2c/firmware.9bcf18e4/3a52ce780950d4d9/startup_stm32f401xc.s.o
                                         0x68 (size before relaxing)
 .debug_str     0x0000000000000e79       0x66 /usr/lib/gcc/arm-none-eabi/11.2.0/thumb/v7e-m+fp/hard/libgcc.a(_aeabi_ldivmod.o)
 .debug_str     0x0000000000000edf      0x53c /usr/lib/gcc/arm-none-eabi/11.2.0/thumb/v7e-m+fp/hard/libgcc.a(_fixsfdi.o)
                                        0x635 (size before relaxing)
 .debug_str     0x000000000000141b       0x50 /usr/lib/gcc/arm-none-eabi/11.2.0/thumb/v7e-m+fp/hard/libgcc.a(_fixunssfdi.o)
                                        0x666 (size before relaxing)
 .debug_str     0x000000000000146b      0x10e /usr/lib/gcc/arm-none-eabi/11.2.0/thumb/v7e-m+fp/hard/libgcc.a(_udivmoddi4.o)
                                        0x66b (size before relaxing)
 .debug_str     0x0000000000001579        0xd /usr/lib/gcc/arm-none-eabi/11.2.0/thumb/v7e-m+fp/hard/libgcc.a(_arm_muldf3.o)
                                         0x6b (size before relaxing)
 .debug_str     0x0000000000001586        0xc /usr/lib/gcc/arm-none-eabi/11.2.0/thumb/v7e-m+fp/hard/libgcc.a(_dvmd_tls.o)
                                         0x6a (size before relaxing)
 .debug_str     0x0000000000001592       0x6b /usr/lib/gcc/arm-none-eabi/11.2.0/thumb/v7e-m+fp/hard/libgcc.a(_arm_addsubdf3.o)
 .debug_str     0x0000000000001592       0x6b /usr/lib/gcc/arm-none-eabi/11.2.0/thumb/v7e-m+fp/hard/libgcc.a(_arm_fixunsdfsi.o)

.comment        0x0000000000000000       0x1e
 .comment       0x0000000000000000       0x1e /home/ismoil/projects/MCU/st7789/st7789_cmsis_black_pill/build/build-st7789_cmsis_black_pill-STM32F401-Debug/Debug_STM32F40_77c9d40222e7ab2c/firmware.9bcf18e4/08e960b27d56c69f/main.c.o
                                         0x1f (size before relaxing)
 .comment       0x000000000000001e       0x1f /home/ismoil/projects/MCU/st7789/st7789_cmsis_black_pill/build/build-st7789_cmsis_black_pill-STM32F401-Debug/Debug_STM32F40_77c9d40222e7ab2c/firmware.9bcf18e4/08e960b27d56c69f/st7789.c.o
 .comment       0x000000000000001e       0x1f /home/ismoil/projects/MCU/st7789/st7789_cmsis_black_pill/build/build-st7789_cmsis_black_pill-STM32F401-Debug/Debug_STM32F40_77c9d40222e7ab2c/firmware.9bcf18e4/08e960b27d56c69f/system_stm32f4xx.c.o
 .comment       0x000000000000001e       0x1f /usr/lib/gcc/arm-none-eabi/11.2.0/thumb/v7e-m+fp/hard/libgcc.a(_fixsfdi.o)
 .comment       0x000000000000001e       0x1f /usr/lib/gcc/arm-none-eabi/11.2.0/thumb/v7e-m+fp/hard/libgcc.a(_fixunssfdi.o)
 .comment       0x000000000000001e       0x1f /usr/lib/gcc/arm-none-eabi/11.2.0/thumb/v7e-m+fp/hard/libgcc.a(_udivmoddi4.o)

.debug_frame    0x0000000000000000      0x82c
 .debug_frame   0x0000000000000000      0x360 /home/ismoil/projects/MCU/st7789/st7789_cmsis_black_pill/build/build-st7789_cmsis_black_pill-STM32F401-Debug/Debug_STM32F40_77c9d40222e7ab2c/firmware.9bcf18e4/08e960b27d56c69f/main.c.o
 .debug_frame   0x0000000000000360      0x2a0 /home/ismoil/projects/MCU/st7789/st7789_cmsis_black_pill/build/build-st7789_cmsis_black_pill-STM32F401-Debug/Debug_STM32F40_77c9d40222e7ab2c/firmware.9bcf18e4/08e960b27d56c69f/st7789.c.o
 .debug_frame   0x0000000000000600       0x58 /home/ismoil/projects/MCU/st7789/st7789_cmsis_black_pill/build/build-st7789_cmsis_black_pill-STM32F401-Debug/Debug_STM32F40_77c9d40222e7ab2c/firmware.9bcf18e4/08e960b27d56c69f/system_stm32f4xx.c.o
 .debug_frame   0x0000000000000658       0x44 /usr/lib/gcc/arm-none-eabi/11.2.0/thumb/v7e-m+fp/hard/libgcc.a(_aeabi_ldivmod.o)
 .debug_frame   0x000000000000069c       0x30 /usr/lib/gcc/arm-none-eabi/11.2.0/thumb/v7e-m+fp/hard/libgcc.a(_fixsfdi.o)
 .debug_frame   0x00000000000006cc       0x2c /usr/lib/gcc/arm-none-eabi/11.2.0/thumb/v7e-m+fp/hard/libgcc.a(_fixunssfdi.o)
 .debug_frame   0x00000000000006f8       0x34 /usr/lib/gcc/arm-none-eabi/11.2.0/thumb/v7e-m+fp/hard/libgcc.a(_udivmoddi4.o)
 .debug_frame   0x000000000000072c       0x30 /usr/lib/gcc/arm-none-eabi/11.2.0/thumb/v7e-m+fp/hard/libgcc.a(_arm_muldf3.o)
 .debug_frame   0x000000000000075c       0xac /usr/lib/gcc/arm-none-eabi/11.2.0/thumb/v7e-m+fp/hard/libgcc.a(_arm_addsubdf3.o)
 .debug_frame   0x0000000000000808       0x24 /usr/lib/gcc/arm-none-eabi/11.2.0/thumb/v7e-m+fp/hard/libgcc.a(_arm_fixunsdfsi.o)

.debug_ranges   0x0000000000000000       0x20
 .debug_ranges  0x0000000000000000       0x20 /home/ismoil/projects/MCU/st7789/st7789_cmsis_black_pill/build/build-st7789_cmsis_black_pill-STM32F401-Debug/Debug_STM32F40_77c9d40222e7ab2c/firmware.9bcf18e4/3a52ce780950d4d9/startup_stm32f401xc.s.o

.debug_line_str
                0x0000000000000000       0x5b
 .debug_line_str
                0x0000000000000000       0x42 /usr/lib/gcc/arm-none-eabi/11.2.0/thumb/v7e-m+fp/hard/libgcc.a(_aeabi_ldivmod.o)
                                         0x84 (size before relaxing)
 .debug_line_str
                0x0000000000000042        0xd /usr/lib/gcc/arm-none-eabi/11.2.0/thumb/v7e-m+fp/hard/libgcc.a(_arm_muldf3.o)
                                         0x8e (size before relaxing)
 .debug_line_str
                0x000000000000004f        0xc /usr/lib/gcc/arm-none-eabi/11.2.0/thumb/v7e-m+fp/hard/libgcc.a(_dvmd_tls.o)
                                         0x8c (size before relaxing)
 .debug_line_str
                0x000000000000005b       0x8e /usr/lib/gcc/arm-none-eabi/11.2.0/thumb/v7e-m+fp/hard/libgcc.a(_arm_addsubdf3.o)
 .debug_line_str
                0x000000000000005b       0x8e /usr/lib/gcc/arm-none-eabi/11.2.0/thumb/v7e-m+fp/hard/libgcc.a(_arm_fixunsdfsi.o)

.debug_loclists
                0x0000000000000000      0x8e9
 .debug_loclists
                0x0000000000000000       0x38 /usr/lib/gcc/arm-none-eabi/11.2.0/thumb/v7e-m+fp/hard/libgcc.a(_fixsfdi.o)
 .debug_loclists
                0x0000000000000038       0x94 /usr/lib/gcc/arm-none-eabi/11.2.0/thumb/v7e-m+fp/hard/libgcc.a(_fixunssfdi.o)
 .debug_loclists
                0x00000000000000cc      0x81d /usr/lib/gcc/arm-none-eabi/11.2.0/thumb/v7e-m+fp/hard/libgcc.a(_udivmoddi4.o)

Cross Reference Table

Symbol                                            File
ADC_IRQHandler                                    /home/ismoil/projects/MCU/st7789/st7789_cmsis_black_pill/build/build-st7789_cmsis_black_pill-STM32F401-Debug/Debug_STM32F40_77c9d40222e7ab2c/firmware.9bcf18e4/3a52ce780950d4d9/startup_stm32f401xc.s.o
AHBPrescTable                                     /home/ismoil/projects/MCU/st7789/st7789_cmsis_black_pill/build/build-st7789_cmsis_black_pill-STM32F401-Debug/Debug_STM32F40_77c9d40222e7ab2c/firmware.9bcf18e4/08e960b27d56c69f/system_stm32f4xx.c.o
APBPrescTable                                     /home/ismoil/projects/MCU/st7789/st7789_cmsis_black_pill/build/build-st7789_cmsis_black_pill-STM32F401-Debug/Debug_STM32F40_77c9d40222e7ab2c/firmware.9bcf18e4/08e960b27d56c69f/system_stm32f4xx.c.o
BusFault_Handler                                  /home/ismoil/projects/MCU/st7789/st7789_cmsis_black_pill/build/build-st7789_cmsis_black_pill-STM32F401-Debug/Debug_STM32F40_77c9d40222e7ab2c/firmware.9bcf18e4/3a52ce780950d4d9/startup_stm32f401xc.s.o
DMA1_Stream0_IRQHandler                           /home/ismoil/projects/MCU/st7789/st7789_cmsis_black_pill/build/build-st7789_cmsis_black_pill-STM32F401-Debug/Debug_STM32F40_77c9d40222e7ab2c/firmware.9bcf18e4/3a52ce780950d4d9/startup_stm32f401xc.s.o
DMA1_Stream1_IRQHandler                           /home/ismoil/projects/MCU/st7789/st7789_cmsis_black_pill/build/build-st7789_cmsis_black_pill-STM32F401-Debug/Debug_STM32F40_77c9d40222e7ab2c/firmware.9bcf18e4/3a52ce780950d4d9/startup_stm32f401xc.s.o
DMA1_Stream2_IRQHandler                           /home/ismoil/projects/MCU/st7789/st7789_cmsis_black_pill/build/build-st7789_cmsis_black_pill-STM32F401-Debug/Debug_STM32F40_77c9d40222e7ab2c/firmware.9bcf18e4/3a52ce780950d4d9/startup_stm32f401xc.s.o
DMA1_Stream3_IRQHandler                           /home/ismoil/projects/MCU/st7789/st7789_cmsis_black_pill/build/build-st7789_cmsis_black_pill-STM32F401-Debug/Debug_STM32F40_77c9d40222e7ab2c/firmware.9bcf18e4/3a52ce780950d4d9/startup_stm32f401xc.s.o
DMA1_Stream4_IRQHandler                           /home/ismoil/projects/MCU/st7789/st7789_cmsis_black_pill/build/build-st7789_cmsis_black_pill-STM32F401-Debug/Debug_STM32F40_77c9d40222e7ab2c/firmware.9bcf18e4/3a52ce780950d4d9/startup_stm32f401xc.s.o
DMA1_Stream5_IRQHandler                           /home/ismoil/projects/MCU/st7789/st7789_cmsis_black_pill/build/build-st7789_cmsis_black_pill-STM32F401-Debug/Debug_STM32F40_77c9d40222e7ab2c/firmware.9bcf18e4/3a52ce780950d4d9/startup_stm32f401xc.s.o
DMA1_Stream6_IRQHandler                           /home/ismoil/projects/MCU/st7789/st7789_cmsis_black_pill/build/build-st7789_cmsis_black_pill-STM32F401-Debug/Debug_STM32F40_77c9d40222e7ab2c/firmware.9bcf18e4/3a52ce780950d4d9/startup_stm32f401xc.s.o
DMA1_Stream7_IRQHandler                           /home/ismoil/projects/MCU/st7789/st7789_cmsis_black_pill/build/build-st7789_cmsis_black_pill-STM32F401-Debug/Debug_STM32F40_77c9d40222e7ab2c/firmware.9bcf18e4/3a52ce780950d4d9/startup_stm32f401xc.s.o
DMA2_Stream0_IRQHandler                           /home/ismoil/projects/MCU/st7789/st7789_cmsis_black_pill/build/build-st7789_cmsis_black_pill-STM32F401-Debug/Debug_STM32F40_77c9d40222e7ab2c/firmware.9bcf18e4/3a52ce780950d4d9/startup_stm32f401xc.s.o
DMA2_Stream1_IRQHandler                           /home/ismoil/projects/MCU/st7789/st7789_cmsis_black_pill/build/build-st7789_cmsis_black_pill-STM32F401-Debug/Debug_STM32F40_77c9d40222e7ab2c/firmware.9bcf18e4/3a52ce780950d4d9/startup_stm32f401xc.s.o
DMA2_Stream2_IRQHandler                           /home/ismoil/projects/MCU/st7789/st7789_cmsis_black_pill/build/build-st7789_cmsis_black_pill-STM32F401-Debug/Debug_STM32F40_77c9d40222e7ab2c/firmware.9bcf18e4/3a52ce780950d4d9/startup_stm32f401xc.s.o
DMA2_Stream3_IRQHandler                           /home/ismoil/projects/MCU/st7789/st7789_cmsis_black_pill/build/build-st7789_cmsis_black_pill-STM32F401-Debug/Debug_STM32F40_77c9d40222e7ab2c/firmware.9bcf18e4/3a52ce780950d4d9/startup_stm32f401xc.s.o
DMA2_Stream4_IRQHandler                           /home/ismoil/projects/MCU/st7789/st7789_cmsis_black_pill/build/build-st7789_cmsis_black_pill-STM32F401-Debug/Debug_STM32F40_77c9d40222e7ab2c/firmware.9bcf18e4/3a52ce780950d4d9/startup_stm32f401xc.s.o
DMA2_Stream5_IRQHandler                           /home/ismoil/projects/MCU/st7789/st7789_cmsis_black_pill/build/build-st7789_cmsis_black_pill-STM32F401-Debug/Debug_STM32F40_77c9d40222e7ab2c/firmware.9bcf18e4/3a52ce780950d4d9/startup_stm32f401xc.s.o
DMA2_Stream6_IRQHandler                           /home/ismoil/projects/MCU/st7789/st7789_cmsis_black_pill/build/build-st7789_cmsis_black_pill-STM32F401-Debug/Debug_STM32F40_77c9d40222e7ab2c/firmware.9bcf18e4/3a52ce780950d4d9/startup_stm32f401xc.s.o
DMA2_Stream7_IRQHandler                           /home/ismoil/projects/MCU/st7789/st7789_cmsis_black_pill/build/build-st7789_cmsis_black_pill-STM32F401-Debug/Debug_STM32F40_77c9d40222e7ab2c/firmware.9bcf18e4/3a52ce780950d4d9/startup_stm32f401xc.s.o
DebugMon_Handler                                  /home/ismoil/projects/MCU/st7789/st7789_cmsis_black_pill/build/build-st7789_cmsis_black_pill-STM32F401-Debug/Debug_STM32F40_77c9d40222e7ab2c/firmware.9bcf18e4/3a52ce780950d4d9/startup_stm32f401xc.s.o
Default_Handler                                   /home/ismoil/projects/MCU/st7789/st7789_cmsis_black_pill/build/build-st7789_cmsis_black_pill-STM32F401-Debug/Debug_STM32F40_77c9d40222e7ab2c/firmware.9bcf18e4/3a52ce780950d4d9/startup_stm32f401xc.s.o
EXTI0_IRQHandler                                  /home/ismoil/projects/MCU/st7789/st7789_cmsis_black_pill/build/build-st7789_cmsis_black_pill-STM32F401-Debug/Debug_STM32F40_77c9d40222e7ab2c/firmware.9bcf18e4/3a52ce780950d4d9/startup_stm32f401xc.s.o
EXTI15_10_IRQHandler                              /home/ismoil/projects/MCU/st7789/st7789_cmsis_black_pill/build/build-st7789_cmsis_black_pill-STM32F401-Debug/Debug_STM32F40_77c9d40222e7ab2c/firmware.9bcf18e4/3a52ce780950d4d9/startup_stm32f401xc.s.o
EXTI1_IRQHandler                                  /home/ismoil/projects/MCU/st7789/st7789_cmsis_black_pill/build/build-st7789_cmsis_black_pill-STM32F401-Debug/Debug_STM32F40_77c9d40222e7ab2c/firmware.9bcf18e4/3a52ce780950d4d9/startup_stm32f401xc.s.o
EXTI2_IRQHandler                                  /home/ismoil/projects/MCU/st7789/st7789_cmsis_black_pill/build/build-st7789_cmsis_black_pill-STM32F401-Debug/Debug_STM32F40_77c9d40222e7ab2c/firmware.9bcf18e4/3a52ce780950d4d9/startup_stm32f401xc.s.o
EXTI3_IRQHandler                                  /home/ismoil/projects/MCU/st7789/st7789_cmsis_black_pill/build/build-st7789_cmsis_black_pill-STM32F401-Debug/Debug_STM32F40_77c9d40222e7ab2c/firmware.9bcf18e4/3a52ce780950d4d9/startup_stm32f401xc.s.o
EXTI4_IRQHandler                                  /home/ismoil/projects/MCU/st7789/st7789_cmsis_black_pill/build/build-st7789_cmsis_black_pill-STM32F401-Debug/Debug_STM32F40_77c9d40222e7ab2c/firmware.9bcf18e4/3a52ce780950d4d9/startup_stm32f401xc.s.o
EXTI9_5_IRQHandler                                /home/ismoil/projects/MCU/st7789/st7789_cmsis_black_pill/build/build-st7789_cmsis_black_pill-STM32F401-Debug/Debug_STM32F40_77c9d40222e7ab2c/firmware.9bcf18e4/3a52ce780950d4d9/startup_stm32f401xc.s.o
FLASH_IRQHandler                                  /home/ismoil/projects/MCU/st7789/st7789_cmsis_black_pill/build/build-st7789_cmsis_black_pill-STM32F401-Debug/Debug_STM32F40_77c9d40222e7ab2c/firmware.9bcf18e4/3a52ce780950d4d9/startup_stm32f401xc.s.o
FPU_IRQHandler                                    /home/ismoil/projects/MCU/st7789/st7789_cmsis_black_pill/build/build-st7789_cmsis_black_pill-STM32F401-Debug/Debug_STM32F40_77c9d40222e7ab2c/firmware.9bcf18e4/3a52ce780950d4d9/startup_stm32f401xc.s.o
GPIO_Init                                         /home/ismoil/projects/MCU/st7789/st7789_cmsis_black_pill/build/build-st7789_cmsis_black_pill-STM32F401-Debug/Debug_STM32F40_77c9d40222e7ab2c/firmware.9bcf18e4/08e960b27d56c69f/main.c.o
HardFault_Handler                                 /home/ismoil/projects/MCU/st7789/st7789_cmsis_black_pill/build/build-st7789_cmsis_black_pill-STM32F401-Debug/Debug_STM32F40_77c9d40222e7ab2c/firmware.9bcf18e4/3a52ce780950d4d9/startup_stm32f401xc.s.o
I2C1_ER_IRQHandler                                /home/ismoil/projects/MCU/st7789/st7789_cmsis_black_pill/build/build-st7789_cmsis_black_pill-STM32F401-Debug/Debug_STM32F40_77c9d40222e7ab2c/firmware.9bcf18e4/3a52ce780950d4d9/startup_stm32f401xc.s.o
I2C1_EV_IRQHandler                                /home/ismoil/projects/MCU/st7789/st7789_cmsis_black_pill/build/build-st7789_cmsis_black_pill-STM32F401-Debug/Debug_STM32F40_77c9d40222e7ab2c/firmware.9bcf18e4/3a52ce780950d4d9/startup_stm32f401xc.s.o
I2C2_ER_IRQHandler                                /home/ismoil/projects/MCU/st7789/st7789_cmsis_black_pill/build/build-st7789_cmsis_black_pill-STM32F401-Debug/Debug_STM32F40_77c9d40222e7ab2c/firmware.9bcf18e4/3a52ce780950d4d9/startup_stm32f401xc.s.o
I2C2_EV_IRQHandler                                /home/ismoil/projects/MCU/st7789/st7789_cmsis_black_pill/build/build-st7789_cmsis_black_pill-STM32F401-Debug/Debug_STM32F40_77c9d40222e7ab2c/firmware.9bcf18e4/3a52ce780950d4d9/startup_stm32f401xc.s.o
I2C3_ER_IRQHandler                                /home/ismoil/projects/MCU/st7789/st7789_cmsis_black_pill/build/build-st7789_cmsis_black_pill-STM32F401-Debug/Debug_STM32F40_77c9d40222e7ab2c/firmware.9bcf18e4/3a52ce780950d4d9/startup_stm32f401xc.s.o
I2C3_EV_IRQHandler                                /home/ismoil/projects/MCU/st7789/st7789_cmsis_black_pill/build/build-st7789_cmsis_black_pill-STM32F401-Debug/Debug_STM32F40_77c9d40222e7ab2c/firmware.9bcf18e4/3a52ce780950d4d9/startup_stm32f401xc.s.o
MemManage_Handler                                 /home/ismoil/projects/MCU/st7789/st7789_cmsis_black_pill/build/build-st7789_cmsis_black_pill-STM32F401-Debug/Debug_STM32F40_77c9d40222e7ab2c/firmware.9bcf18e4/3a52ce780950d4d9/startup_stm32f401xc.s.o
NMI_Handler                                       /home/ismoil/projects/MCU/st7789/st7789_cmsis_black_pill/build/build-st7789_cmsis_black_pill-STM32F401-Debug/Debug_STM32F40_77c9d40222e7ab2c/firmware.9bcf18e4/3a52ce780950d4d9/startup_stm32f401xc.s.o
OTG_FS_IRQHandler                                 /home/ismoil/projects/MCU/st7789/st7789_cmsis_black_pill/build/build-st7789_cmsis_black_pill-STM32F401-Debug/Debug_STM32F40_77c9d40222e7ab2c/firmware.9bcf18e4/3a52ce780950d4d9/startup_stm32f401xc.s.o
OTG_FS_WKUP_IRQHandler                            /home/ismoil/projects/MCU/st7789/st7789_cmsis_black_pill/build/build-st7789_cmsis_black_pill-STM32F401-Debug/Debug_STM32F40_77c9d40222e7ab2c/firmware.9bcf18e4/3a52ce780950d4d9/startup_stm32f401xc.s.o
PVD_IRQHandler                                    /home/ismoil/projects/MCU/st7789/st7789_cmsis_black_pill/build/build-st7789_cmsis_black_pill-STM32F401-Debug/Debug_STM32F40_77c9d40222e7ab2c/firmware.9bcf18e4/3a52ce780950d4d9/startup_stm32f401xc.s.o
PendSV_Handler                                    /home/ismoil/projects/MCU/st7789/st7789_cmsis_black_pill/build/build-st7789_cmsis_black_pill-STM32F401-Debug/Debug_STM32F40_77c9d40222e7ab2c/firmware.9bcf18e4/3a52ce780950d4d9/startup_stm32f401xc.s.o
RCC_IRQHandler                                    /home/ismoil/projects/MCU/st7789/st7789_cmsis_black_pill/build/build-st7789_cmsis_black_pill-STM32F401-Debug/Debug_STM32F40_77c9d40222e7ab2c/firmware.9bcf18e4/3a52ce780950d4d9/startup_stm32f401xc.s.o
RTC_Alarm_IRQHandler                              /home/ismoil/projects/MCU/st7789/st7789_cmsis_black_pill/build/build-st7789_cmsis_black_pill-STM32F401-Debug/Debug_STM32F40_77c9d40222e7ab2c/firmware.9bcf18e4/3a52ce780950d4d9/startup_stm32f401xc.s.o
RTC_WKUP_IRQHandler                               /home/ismoil/projects/MCU/st7789/st7789_cmsis_black_pill/build/build-st7789_cmsis_black_pill-STM32F401-Debug/Debug_STM32F40_77c9d40222e7ab2c/firmware.9bcf18e4/3a52ce780950d4d9/startup_stm32f401xc.s.o
Reset_Handler                                     /home/ismoil/projects/MCU/st7789/st7789_cmsis_black_pill/build/build-st7789_cmsis_black_pill-STM32F401-Debug/Debug_STM32F40_77c9d40222e7ab2c/firmware.9bcf18e4/3a52ce780950d4d9/startup_stm32f401xc.s.o
SDIO_IRQHandler                                   /home/ismoil/projects/MCU/st7789/st7789_cmsis_black_pill/build/build-st7789_cmsis_black_pill-STM32F401-Debug/Debug_STM32F40_77c9d40222e7ab2c/firmware.9bcf18e4/3a52ce780950d4d9/startup_stm32f401xc.s.o
SPI1_IRQHandler                                   /home/ismoil/projects/MCU/st7789/st7789_cmsis_black_pill/build/build-st7789_cmsis_black_pill-STM32F401-Debug/Debug_STM32F40_77c9d40222e7ab2c/firmware.9bcf18e4/3a52ce780950d4d9/startup_stm32f401xc.s.o
SPI2_IRQHandler                                   /home/ismoil/projects/MCU/st7789/st7789_cmsis_black_pill/build/build-st7789_cmsis_black_pill-STM32F401-Debug/Debug_STM32F40_77c9d40222e7ab2c/firmware.9bcf18e4/3a52ce780950d4d9/startup_stm32f401xc.s.o
SPI3_IRQHandler                                   /home/ismoil/projects/MCU/st7789/st7789_cmsis_black_pill/build/build-st7789_cmsis_black_pill-STM32F401-Debug/Debug_STM32F40_77c9d40222e7ab2c/firmware.9bcf18e4/3a52ce780950d4d9/startup_stm32f401xc.s.o
SPI4_IRQHandler                                   /home/ismoil/projects/MCU/st7789/st7789_cmsis_black_pill/build/build-st7789_cmsis_black_pill-STM32F401-Debug/Debug_STM32F40_77c9d40222e7ab2c/firmware.9bcf18e4/3a52ce780950d4d9/startup_stm32f401xc.s.o
SVC_Handler                                       /home/ismoil/projects/MCU/st7789/st7789_cmsis_black_pill/build/build-st7789_cmsis_black_pill-STM32F401-Debug/Debug_STM32F40_77c9d40222e7ab2c/firmware.9bcf18e4/3a52ce780950d4d9/startup_stm32f401xc.s.o
SetSysClkTo84                                     /home/ismoil/projects/MCU/st7789/st7789_cmsis_black_pill/build/build-st7789_cmsis_black_pill-STM32F401-Debug/Debug_STM32F40_77c9d40222e7ab2c/firmware.9bcf18e4/08e960b27d56c69f/main.c.o
SysTick_Handler                                   /home/ismoil/projects/MCU/st7789/st7789_cmsis_black_pill/build/build-st7789_cmsis_black_pill-STM32F401-Debug/Debug_STM32F40_77c9d40222e7ab2c/firmware.9bcf18e4/08e960b27d56c69f/main.c.o
SystemCoreClock                                   /home/ismoil/projects/MCU/st7789/st7789_cmsis_black_pill/build/build-st7789_cmsis_black_pill-STM32F401-Debug/Debug_STM32F40_77c9d40222e7ab2c/firmware.9bcf18e4/08e960b27d56c69f/system_stm32f4xx.c.o
                                                  /home/ismoil/projects/MCU/st7789/st7789_cmsis_black_pill/build/build-st7789_cmsis_black_pill-STM32F401-Debug/Debug_STM32F40_77c9d40222e7ab2c/firmware.9bcf18e4/08e960b27d56c69f/main.c.o
SystemCoreClockUpdate                             /home/ismoil/projects/MCU/st7789/st7789_cmsis_black_pill/build/build-st7789_cmsis_black_pill-STM32F401-Debug/Debug_STM32F40_77c9d40222e7ab2c/firmware.9bcf18e4/08e960b27d56c69f/system_stm32f4xx.c.o
                                                  /home/ismoil/projects/MCU/st7789/st7789_cmsis_black_pill/build/build-st7789_cmsis_black_pill-STM32F401-Debug/Debug_STM32F40_77c9d40222e7ab2c/firmware.9bcf18e4/08e960b27d56c69f/main.c.o
SystemInit                                        /home/ismoil/projects/MCU/st7789/st7789_cmsis_black_pill/build/build-st7789_cmsis_black_pill-STM32F401-Debug/Debug_STM32F40_77c9d40222e7ab2c/firmware.9bcf18e4/08e960b27d56c69f/system_stm32f4xx.c.o
                                                  /home/ismoil/projects/MCU/st7789/st7789_cmsis_black_pill/build/build-st7789_cmsis_black_pill-STM32F401-Debug/Debug_STM32F40_77c9d40222e7ab2c/firmware.9bcf18e4/3a52ce780950d4d9/startup_stm32f401xc.s.o
TAMP_STAMP_IRQHandler                             /home/ismoil/projects/MCU/st7789/st7789_cmsis_black_pill/build/build-st7789_cmsis_black_pill-STM32F401-Debug/Debug_STM32F40_77c9d40222e7ab2c/firmware.9bcf18e4/3a52ce780950d4d9/startup_stm32f401xc.s.o
TIM1_BRK_TIM9_IRQHandler                          /home/ismoil/projects/MCU/st7789/st7789_cmsis_black_pill/build/build-st7789_cmsis_black_pill-STM32F401-Debug/Debug_STM32F40_77c9d40222e7ab2c/firmware.9bcf18e4/3a52ce780950d4d9/startup_stm32f401xc.s.o
TIM1_CC_IRQHandler                                /home/ismoil/projects/MCU/st7789/st7789_cmsis_black_pill/build/build-st7789_cmsis_black_pill-STM32F401-Debug/Debug_STM32F40_77c9d40222e7ab2c/firmware.9bcf18e4/3a52ce780950d4d9/startup_stm32f401xc.s.o
TIM1_TRG_COM_TIM11_IRQHandler                     /home/ismoil/projects/MCU/st7789/st7789_cmsis_black_pill/build/build-st7789_cmsis_black_pill-STM32F401-Debug/Debug_STM32F40_77c9d40222e7ab2c/firmware.9bcf18e4/3a52ce780950d4d9/startup_stm32f401xc.s.o
TIM1_UP_TIM10_IRQHandler                          /home/ismoil/projects/MCU/st7789/st7789_cmsis_black_pill/build/build-st7789_cmsis_black_pill-STM32F401-Debug/Debug_STM32F40_77c9d40222e7ab2c/firmware.9bcf18e4/3a52ce780950d4d9/startup_stm32f401xc.s.o
TIM2_IRQHandler                                   /home/ismoil/projects/MCU/st7789/st7789_cmsis_black_pill/build/build-st7789_cmsis_black_pill-STM32F401-Debug/Debug_STM32F40_77c9d40222e7ab2c/firmware.9bcf18e4/3a52ce780950d4d9/startup_stm32f401xc.s.o
TIM3_IRQHandler                                   /home/ismoil/projects/MCU/st7789/st7789_cmsis_black_pill/build/build-st7789_cmsis_black_pill-STM32F401-Debug/Debug_STM32F40_77c9d40222e7ab2c/firmware.9bcf18e4/3a52ce780950d4d9/startup_stm32f401xc.s.o
TIM4_IRQHandler                                   /home/ismoil/projects/MCU/st7789/st7789_cmsis_black_pill/build/build-st7789_cmsis_black_pill-STM32F401-Debug/Debug_STM32F40_77c9d40222e7ab2c/firmware.9bcf18e4/3a52ce780950d4d9/startup_stm32f401xc.s.o
TIM5_IRQHandler                                   /home/ismoil/projects/MCU/st7789/st7789_cmsis_black_pill/build/build-st7789_cmsis_black_pill-STM32F401-Debug/Debug_STM32F40_77c9d40222e7ab2c/firmware.9bcf18e4/3a52ce780950d4d9/startup_stm32f401xc.s.o
USART1_IRQHandler                                 /home/ismoil/projects/MCU/st7789/st7789_cmsis_black_pill/build/build-st7789_cmsis_black_pill-STM32F401-Debug/Debug_STM32F40_77c9d40222e7ab2c/firmware.9bcf18e4/3a52ce780950d4d9/startup_stm32f401xc.s.o
USART2_IRQHandler                                 /home/ismoil/projects/MCU/st7789/st7789_cmsis_black_pill/build/build-st7789_cmsis_black_pill-STM32F401-Debug/Debug_STM32F40_77c9d40222e7ab2c/firmware.9bcf18e4/3a52ce780950d4d9/startup_stm32f401xc.s.o
USART6_IRQHandler                                 /home/ismoil/projects/MCU/st7789/st7789_cmsis_black_pill/build/build-st7789_cmsis_black_pill-STM32F401-Debug/Debug_STM32F40_77c9d40222e7ab2c/firmware.9bcf18e4/3a52ce780950d4d9/startup_stm32f401xc.s.o
UsageFault_Handler                                /home/ismoil/projects/MCU/st7789/st7789_cmsis_black_pill/build/build-st7789_cmsis_black_pill-STM32F401-Debug/Debug_STM32F40_77c9d40222e7ab2c/firmware.9bcf18e4/3a52ce780950d4d9/startup_stm32f401xc.s.o
WWDG_IRQHandler                                   /home/ismoil/projects/MCU/st7789/st7789_cmsis_black_pill/build/build-st7789_cmsis_black_pill-STM32F401-Debug/Debug_STM32F40_77c9d40222e7ab2c/firmware.9bcf18e4/3a52ce780950d4d9/startup_stm32f401xc.s.o
__adddf3                                          /usr/lib/gcc/arm-none-eabi/11.2.0/thumb/v7e-m+fp/hard/libgcc.a(_arm_addsubdf3.o)
__aeabi_d2uiz                                     /usr/lib/gcc/arm-none-eabi/11.2.0/thumb/v7e-m+fp/hard/libgcc.a(_arm_fixunsdfsi.o)
                                                  /usr/lib/gcc/arm-none-eabi/11.2.0/thumb/v7e-m+fp/hard/libgcc.a(_fixunssfdi.o)
__aeabi_dadd                                      /usr/lib/gcc/arm-none-eabi/11.2.0/thumb/v7e-m+fp/hard/libgcc.a(_arm_addsubdf3.o)
__aeabi_dmul                                      /usr/lib/gcc/arm-none-eabi/11.2.0/thumb/v7e-m+fp/hard/libgcc.a(_arm_muldf3.o)
                                                  /usr/lib/gcc/arm-none-eabi/11.2.0/thumb/v7e-m+fp/hard/libgcc.a(_fixunssfdi.o)
__aeabi_drsub                                     /usr/lib/gcc/arm-none-eabi/11.2.0/thumb/v7e-m+fp/hard/libgcc.a(_arm_addsubdf3.o)
__aeabi_dsub                                      /usr/lib/gcc/arm-none-eabi/11.2.0/thumb/v7e-m+fp/hard/libgcc.a(_arm_addsubdf3.o)
                                                  /usr/lib/gcc/arm-none-eabi/11.2.0/thumb/v7e-m+fp/hard/libgcc.a(_fixunssfdi.o)
__aeabi_f2d                                       /usr/lib/gcc/arm-none-eabi/11.2.0/thumb/v7e-m+fp/hard/libgcc.a(_arm_addsubdf3.o)
                                                  /usr/lib/gcc/arm-none-eabi/11.2.0/thumb/v7e-m+fp/hard/libgcc.a(_fixunssfdi.o)
__aeabi_f2lz                                      /usr/lib/gcc/arm-none-eabi/11.2.0/thumb/v7e-m+fp/hard/libgcc.a(_fixsfdi.o)
                                                  /home/ismoil/projects/MCU/st7789/st7789_cmsis_black_pill/build/build-st7789_cmsis_black_pill-STM32F401-Debug/Debug_STM32F40_77c9d40222e7ab2c/firmware.9bcf18e4/08e960b27d56c69f/main.c.o
__aeabi_f2ulz                                     /usr/lib/gcc/arm-none-eabi/11.2.0/thumb/v7e-m+fp/hard/libgcc.a(_fixunssfdi.o)
                                                  /usr/lib/gcc/arm-none-eabi/11.2.0/thumb/v7e-m+fp/hard/libgcc.a(_fixsfdi.o)
__aeabi_i2d                                       /usr/lib/gcc/arm-none-eabi/11.2.0/thumb/v7e-m+fp/hard/libgcc.a(_arm_addsubdf3.o)
__aeabi_idiv0                                     /usr/lib/gcc/arm-none-eabi/11.2.0/thumb/v7e-m+fp/hard/libgcc.a(_dvmd_tls.o)
__aeabi_l2d                                       /usr/lib/gcc/arm-none-eabi/11.2.0/thumb/v7e-m+fp/hard/libgcc.a(_arm_addsubdf3.o)
__aeabi_ldiv0                                     /usr/lib/gcc/arm-none-eabi/11.2.0/thumb/v7e-m+fp/hard/libgcc.a(_dvmd_tls.o)
                                                  /usr/lib/gcc/arm-none-eabi/11.2.0/thumb/v7e-m+fp/hard/libgcc.a(_aeabi_ldivmod.o)
__aeabi_ldivmod                                   /usr/lib/gcc/arm-none-eabi/11.2.0/thumb/v7e-m+fp/hard/libgcc.a(_aeabi_ldivmod.o)
                                                  /home/ismoil/projects/MCU/st7789/st7789_cmsis_black_pill/build/build-st7789_cmsis_black_pill-STM32F401-Debug/Debug_STM32F40_77c9d40222e7ab2c/firmware.9bcf18e4/08e960b27d56c69f/main.c.o
__aeabi_ui2d                                      /usr/lib/gcc/arm-none-eabi/11.2.0/thumb/v7e-m+fp/hard/libgcc.a(_arm_addsubdf3.o)
                                                  /usr/lib/gcc/arm-none-eabi/11.2.0/thumb/v7e-m+fp/hard/libgcc.a(_fixunssfdi.o)
__aeabi_ul2d                                      /usr/lib/gcc/arm-none-eabi/11.2.0/thumb/v7e-m+fp/hard/libgcc.a(_arm_addsubdf3.o)
__atexit_recursive_mutex                          /usr/lib/gcc/arm-none-eabi/11.2.0/../../../../arm-none-eabi/lib/thumb/v7e-m+fp/hard/libc.a(lib_a-__call_atexit.o)
                                                  /usr/lib/gcc/arm-none-eabi/11.2.0/../../../../arm-none-eabi/lib/thumb/v7e-m+fp/hard/libc.a(lib_a-__atexit.o)
__bss_end__                                       /usr/lib/gcc/arm-none-eabi/11.2.0/../../../../arm-none-eabi/lib/thumb/v7e-m+fp/hard/crt0.o
__bss_start__                                     /usr/lib/gcc/arm-none-eabi/11.2.0/../../../../arm-none-eabi/lib/thumb/v7e-m+fp/hard/crt0.o
__call_exitprocs                                  /usr/lib/gcc/arm-none-eabi/11.2.0/../../../../arm-none-eabi/lib/thumb/v7e-m+fp/hard/libc.a(lib_a-__call_atexit.o)
                                                  /usr/lib/gcc/arm-none-eabi/11.2.0/../../../../arm-none-eabi/lib/thumb/v7e-m+fp/hard/libc.a(lib_a-exit.o)
__deregister_frame_info                           /usr/lib/gcc/arm-none-eabi/11.2.0/thumb/v7e-m+fp/hard/crtbegin.o
__dso_handle                                      /usr/lib/gcc/arm-none-eabi/11.2.0/thumb/v7e-m+fp/hard/crtbegin.o
__extendsfdf2                                     /usr/lib/gcc/arm-none-eabi/11.2.0/thumb/v7e-m+fp/hard/libgcc.a(_arm_addsubdf3.o)
__fini_array_end                                  /usr/lib/gcc/arm-none-eabi/11.2.0/../../../../arm-none-eabi/lib/thumb/v7e-m+fp/hard/libc.a(lib_a-fini.o)
__fini_array_start                                /usr/lib/gcc/arm-none-eabi/11.2.0/../../../../arm-none-eabi/lib/thumb/v7e-m+fp/hard/libc.a(lib_a-fini.o)
__fixsfdi                                         /usr/lib/gcc/arm-none-eabi/11.2.0/thumb/v7e-m+fp/hard/libgcc.a(_fixsfdi.o)
__fixunsdfsi                                      /usr/lib/gcc/arm-none-eabi/11.2.0/thumb/v7e-m+fp/hard/libgcc.a(_arm_fixunsdfsi.o)
__fixunssfdi                                      /usr/lib/gcc/arm-none-eabi/11.2.0/thumb/v7e-m+fp/hard/libgcc.a(_fixunssfdi.o)
__floatdidf                                       /usr/lib/gcc/arm-none-eabi/11.2.0/thumb/v7e-m+fp/hard/libgcc.a(_arm_addsubdf3.o)
__floatsidf                                       /usr/lib/gcc/arm-none-eabi/11.2.0/thumb/v7e-m+fp/hard/libgcc.a(_arm_addsubdf3.o)
__floatundidf                                     /usr/lib/gcc/arm-none-eabi/11.2.0/thumb/v7e-m+fp/hard/libgcc.a(_arm_addsubdf3.o)
__floatunsidf                                     /usr/lib/gcc/arm-none-eabi/11.2.0/thumb/v7e-m+fp/hard/libgcc.a(_arm_addsubdf3.o)
__init_array_end                                  /usr/lib/gcc/arm-none-eabi/11.2.0/../../../../arm-none-eabi/lib/thumb/v7e-m+fp/hard/libc.a(lib_a-init.o)
__init_array_start                                /usr/lib/gcc/arm-none-eabi/11.2.0/../../../../arm-none-eabi/lib/thumb/v7e-m+fp/hard/libc.a(lib_a-init.o)
__itoa                                            /usr/lib/gcc/arm-none-eabi/11.2.0/../../../../arm-none-eabi/lib/thumb/v7e-m+fp/hard/libc_nano.a(lib_a-itoa.o)
__libc_fini                                       /usr/lib/gcc/arm-none-eabi/11.2.0/../../../../arm-none-eabi/lib/thumb/v7e-m+fp/hard/libc.a(lib_a-__call_atexit.o)
__libc_fini_array                                 /usr/lib/gcc/arm-none-eabi/11.2.0/../../../../arm-none-eabi/lib/thumb/v7e-m+fp/hard/libc.a(lib_a-fini.o)
                                                  /usr/lib/gcc/arm-none-eabi/11.2.0/../../../../arm-none-eabi/lib/thumb/v7e-m+fp/hard/libc.a(lib_a-__call_atexit.o)
                                                  /usr/lib/gcc/arm-none-eabi/11.2.0/../../../../arm-none-eabi/lib/thumb/v7e-m+fp/hard/crt0.o
__libc_init_array                                 /usr/lib/gcc/arm-none-eabi/11.2.0/../../../../arm-none-eabi/lib/thumb/v7e-m+fp/hard/libc.a(lib_a-init.o)
                                                  /home/ismoil/projects/MCU/st7789/st7789_cmsis_black_pill/build/build-st7789_cmsis_black_pill-STM32F401-Debug/Debug_STM32F40_77c9d40222e7ab2c/firmware.9bcf18e4/3a52ce780950d4d9/startup_stm32f401xc.s.o
                                                  /usr/lib/gcc/arm-none-eabi/11.2.0/../../../../arm-none-eabi/lib/thumb/v7e-m+fp/hard/crt0.o
__lock___arc4random_mutex                         /usr/lib/gcc/arm-none-eabi/11.2.0/../../../../arm-none-eabi/lib/thumb/v7e-m+fp/hard/libc.a(lib_a-lock.o)
__lock___at_quick_exit_mutex                      /usr/lib/gcc/arm-none-eabi/11.2.0/../../../../arm-none-eabi/lib/thumb/v7e-m+fp/hard/libc.a(lib_a-lock.o)
__lock___atexit_recursive_mutex                   /usr/lib/gcc/arm-none-eabi/11.2.0/../../../../arm-none-eabi/lib/thumb/v7e-m+fp/hard/libc.a(lib_a-lock.o)
                                                  /usr/lib/gcc/arm-none-eabi/11.2.0/../../../../arm-none-eabi/lib/thumb/v7e-m+fp/hard/libc.a(lib_a-__call_atexit.o)
__lock___dd_hash_mutex                            /usr/lib/gcc/arm-none-eabi/11.2.0/../../../../arm-none-eabi/lib/thumb/v7e-m+fp/hard/libc.a(lib_a-lock.o)
__lock___env_recursive_mutex                      /usr/lib/gcc/arm-none-eabi/11.2.0/../../../../arm-none-eabi/lib/thumb/v7e-m+fp/hard/libc.a(lib_a-lock.o)
__lock___malloc_recursive_mutex                   /usr/lib/gcc/arm-none-eabi/11.2.0/../../../../arm-none-eabi/lib/thumb/v7e-m+fp/hard/libc.a(lib_a-lock.o)
__lock___sfp_recursive_mutex                      /usr/lib/gcc/arm-none-eabi/11.2.0/../../../../arm-none-eabi/lib/thumb/v7e-m+fp/hard/libc.a(lib_a-lock.o)
__lock___sinit_recursive_mutex                    /usr/lib/gcc/arm-none-eabi/11.2.0/../../../../arm-none-eabi/lib/thumb/v7e-m+fp/hard/libc.a(lib_a-lock.o)
__lock___tz_mutex                                 /usr/lib/gcc/arm-none-eabi/11.2.0/../../../../arm-none-eabi/lib/thumb/v7e-m+fp/hard/libc.a(lib_a-lock.o)
__muldf3                                          /usr/lib/gcc/arm-none-eabi/11.2.0/thumb/v7e-m+fp/hard/libgcc.a(_arm_muldf3.o)
__preinit_array_end                               /usr/lib/gcc/arm-none-eabi/11.2.0/../../../../arm-none-eabi/lib/thumb/v7e-m+fp/hard/libc.a(lib_a-init.o)
__preinit_array_start                             /usr/lib/gcc/arm-none-eabi/11.2.0/../../../../arm-none-eabi/lib/thumb/v7e-m+fp/hard/libc.a(lib_a-init.o)
__register_exitproc                               /usr/lib/gcc/arm-none-eabi/11.2.0/../../../../arm-none-eabi/lib/thumb/v7e-m+fp/hard/libc.a(lib_a-__atexit.o)
                                                  /usr/lib/gcc/arm-none-eabi/11.2.0/../../../../arm-none-eabi/lib/thumb/v7e-m+fp/hard/libc.a(lib_a-atexit.o)
__register_frame_info                             /usr/lib/gcc/arm-none-eabi/11.2.0/thumb/v7e-m+fp/hard/crtbegin.o
__retarget_lock_acquire                           /usr/lib/gcc/arm-none-eabi/11.2.0/../../../../arm-none-eabi/lib/thumb/v7e-m+fp/hard/libc.a(lib_a-lock.o)
__retarget_lock_acquire_recursive                 /usr/lib/gcc/arm-none-eabi/11.2.0/../../../../arm-none-eabi/lib/thumb/v7e-m+fp/hard/libc.a(lib_a-lock.o)
                                                  /usr/lib/gcc/arm-none-eabi/11.2.0/../../../../arm-none-eabi/lib/thumb/v7e-m+fp/hard/libc.a(lib_a-__call_atexit.o)
                                                  /usr/lib/gcc/arm-none-eabi/11.2.0/../../../../arm-none-eabi/lib/thumb/v7e-m+fp/hard/libc.a(lib_a-__atexit.o)
__retarget_lock_close                             /usr/lib/gcc/arm-none-eabi/11.2.0/../../../../arm-none-eabi/lib/thumb/v7e-m+fp/hard/libc.a(lib_a-lock.o)
__retarget_lock_close_recursive                   /usr/lib/gcc/arm-none-eabi/11.2.0/../../../../arm-none-eabi/lib/thumb/v7e-m+fp/hard/libc.a(lib_a-lock.o)
__retarget_lock_init                              /usr/lib/gcc/arm-none-eabi/11.2.0/../../../../arm-none-eabi/lib/thumb/v7e-m+fp/hard/libc.a(lib_a-lock.o)
__retarget_lock_init_recursive                    /usr/lib/gcc/arm-none-eabi/11.2.0/../../../../arm-none-eabi/lib/thumb/v7e-m+fp/hard/libc.a(lib_a-lock.o)
__retarget_lock_release                           /usr/lib/gcc/arm-none-eabi/11.2.0/../../../../arm-none-eabi/lib/thumb/v7e-m+fp/hard/libc.a(lib_a-lock.o)
__retarget_lock_release_recursive                 /usr/lib/gcc/arm-none-eabi/11.2.0/../../../../arm-none-eabi/lib/thumb/v7e-m+fp/hard/libc.a(lib_a-lock.o)
                                                  /usr/lib/gcc/arm-none-eabi/11.2.0/../../../../arm-none-eabi/lib/thumb/v7e-m+fp/hard/libc.a(lib_a-__call_atexit.o)
                                                  /usr/lib/gcc/arm-none-eabi/11.2.0/../../../../arm-none-eabi/lib/thumb/v7e-m+fp/hard/libc.a(lib_a-__atexit.o)
__retarget_lock_try_acquire                       /usr/lib/gcc/arm-none-eabi/11.2.0/../../../../arm-none-eabi/lib/thumb/v7e-m+fp/hard/libc.a(lib_a-lock.o)
__retarget_lock_try_acquire_recursive             /usr/lib/gcc/arm-none-eabi/11.2.0/../../../../arm-none-eabi/lib/thumb/v7e-m+fp/hard/libc.a(lib_a-lock.o)
__stack                                           /usr/lib/gcc/arm-none-eabi/11.2.0/../../../../arm-none-eabi/lib/thumb/v7e-m+fp/hard/crt0.o
__subdf3                                          /usr/lib/gcc/arm-none-eabi/11.2.0/thumb/v7e-m+fp/hard/libgcc.a(_arm_addsubdf3.o)
__udivmoddi4                                      /usr/lib/gcc/arm-none-eabi/11.2.0/thumb/v7e-m+fp/hard/libgcc.a(_udivmoddi4.o)
                                                  /usr/lib/gcc/arm-none-eabi/11.2.0/thumb/v7e-m+fp/hard/libgcc.a(_aeabi_ldivmod.o)
__utoa                                            /usr/lib/gcc/arm-none-eabi/11.2.0/../../../../arm-none-eabi/lib/thumb/v7e-m+fp/hard/libc_nano.a(lib_a-utoa.o)
                                                  /usr/lib/gcc/arm-none-eabi/11.2.0/../../../../arm-none-eabi/lib/thumb/v7e-m+fp/hard/libc_nano.a(lib_a-itoa.o)
_ebss                                             /home/ismoil/projects/MCU/st7789/st7789_cmsis_black_pill/build/build-st7789_cmsis_black_pill-STM32F401-Debug/Debug_STM32F40_77c9d40222e7ab2c/firmware.9bcf18e4/3a52ce780950d4d9/startup_stm32f401xc.s.o
_edata                                            /home/ismoil/projects/MCU/st7789/st7789_cmsis_black_pill/build/build-st7789_cmsis_black_pill-STM32F401-Debug/Debug_STM32F40_77c9d40222e7ab2c/firmware.9bcf18e4/3a52ce780950d4d9/startup_stm32f401xc.s.o
_estack                                           /home/ismoil/projects/MCU/st7789/st7789_cmsis_black_pill/build/build-st7789_cmsis_black_pill-STM32F401-Debug/Debug_STM32F40_77c9d40222e7ab2c/firmware.9bcf18e4/3a52ce780950d4d9/startup_stm32f401xc.s.o
_exit                                             /usr/lib/gcc/arm-none-eabi/11.2.0/../../../../arm-none-eabi/lib/thumb/v7e-m+fp/hard/libnosys.a(_exit.o)
                                                  /usr/lib/gcc/arm-none-eabi/11.2.0/../../../../arm-none-eabi/lib/thumb/v7e-m+fp/hard/libc.a(lib_a-exit.o)
_fini                                             /usr/lib/gcc/arm-none-eabi/11.2.0/thumb/v7e-m+fp/hard/crti.o
                                                  /usr/lib/gcc/arm-none-eabi/11.2.0/../../../../arm-none-eabi/lib/thumb/v7e-m+fp/hard/libc.a(lib_a-fini.o)
_global_impure_ptr                                /usr/lib/gcc/arm-none-eabi/11.2.0/../../../../arm-none-eabi/lib/thumb/v7e-m+fp/hard/libc.a(lib_a-impure.o)
                                                  /usr/lib/gcc/arm-none-eabi/11.2.0/../../../../arm-none-eabi/lib/thumb/v7e-m+fp/hard/libc.a(lib_a-__call_atexit.o)
                                                  /usr/lib/gcc/arm-none-eabi/11.2.0/../../../../arm-none-eabi/lib/thumb/v7e-m+fp/hard/libc.a(lib_a-__atexit.o)
                                                  /usr/lib/gcc/arm-none-eabi/11.2.0/../../../../arm-none-eabi/lib/thumb/v7e-m+fp/hard/libc.a(lib_a-exit.o)
_impure_ptr                                       /usr/lib/gcc/arm-none-eabi/11.2.0/../../../../arm-none-eabi/lib/thumb/v7e-m+fp/hard/libc.a(lib_a-impure.o)
_init                                             /usr/lib/gcc/arm-none-eabi/11.2.0/thumb/v7e-m+fp/hard/crti.o
                                                  /usr/lib/gcc/arm-none-eabi/11.2.0/../../../../arm-none-eabi/lib/thumb/v7e-m+fp/hard/libc.a(lib_a-init.o)
_mainCRTStartup                                   /usr/lib/gcc/arm-none-eabi/11.2.0/../../../../arm-none-eabi/lib/thumb/v7e-m+fp/hard/crt0.o
_sbss                                             /home/ismoil/projects/MCU/st7789/st7789_cmsis_black_pill/build/build-st7789_cmsis_black_pill-STM32F401-Debug/Debug_STM32F40_77c9d40222e7ab2c/firmware.9bcf18e4/3a52ce780950d4d9/startup_stm32f401xc.s.o
_sdata                                            /home/ismoil/projects/MCU/st7789/st7789_cmsis_black_pill/build/build-st7789_cmsis_black_pill-STM32F401-Debug/Debug_STM32F40_77c9d40222e7ab2c/firmware.9bcf18e4/3a52ce780950d4d9/startup_stm32f401xc.s.o
_sidata                                           /home/ismoil/projects/MCU/st7789/st7789_cmsis_black_pill/build/build-st7789_cmsis_black_pill-STM32F401-Debug/Debug_STM32F40_77c9d40222e7ab2c/firmware.9bcf18e4/3a52ce780950d4d9/startup_stm32f401xc.s.o
_stack_init                                       /usr/lib/gcc/arm-none-eabi/11.2.0/../../../../arm-none-eabi/lib/thumb/v7e-m+fp/hard/crt0.o
_start                                            /usr/lib/gcc/arm-none-eabi/11.2.0/../../../../arm-none-eabi/lib/thumb/v7e-m+fp/hard/crt0.o
atexit                                            /usr/lib/gcc/arm-none-eabi/11.2.0/../../../../arm-none-eabi/lib/thumb/v7e-m+fp/hard/libc.a(lib_a-atexit.o)
                                                  /usr/lib/gcc/arm-none-eabi/11.2.0/../../../../arm-none-eabi/lib/thumb/v7e-m+fp/hard/libc.a(lib_a-__call_atexit.o)
                                                  /usr/lib/gcc/arm-none-eabi/11.2.0/../../../../arm-none-eabi/lib/thumb/v7e-m+fp/hard/crt0.o
delay_ms                                          /home/ismoil/projects/MCU/st7789/st7789_cmsis_black_pill/build/build-st7789_cmsis_black_pill-STM32F401-Debug/Debug_STM32F40_77c9d40222e7ab2c/firmware.9bcf18e4/08e960b27d56c69f/main.c.o
demoCheckboard                                    /home/ismoil/projects/MCU/st7789/st7789_cmsis_black_pill/build/build-st7789_cmsis_black_pill-STM32F401-Debug/Debug_STM32F40_77c9d40222e7ab2c/firmware.9bcf18e4/08e960b27d56c69f/main.c.o
demoCheckboardDisplay                             /home/ismoil/projects/MCU/st7789/st7789_cmsis_black_pill/build/build-st7789_cmsis_black_pill-STM32F401-Debug/Debug_STM32F40_77c9d40222e7ab2c/firmware.9bcf18e4/08e960b27d56c69f/main.c.o
demoCycleColors                                   /home/ismoil/projects/MCU/st7789/st7789_cmsis_black_pill/build/build-st7789_cmsis_black_pill-STM32F401-Debug/Debug_STM32F40_77c9d40222e7ab2c/firmware.9bcf18e4/08e960b27d56c69f/main.c.o
demoIcon                                          /home/ismoil/projects/MCU/st7789/st7789_cmsis_black_pill/build/build-st7789_cmsis_black_pill-STM32F401-Debug/Debug_STM32F40_77c9d40222e7ab2c/firmware.9bcf18e4/08e960b27d56c69f/main.c.o
demoMandelbrot                                    /home/ismoil/projects/MCU/st7789/st7789_cmsis_black_pill/build/build-st7789_cmsis_black_pill-STM32F401-Debug/Debug_STM32F40_77c9d40222e7ab2c/firmware.9bcf18e4/08e960b27d56c69f/main.c.o
demoMandelbrotCalculate                           /home/ismoil/projects/MCU/st7789/st7789_cmsis_black_pill/build/build-st7789_cmsis_black_pill-STM32F401-Debug/Debug_STM32F40_77c9d40222e7ab2c/firmware.9bcf18e4/08e960b27d56c69f/main.c.o
demoMandelbrotCalculateFast                       /home/ismoil/projects/MCU/st7789/st7789_cmsis_black_pill/build/build-st7789_cmsis_black_pill-STM32F401-Debug/Debug_STM32F40_77c9d40222e7ab2c/firmware.9bcf18e4/08e960b27d56c69f/main.c.o
demoMandelbrotDisplay                             /home/ismoil/projects/MCU/st7789/st7789_cmsis_black_pill/build/build-st7789_cmsis_black_pill-STM32F401-Debug/Debug_STM32F40_77c9d40222e7ab2c/firmware.9bcf18e4/08e960b27d56c69f/main.c.o
demoMandelbrotDisplayFast                         /home/ismoil/projects/MCU/st7789/st7789_cmsis_black_pill/build/build-st7789_cmsis_black_pill-STM32F401-Debug/Debug_STM32F40_77c9d40222e7ab2c/firmware.9bcf18e4/08e960b27d56c69f/main.c.o
demoPixmap                                        /home/ismoil/projects/MCU/st7789/st7789_cmsis_black_pill/build/build-st7789_cmsis_black_pill-STM32F401-Debug/Debug_STM32F40_77c9d40222e7ab2c/firmware.9bcf18e4/08e960b27d56c69f/main.c.o
exit                                              /usr/lib/gcc/arm-none-eabi/11.2.0/../../../../arm-none-eabi/lib/thumb/v7e-m+fp/hard/libc.a(lib_a-exit.o)
                                                  /usr/lib/gcc/arm-none-eabi/11.2.0/../../../../arm-none-eabi/lib/thumb/v7e-m+fp/hard/crt0.o
g_pfnVectors                                      /home/ismoil/projects/MCU/st7789/st7789_cmsis_black_pill/build/build-st7789_cmsis_black_pill-STM32F401-Debug/Debug_STM32F40_77c9d40222e7ab2c/firmware.9bcf18e4/3a52ce780950d4d9/startup_stm32f401xc.s.o
hardware_init_hook                                /usr/lib/gcc/arm-none-eabi/11.2.0/../../../../arm-none-eabi/lib/thumb/v7e-m+fp/hard/crt0.o
itoa                                              /usr/lib/gcc/arm-none-eabi/11.2.0/../../../../arm-none-eabi/lib/thumb/v7e-m+fp/hard/libc_nano.a(lib_a-itoa.o)
                                                  /home/ismoil/projects/MCU/st7789/st7789_cmsis_black_pill/build/build-st7789_cmsis_black_pill-STM32F401-Debug/Debug_STM32F40_77c9d40222e7ab2c/firmware.9bcf18e4/08e960b27d56c69f/main.c.o
main                                              /home/ismoil/projects/MCU/st7789/st7789_cmsis_black_pill/build/build-st7789_cmsis_black_pill-STM32F401-Debug/Debug_STM32F40_77c9d40222e7ab2c/firmware.9bcf18e4/08e960b27d56c69f/main.c.o
                                                  /home/ismoil/projects/MCU/st7789/st7789_cmsis_black_pill/build/build-st7789_cmsis_black_pill-STM32F401-Debug/Debug_STM32F40_77c9d40222e7ab2c/firmware.9bcf18e4/3a52ce780950d4d9/startup_stm32f401xc.s.o
                                                  /usr/lib/gcc/arm-none-eabi/11.2.0/../../../../arm-none-eabi/lib/thumb/v7e-m+fp/hard/crt0.o
memset                                            /usr/lib/gcc/arm-none-eabi/11.2.0/../../../../arm-none-eabi/lib/thumb/v7e-m+fp/hard/libc.a(lib_a-memset.o)
                                                  /usr/lib/gcc/arm-none-eabi/11.2.0/../../../../arm-none-eabi/lib/thumb/v7e-m+fp/hard/crt0.o
setupTimer                                        /home/ismoil/projects/MCU/st7789/st7789_cmsis_black_pill/build/build-st7789_cmsis_black_pill-STM32F401-Debug/Debug_STM32F40_77c9d40222e7ab2c/firmware.9bcf18e4/08e960b27d56c69f/main.c.o
software_init_hook                                /usr/lib/gcc/arm-none-eabi/11.2.0/../../../../arm-none-eabi/lib/thumb/v7e-m+fp/hard/crt0.o
st7789_Clear                                      /home/ismoil/projects/MCU/st7789/st7789_cmsis_black_pill/build/build-st7789_cmsis_black_pill-STM32F401-Debug/Debug_STM32F40_77c9d40222e7ab2c/firmware.9bcf18e4/08e960b27d56c69f/st7789.c.o
                                                  /home/ismoil/projects/MCU/st7789/st7789_cmsis_black_pill/build/build-st7789_cmsis_black_pill-STM32F401-Debug/Debug_STM32F40_77c9d40222e7ab2c/firmware.9bcf18e4/08e960b27d56c69f/main.c.o
st7789_FillArea                                   /home/ismoil/projects/MCU/st7789/st7789_cmsis_black_pill/build/build-st7789_cmsis_black_pill-STM32F401-Debug/Debug_STM32F40_77c9d40222e7ab2c/firmware.9bcf18e4/08e960b27d56c69f/st7789.c.o
st7789_GPIOInit                                   /home/ismoil/projects/MCU/st7789/st7789_cmsis_black_pill/build/build-st7789_cmsis_black_pill-STM32F401-Debug/Debug_STM32F40_77c9d40222e7ab2c/firmware.9bcf18e4/08e960b27d56c69f/main.c.o
st7789_Init_1_3_LCD                               /home/ismoil/projects/MCU/st7789/st7789_cmsis_black_pill/build/build-st7789_cmsis_black_pill-STM32F401-Debug/Debug_STM32F40_77c9d40222e7ab2c/firmware.9bcf18e4/08e960b27d56c69f/st7789.c.o
                                                  /home/ismoil/projects/MCU/st7789/st7789_cmsis_black_pill/build/build-st7789_cmsis_black_pill-STM32F401-Debug/Debug_STM32F40_77c9d40222e7ab2c/firmware.9bcf18e4/08e960b27d56c69f/main.c.o
st7789_RGBToColor                                 /home/ismoil/projects/MCU/st7789/st7789_cmsis_black_pill/build/build-st7789_cmsis_black_pill-STM32F401-Debug/Debug_STM32F40_77c9d40222e7ab2c/firmware.9bcf18e4/08e960b27d56c69f/st7789.c.o